Computing main repo mapping: 
Loading: 
Loading: 0 packages loaded
Analyzing: target //projects/batfish/src/test/java/org/batfish/grammar/palo_alto:tests (0 packages loaded, 0 targets configured)
Analyzing: target //projects/batfish/src/test/java/org/batfish/grammar/palo_alto:tests (0 packages loaded, 0 targets configured)

INFO: Analyzed target //projects/batfish/src/test/java/org/batfish/grammar/palo_alto:tests (0 packages loaded, 0 targets configured).
[1 / 2] 1 / 1 tests; Testing //projects/batfish/src/test/java/org/batfish/grammar/palo_alto:tests; 1s darwin-sandbox
INFO: From Testing //projects/batfish/src/test/java/org/batfish/grammar/palo_alto:tests:
==================== Test output for //projects/batfish/src/test/java/org/batfish/grammar/palo_alto:tests:
JUnit4 Test Runner
.Tree: (palo_alto_configuration (set_line set (set_line_tail (set_line_config_devices (statement_config_devices (s_user_id_collector user-id-collector (s_user_id_collector_setting setting (suc_enable_mapping_timeout enable-mapping-timeout (yes_or_no yes))))))) \n) (set_line set (set_line_tail (set_line_config_devices (statement_config_devices (s_user_id_collector user-id-collector (s_user_id_collector_setting setting (suc_ip_user_mapping_timeout ip-user-mapping-timeout (uint32 45))))))) \n) <EOF>)
.TOKEN: [@0,0:2='set',<5>,1:0] TYPE: SET
TOKEN: [@1,3:3=' ',<520>,channel=1,1:3] TYPE: WS
TOKEN: [@2,4:9='config',<104>,1:4] TYPE: CONFIG
TOKEN: [@3,10:10=' ',<520>,channel=1,1:10] TYPE: WS
TOKEN: [@4,11:17='devices',<132>,1:11] TYPE: DEVICES
TOKEN: [@5,18:18=' ',<520>,channel=1,1:18] TYPE: WS
TOKEN: [@6,19:39='localhost.localdomain',<519>,1:19] TYPE: VARIABLE
TOKEN: [@7,40:40=' ',<520>,channel=1,1:40] TYPE: WS
TOKEN: [@8,41:44='vsys',<490>,1:41] TYPE: VSYS
TOKEN: [@9,45:45=' ',<520>,channel=1,1:45] TYPE: WS
TOKEN: [@10,46:50='vsys1',<518>,1:46] TYPE: WORD
TOKEN: [@11,51:51=' ',<520>,channel=1,1:51] TYPE: WS
TOKEN: [@12,52:59='rulebase',<396>,1:52] TYPE: RULEBASE
TOKEN: [@13,60:60=' ',<520>,channel=1,1:60] TYPE: WS
TOKEN: [@14,61:68='security',<402>,1:61] TYPE: SECURITY
TOKEN: [@15,69:69=' ',<520>,channel=1,1:69] TYPE: WS
TOKEN: [@16,70:74='rules',<397>,1:70] TYPE: RULES
TOKEN: [@17,75:75=' ',<520>,channel=1,1:75] TYPE: WS
TOKEN: [@18,76:84='Test-Rule',<519>,1:76] TYPE: VARIABLE
TOKEN: [@19,85:85=' ',<520>,channel=1,1:85] TYPE: WS
TOKEN: [@20,86:121='00000000-0000-0000-0000-000000000000',<496>,1:86] TYPE: UUID
TOKEN: [@21,122:122=' ',<520>,channel=1,1:122] TYPE: WS
TOKEN: [@22,123:124='to',<447>,1:123] TYPE: TO
TOKEN: [@23,125:125=' ',<520>,channel=1,1:125] TYPE: WS
TOKEN: [@24,126:133='Internal',<518>,1:126] TYPE: WORD
TOKEN: [@25,134:134='\n',<513>,1:134] TYPE: NEWLINE
TOKEN: [@26,135:134='<EOF>',<-1>,2:0] TYPE: EOF
Tree: (palo_alto_configuration (set_line set (set_line_tail (set_line_config_devices config devices (variable localhost.localdomain) (statement_config_devices (s_vsys vsys (s_vsys_definition (variable vsys1) (s_rulebase rulebase (rulebase_inner (sr_security security (sr_security_rules rules (srs_definition (variable Test-Rule) (srs_uuid_null 00000000-0000-0000-0000-000000000000) (srs_to to (variable_list (variable_list_item Internal))))))))))))) \n) <EOF>)
.Tree (User-Example-2): (palo_alto_configuration (set_line set (set_line_tail (set_line_config_devices (statement_config_devices (s_deviceconfig deviceconfig (sd_system system (sds_null type (null_rest_of_line static))))))) \n) (set_line set (set_line_tail (set_line_config_devices (statement_config_devices (s_deviceconfig deviceconfig (sd_system system (sds_null update-server (null_rest_of_line updates.paloaltonetworks.com))))))) \n) (set_line set (set_line_tail (set_line_config_devices (statement_config_devices (s_deviceconfig deviceconfig (sd_system system (sds_null update-schedule null_rest_of_line)))))) \n) (set_line set (set_line_tail (set_line_config_devices (statement_config_devices (s_deviceconfig deviceconfig (sd_system system (sds_null timezone (null_rest_of_line US/Pacific))))))) \n) (set_line set (set_line_tail (set_line_config_devices (statement_config_devices (s_deviceconfig deviceconfig (sd_system system (sds_null service (null_rest_of_line disable-telnet yes))))))) \n) (set_line set (set_line_tail (set_line_config_devices (statement_config_devices (s_deviceconfig deviceconfig (sd_system system (sds_null service (null_rest_of_line disable-http yes))))))) \n) (set_line set (set_line_tail (set_line_config_devices (statement_config_devices (s_deviceconfig deviceconfig (sd_system system (sds_hostname hostname (variable PA-VM))))))) \n) (set_line set (set_line_tail (set_line_config_devices (statement_config_devices (s_deviceconfig deviceconfig (sd_system system (sds_ip_address ip-address (ip_address 192.168.1.103))))))) \n) (set_line set (set_line_tail (set_line_config_devices (statement_config_devices (s_deviceconfig deviceconfig (sd_system system (sds_netmask netmask (ip_address 255.255.255.0))))))) \n) (set_line set (set_line_tail (set_line_config_devices (statement_config_devices (s_deviceconfig deviceconfig (sd_system system (sds_default_gateway default-gateway (ip_address 192.168.1.254))))))) \n) (set_line set (set_line_tail (set_line_config_devices (statement_config_devices (s_deviceconfig deviceconfig (sd_system system (sds_dns_setting dns-setting (sdsd_servers servers primary (ip_address 8.8.8.8)))))))) \n) (set_line set (set_line_tail (set_line_config_devices (statement_config_devices (s_deviceconfig deviceconfig (sd_system system (sds_ntp_servers ntp-servers primary-ntp-server (sdsn_ntp_server_address ntp-server-address (variable us.pool.ntp.org)))))))) \n) (set_line set (set_line_tail (set_line_config_devices (statement_config_devices (s_deviceconfig deviceconfig (sd_system system (sds_ntp_servers ntp-servers primary-ntp-server (sdsn_authentication_type authentication-type none))))))) \n) (set_line set (set_line_tail (set_line_config_devices (statement_config_devices (s_deviceconfig deviceconfig (sd_system system (sds_ntp_servers ntp-servers secondary-ntp-server (sdsn_ntp_server_address ntp-server-address (variable north-america.pool.ntp.org)))))))) \n) (set_line set (set_line_tail (set_line_config_devices (statement_config_devices (s_deviceconfig deviceconfig (sd_system system (sds_ntp_servers ntp-servers secondary-ntp-server (sdsn_authentication_type authentication-type none))))))) \n) (set_line set (set_line_tail (set_line_config_devices (statement_config_devices (s_deviceconfig deviceconfig (sd_null setting (null_rest_of_line config rematch yes)))))) \n) (set_line set (set_line_tail (set_line_config_devices (statement_config_devices (s_deviceconfig deviceconfig (sd_null setting (null_rest_of_line management hostname-type-in-syslog FQDN)))))) \n) (set_line set (set_line_tail (set_line_config_devices (statement_config_devices (s_deviceconfig deviceconfig (sd_null setting (null_rest_of_line management disable-predefined-reports [ spyware-infected-hosts top-application-categories top-technology-categories bandwidth-trend risk-trend threat-trend top-users top-attacker-sources top-attacker-destinations top-victim-sources top-victim-destinations top-attackers-by-source-countries top-attackers-by-destination-countries top-victims-by-source-countries top-victims-by-destination-countries top-sources top-destinations top-destination-countries top-source-countries top-connections top-ingress-interfaces top-egress-interfaces top-ingress-zones top-egress-zones top-applications top-http-applications top-rules top-attacks top-spyware-threats top-viruses top-vulnerabilities wildfire-file-digests top-websites top-url-categories top-url-users top-url-user-behavior top-blocked-websites top-blocked-url-categories top-blocked-url-users top-blocked-url-user-behavior blocked-credential-post unknown-tcp-connections unknown-udp-connections top-denied-sources top-denied-destinations top-denied-applications risky-users "SaaS Application Usage" gtp-events-summary gtp-malicious-wildfire-submissions gtp-security-events gtp-v1-causes gtp-v2-causes gtp-users-visiting-malicious-url top-gtp-attacker-destinations top-gtp-attacker-sources top-gtp-victim-destinations top-gtp-victim-sources sctp-error-causes sctp-events-summary sctp-security-events ])))))) \n) (set_line set (set_line_tail (set_line_config_devices (statement_config_devices (s_deviceconfig deviceconfig (sd_null setting (null_rest_of_line auto-mac-detect yes)))))) \n) (set_line set (set_line_tail (set_line_config_devices (statement_config_devices (s_network network (sn_interface interface (sni_ethernet ethernet (sni_ethernet_definition (variable ethernet1/1) (snie_virtual_wire virtual-wire)))))))) \n) (set_line set (set_line_tail (set_line_config_devices (statement_config_devices (s_network network (sn_interface interface (sni_ethernet ethernet (sni_ethernet_definition (variable ethernet1/2) (snie_virtual_wire virtual-wire)))))))) \n) (set_line set (set_line_tail (set_line_config_devices (statement_config_devices (s_network network (sn_profiles profiles (null_rest_of_line monitor-profile default interval 3)))))) \n) (set_line set (set_line_tail (set_line_config_devices (statement_config_devices (s_network network (sn_profiles profiles (null_rest_of_line monitor-profile default threshold 5)))))) \n) (set_line set (set_line_tail (set_line_config_devices (statement_config_devices (s_network network (sn_profiles profiles (null_rest_of_line monitor-profile default action wait-recover)))))) \n) (set_line set (set_line_tail (set_line_config_devices (statement_config_devices (s_network network (sn_ike ike (sn_ike_crypto_profiles crypto-profiles (snicp_ike_crypto_profiles ike-crypto-profiles (variable default) (cp_encryption encryption [ (cp_encryption_algo aes-128-cbc) (cp_encryption_algo 3des) ])))))))) \n) (set_line set (set_line_tail (set_line_config_devices (statement_config_devices (s_network network (sn_ike ike (sn_ike_crypto_profiles crypto-profiles (snicp_ike_crypto_profiles ike-crypto-profiles (variable default) (cp_hash hash sha1)))))))) \n) (set_line set (set_line_tail (set_line_config_devices (statement_config_devices (s_network network (sn_ike ike (sn_ike_crypto_profiles crypto-profiles (snicp_ike_crypto_profiles ike-crypto-profiles (variable default) (cp_dh_group dh-group group2)))))))) \n) (set_line set (set_line_tail (set_line_config_devices (statement_config_devices (s_network network (sn_ike ike (sn_ike_crypto_profiles crypto-profiles (snicp_ike_crypto_profiles ike-crypto-profiles (variable default) (cp_lifetime lifetime hours (uint16 8))))))))) \n) (set_line set (set_line_tail (set_line_config_devices (statement_config_devices (s_network network (sn_ike ike (sn_ike_crypto_profiles crypto-profiles (snicp_ike_crypto_profiles ike-crypto-profiles (variable Suite-B-GCM-128) (cp_encryption encryption (cp_encryption_algo aes-128-cbc))))))))) \n) (set_line set (set_line_tail (set_line_config_devices (statement_config_devices (s_network network (sn_ike ike (sn_ike_crypto_profiles crypto-profiles (snicp_ike_crypto_profiles ike-crypto-profiles (variable Suite-B-GCM-128) (cp_hash hash sha256)))))))) \n) (set_line set (set_line_tail (set_line_config_devices (statement_config_devices (s_network network (sn_ike ike (sn_ike_crypto_profiles crypto-profiles (snicp_ike_crypto_profiles ike-crypto-profiles (variable Suite-B-GCM-128) (cp_dh_group dh-group group19)))))))) \n) (set_line set (set_line_tail (set_line_config_devices (statement_config_devices (s_network network (sn_ike ike (sn_ike_crypto_profiles crypto-profiles (snicp_ike_crypto_profiles ike-crypto-profiles (variable Suite-B-GCM-128) (cp_lifetime lifetime hours (uint16 8))))))))) \n) (set_line set (set_line_tail (set_line_config_devices (statement_config_devices (s_network network (sn_ike ike (sn_ike_crypto_profiles crypto-profiles (snicp_ike_crypto_profiles ike-crypto-profiles (variable Suite-B-GCM-256) (cp_encryption encryption (cp_encryption_algo aes-256-cbc))))))))) \n) (set_line set (set_line_tail (set_line_config_devices (statement_config_devices (s_network network (sn_ike ike (sn_ike_crypto_profiles crypto-profiles (snicp_ike_crypto_profiles ike-crypto-profiles (variable Suite-B-GCM-256) (cp_hash hash sha384)))))))) \n) (set_line set (set_line_tail (set_line_config_devices (statement_config_devices (s_network network (sn_ike ike (sn_ike_crypto_profiles crypto-profiles (snicp_ike_crypto_profiles ike-crypto-profiles (variable Suite-B-GCM-256) (cp_dh_group dh-group group20)))))))) \n) (set_line set (set_line_tail (set_line_config_devices (statement_config_devices (s_network network (sn_ike ike (sn_ike_crypto_profiles crypto-profiles (snicp_ike_crypto_profiles ike-crypto-profiles (variable Suite-B-GCM-256) (cp_lifetime lifetime hours (uint16 8))))))))) \n) (set_line set (set_line_tail (set_line_config_devices (statement_config_devices (s_network network (sn_ike ike (sn_ike_crypto_profiles crypto-profiles (snicp_ipsec_crypto_profiles ipsec-crypto-profiles (variable default) esp (cp_encryption encryption [ (cp_encryption_algo aes-128-cbc) (cp_encryption_algo 3des) ])))))))) \n) (set_line set (set_line_tail (set_line_config_devices (statement_config_devices (s_network network (sn_ike ike (sn_ike_crypto_profiles crypto-profiles (snicp_ipsec_crypto_profiles ipsec-crypto-profiles (variable default) esp (cp_authentication authentication sha1)))))))) \n) (set_line set (set_line_tail (set_line_config_devices (statement_config_devices (s_network network (sn_ike ike (sn_ike_crypto_profiles crypto-profiles (snicp_ipsec_crypto_profiles ipsec-crypto-profiles (variable default) (cp_dh_group dh-group group2)))))))) \n) (set_line set (set_line_tail (set_line_config_devices (statement_config_devices (s_network network (sn_ike ike (sn_ike_crypto_profiles crypto-profiles (snicp_ipsec_crypto_profiles ipsec-crypto-profiles (variable default) (cp_lifetime lifetime hours (uint16 1))))))))) \n) (set_line set (set_line_tail (set_line_config_devices (statement_config_devices (s_network network (sn_ike ike (sn_ike_crypto_profiles crypto-profiles (snicp_ipsec_crypto_profiles ipsec-crypto-profiles (variable Suite-B-GCM-128) esp (cp_encryption encryption (cp_encryption_algo aes-128-gcm))))))))) \n) (set_line set (set_line_tail (set_line_config_devices (statement_config_devices (s_network network (sn_ike ike (sn_ike_crypto_profiles crypto-profiles (snicp_ipsec_crypto_profiles ipsec-crypto-profiles (variable Suite-B-GCM-128) esp (cp_authentication authentication none)))))))) \n) (set_line set (set_line_tail (set_line_config_devices (statement_config_devices (s_network network (sn_ike ike (sn_ike_crypto_profiles crypto-profiles (snicp_ipsec_crypto_profiles ipsec-crypto-profiles (variable Suite-B-GCM-128) (cp_dh_group dh-group group19)))))))) \n) (set_line set (set_line_tail (set_line_config_devices (statement_config_devices (s_network network (sn_ike ike (sn_ike_crypto_profiles crypto-profiles (snicp_ipsec_crypto_profiles ipsec-crypto-profiles (variable Suite-B-GCM-128) (cp_lifetime lifetime hours (uint16 1))))))))) \n) (set_line set (set_line_tail (set_line_config_devices (statement_config_devices (s_network network (sn_ike ike (sn_ike_crypto_profiles crypto-profiles (snicp_ipsec_crypto_profiles ipsec-crypto-profiles (variable Suite-B-GCM-256) esp (cp_encryption encryption (cp_encryption_algo aes-256-gcm))))))))) \n) (set_line set (set_line_tail (set_line_config_devices (statement_config_devices (s_network network (sn_ike ike (sn_ike_crypto_profiles crypto-profiles (snicp_ipsec_crypto_profiles ipsec-crypto-profiles (variable Suite-B-GCM-256) esp (cp_authentication authentication none)))))))) \n) (set_line set (set_line_tail (set_line_config_devices (statement_config_devices (s_network network (sn_ike ike (sn_ike_crypto_profiles crypto-profiles (snicp_ipsec_crypto_profiles ipsec-crypto-profiles (variable Suite-B-GCM-256) (cp_dh_group dh-group group20)))))))) \n) (set_line set (set_line_tail (set_line_config_devices (statement_config_devices (s_network network (sn_ike ike (sn_ike_crypto_profiles crypto-profiles (snicp_ipsec_crypto_profiles ipsec-crypto-profiles (variable Suite-B-GCM-256) (cp_lifetime lifetime hours (uint16 1))))))))) \n) (set_line set (set_line_tail (set_line_config_devices (statement_config_devices (s_network network (sn_ike ike (sn_ike_crypto_profiles crypto-profiles (snicp_global_protect global-protect-app-crypto-profiles (variable default) (cp_encryption encryption (cp_encryption_algo aes-128-cbc))))))))) \n) (set_line set (set_line_tail (set_line_config_devices (statement_config_devices (s_network network (sn_ike ike (sn_ike_crypto_profiles crypto-profiles (snicp_global_protect global-protect-app-crypto-profiles (variable default) (cp_authentication authentication sha1)))))))) \n) (set_line set (set_line_tail (set_line_config_devices (statement_config_devices (s_network network (sn_qos qos (null_rest_of_line profile default class-bandwidth-type mbps class class1 priority real-time)))))) \n) (set_line set (set_line_tail (set_line_config_devices (statement_config_devices (s_network network (sn_qos qos (null_rest_of_line profile default class-bandwidth-type mbps class class2 priority high)))))) \n) (set_line set (set_line_tail (set_line_config_devices (statement_config_devices (s_network network (sn_qos qos (null_rest_of_line profile default class-bandwidth-type mbps class class3 priority high)))))) \n) (set_line set (set_line_tail (set_line_config_devices (statement_config_devices (s_network network (sn_qos qos (null_rest_of_line profile default class-bandwidth-type mbps class class4 priority medium)))))) \n) (set_line set (set_line_tail (set_line_config_devices (statement_config_devices (s_network network (sn_qos qos (null_rest_of_line profile default class-bandwidth-type mbps class class5 priority medium)))))) \n) (set_line set (set_line_tail (set_line_config_devices (statement_config_devices (s_network network (sn_qos qos (null_rest_of_line profile default class-bandwidth-type mbps class class6 priority low)))))) \n) (set_line set (set_line_tail (set_line_config_devices (statement_config_devices (s_network network (sn_qos qos (null_rest_of_line profile default class-bandwidth-type mbps class class7 priority low)))))) \n) (set_line set (set_line_tail (set_line_config_devices (statement_config_devices (s_network network (sn_qos qos (null_rest_of_line profile default class-bandwidth-type mbps class class8 priority low)))))) \n) (set_line set (set_line_tail (set_line_config_devices (statement_config_devices (s_network network (sn_virtual_router virtual-router (vr_definition (variable default) (vr_protocol protocol (vrp_bgp bgp (bgp_enable enable (yes_or_no no)))))))))) \n) (set_line set (set_line_tail (set_line_config_devices (statement_config_devices (s_network network (sn_virtual_router virtual-router (vr_definition (variable default) (vr_protocol protocol (vrp_bgp bgp (bgp_null dampening-profile (variable default) (bgpnd_cutoff cutoff (variable 1.25))))))))))) \n) (set_line set (set_line_tail (set_line_config_devices (statement_config_devices (s_network network (sn_virtual_router virtual-router (vr_definition (variable default) (vr_protocol protocol (vrp_bgp bgp (bgp_null dampening-profile (variable default) (bgpnd_reuse reuse (variable 0.5))))))))))) \n) (set_line set (set_line_tail (set_line_config_devices (statement_config_devices (s_network network (sn_virtual_router virtual-router (vr_definition (variable default) (vr_protocol protocol (vrp_bgp bgp (bgp_null dampening-profile (variable default) (bgpnd_max_hold_time max-hold-time (variable 900))))))))))) \n) (set_line set (set_line_tail (set_line_config_devices (statement_config_devices (s_network network (sn_virtual_router virtual-router (vr_definition (variable default) (vr_protocol protocol (vrp_bgp bgp (bgp_null dampening-profile (variable default) (bgpnd_decay_half_life_reachable decay-half-life-reachable (variable 300))))))))))) \n) (set_line set (set_line_tail (set_line_config_devices (statement_config_devices (s_network network (sn_virtual_router virtual-router (vr_definition (variable default) (vr_protocol protocol (vrp_bgp bgp (bgp_null dampening-profile (variable default) (bgpnd_decay_half_life_unreachable decay-half-life-unreachable (variable 900))))))))))) \n) (set_line set (set_line_tail (set_line_config_devices (statement_config_devices (s_network network (sn_virtual_router virtual-router (vr_definition (variable default) (vr_protocol protocol (vrp_bgp bgp (bgp_null dampening-profile (variable default) (bgpnd_enable enable (yes_or_no yes))))))))))) \n) (set_line set (set_line_tail (set_line_config_devices (statement_config_devices (s_network network (sn_virtual_wire virtual-wire (variable default-vwire) (snvw_interface1 interface1 (variable ethernet1/1))))))) \n) (set_line set (set_line_tail (set_line_config_devices (statement_config_devices (s_network network (sn_virtual_wire virtual-wire (variable default-vwire) (snvw_interface2 interface2 (variable ethernet1/2))))))) \n) (set_line set (set_line_tail (set_line_config_general (statement_config_general (s_shared shared (ss_common (s_application application)))))) \n) (set_line set (set_line_tail (set_line_config_general (statement_config_general (s_shared shared (ss_common (s_application_group application-group)))))) \n) (set_line set (set_line_tail (set_line_config_general (statement_config_general (s_shared shared (ss_common (s_service service)))))) \n) (set_line set (set_line_tail (set_line_config_general (statement_config_general (s_shared shared (ss_common (s_service_group service-group)))))) \n) (set_line set (set_line_tail (set_line_config_general (statement_config_general (s_shared shared (ss_common (ss_null botnet null_rest_of_line)))))) \n) (set_line set (set_line_tail (set_line_config_general (statement_config_general (s_shared shared (ss_common (ss_null botnet null_rest_of_line)))))) \n) (set_line set (set_line_tail (set_line_config_general (statement_config_general (s_shared shared (ss_common (ss_null botnet null_rest_of_line)))))) \n) (set_line set (set_line_tail (set_line_config_general (statement_config_general (s_shared shared (ss_common (ss_null botnet null_rest_of_line)))))) \n) (set_line set (set_line_tail (set_line_config_general (statement_config_general (s_shared shared (ss_common (ss_null botnet null_rest_of_line)))))) \n) (set_line set (set_line_tail (set_line_config_general (statement_config_general (s_shared shared (ss_common (ss_null botnet null_rest_of_line)))))) \n) (set_line set (set_line_tail (set_line_config_general (statement_config_general (s_shared shared (ss_common (ss_null botnet null_rest_of_line)))))) \n) (set_line set (set_line_tail (set_line_config_general (statement_config_general (s_shared shared (ss_common (ss_null botnet null_rest_of_line)))))) \n) (set_line set (set_line_tail (set_line_config_general (statement_config_general (s_shared shared (ss_common (ss_null botnet null_rest_of_line)))))) \n) (set_line set (set_line_tail (set_line_config_general (statement_config_general (s_shared shared (ss_common (ss_null botnet null_rest_of_line)))))) \n) (set_line set (set_line_tail (set_line_config_general (statement_config_general (s_shared shared (ss_common (ss_null botnet null_rest_of_line)))))) \n) (set_line set (set_line_tail (set_line_config_general (statement_config_general (s_shared shared (ss_common (ss_null botnet null_rest_of_line)))))) \n) (set_line set (set_line_tail (set_line_config_general (statement_config_general (s_shared shared (ss_common (ss_null botnet null_rest_of_line)))))) \n) (set_line set (set_line_tail (set_line_config_general (statement_config_general (s_shared shared (ss_common (ss_null botnet null_rest_of_line)))))) \n) (set_line set (set_line_tail (set_line_config_general (statement_config_general (s_shared shared (ss_common (ss_null botnet null_rest_of_line)))))) \n) (set_line set (set_line_tail (set_line_config_general (statement_config_general (s_shared shared (ss_common (ss_null botnet null_rest_of_line)))))) \n) (set_line set (set_line_tail (set_line_config_general (statement_config_general (s_shared shared (ss_common (ss_null botnet null_rest_of_line)))))) \n) (set_line set (set_line_tail (set_line_config_general (statement_config_general (s_shared shared (ss_common (ss_null botnet null_rest_of_line)))))) \n) (set_line set (set_line_tail (set_line_config_general (statement_config_general (s_shared shared (ss_common (ss_null botnet null_rest_of_line)))))) \n) (set_line set (set_line_tail (set_line_config_general (statement_config_general (s_shared shared (ss_common (ss_null botnet null_rest_of_line)))))) \n) (set_line set (set_line_tail (set_line_config_general (statement_config_general (s_shared shared (ss_common (ss_null botnet null_rest_of_line)))))) \n) (set_line set (set_line_tail (set_line_config_general (statement_config_general (s_shared shared (ss_common (ss_null content-preview (null_rest_of_line application))))))) \n) (set_line set (set_line_tail (set_line_config_general (statement_config_general (s_shared shared (ss_common (ss_null content-preview (null_rest_of_line application-type category))))))) \n) (set_line set (set_line_tail (set_line_config_general (statement_config_general (s_shared shared (ss_common (ss_null content-preview (null_rest_of_line application-type technology))))))) \n) (set_line set (set_line_tail (set_line_config_general (statement_config_general (s_shared shared (ss_common (s_local_user_database local-user-database (variable user-group))))))) \n) (set_line set (set_line_tail (set_line_config_devices (statement_config_devices (s_zone zone (s_zone_definition (variable trust) (sz_network network (szn_virtual_wire virtual-wire (variable_list (variable_list_item ethernet1/2))))))))) \n) (set_line set (set_line_tail (set_line_config_devices (statement_config_devices (s_zone zone (s_zone_definition (variable untrust) (sz_network network (szn_virtual_wire virtual-wire (variable_list (variable_list_item ethernet1/1))))))))) \n) (set_line set (set_line_tail (set_line_config_devices (statement_config_devices (s_user_id_collector user-id-collector (s_user_id_collector_setting setting (suc_enable_mapping_timeout enable-mapping-timeout (yes_or_no yes))))))) \n) (set_line set (set_line_tail (set_line_config_devices (statement_config_devices (s_user_id_collector user-id-collector (s_user_id_collector_setting setting (suc_ip_user_mapping_timeout ip-user-mapping-timeout (uint32 45))))))) \n) (set_line set (set_line_tail (set_line_config_devices (statement_config_devices (s_service_group service-group)))) \n) (set_line set (set_line_tail (set_line_config_devices (statement_config_devices (s_service service)))) \n) (set_line set (set_line_tail (set_line_config_devices (statement_config_devices (s_null schedule null_rest_of_line)))) \n) (set_line set (set_line_tail (set_line_config_devices (statement_config_devices (s_rulebase rulebase (rulebase_inner (sr_security security (sr_security_rules rules (srs_definition (variable rule2) (srs_to to (variable_list (variable_list_item untrust))))))))))) \n) (set_line set (set_line_tail (set_line_config_devices (statement_config_devices (s_rulebase rulebase (rulebase_inner (sr_security security (sr_security_rules rules (srs_definition (variable rule2) (srs_from from (variable_list (variable_list_item trust))))))))))) \n) (set_line set (set_line_tail (set_line_config_devices (statement_config_devices (s_rulebase rulebase (rulebase_inner (sr_security security (sr_security_rules rules (srs_definition (variable rule2) (srs_source source (src_or_dst_list (src_or_dst_list_item any))))))))))) \n) (set_line set (set_line_tail (set_line_config_devices (statement_config_devices (s_rulebase rulebase (rulebase_inner (sr_security security (sr_security_rules rules (srs_definition (variable rule2) (srs_source_user source-user any))))))))) \n) (set_line set (set_line_tail (set_line_config_devices (statement_config_devices (s_rulebase rulebase (rulebase_inner (sr_security security (sr_security_rules rules (srs_definition (variable rule2) (srs_category category (variable_list (variable_list_item any))))))))))) \n) (set_line set (set_line_tail (set_line_config_devices (statement_config_devices (s_rulebase rulebase (rulebase_inner (sr_security security (sr_security_rules rules (srs_definition (variable rule2) (srs_application application (variable_list (variable_list_item any))))))))))) \n) (set_line set (set_line_tail (set_line_config_devices (statement_config_devices (s_rulebase rulebase (rulebase_inner (sr_security security (sr_security_rules rules (srs_definition (variable rule2) (srs_service service (variable_list (variable_list_item application-default))))))))))) \n) (set_line set (set_line_tail (set_line_config_devices (statement_config_devices (s_rulebase rulebase (rulebase_inner (sr_security security (sr_security_rules rules (srs_definition (variable rule2) (srs_hip_profiles hip-profiles any))))))))) \n) (set_line set (set_line_tail (set_line_config_devices (statement_config_devices (s_rulebase rulebase (rulebase_inner (sr_security security (sr_security_rules rules (srs_definition (variable rule2) (srs_action action deny))))))))) \n) (set_line set (set_line_tail (set_line_config_devices (statement_config_devices (s_rulebase rulebase (rulebase_inner (sr_security security (sr_security_rules rules (srs_definition (variable rule2) (srs_destination destination (src_or_dst_list (src_or_dst_list_item (variable group2)))))))))))) \n) (set_line set (set_line_tail (set_line_config_devices (statement_config_devices (s_rulebase rulebase (rulebase_inner (sr_security security (sr_security_rules rules (srs_definition (variable rule1) (srs_to to (variable_list (variable_list_item untrust))))))))))) \n) (set_line set (set_line_tail (set_line_config_devices (statement_config_devices (s_rulebase rulebase (rulebase_inner (sr_security security (sr_security_rules rules (srs_definition (variable rule1) (srs_from from (variable_list (variable_list_item trust))))))))))) \n) (set_line set (set_line_tail (set_line_config_devices (statement_config_devices (s_rulebase rulebase (rulebase_inner (sr_security security (sr_security_rules rules (srs_definition (variable rule1) (srs_source source (src_or_dst_list (src_or_dst_list_item any))))))))))) \n) (set_line set (set_line_tail (set_line_config_devices (statement_config_devices (s_rulebase rulebase (rulebase_inner (sr_security security (sr_security_rules rules (srs_definition (variable rule1) (srs_destination destination (src_or_dst_list (src_or_dst_list_item any))))))))))) \n) (set_line set (set_line_tail (set_line_config_devices (statement_config_devices (s_rulebase rulebase (rulebase_inner (sr_security security (sr_security_rules rules (srs_definition (variable rule1) (srs_source_user source-user any))))))))) \n) (set_line set (set_line_tail (set_line_config_devices (statement_config_devices (s_rulebase rulebase (rulebase_inner (sr_security security (sr_security_rules rules (srs_definition (variable rule1) (srs_category category (variable_list (variable_list_item any))))))))))) \n) (set_line set (set_line_tail (set_line_config_devices (statement_config_devices (s_rulebase rulebase (rulebase_inner (sr_security security (sr_security_rules rules (srs_definition (variable rule1) (srs_application application (variable_list (variable_list_item any))))))))))) \n) (set_line set (set_line_tail (set_line_config_devices (statement_config_devices (s_rulebase rulebase (rulebase_inner (sr_security security (sr_security_rules rules (srs_definition (variable rule1) (srs_service service (variable_list (variable_list_item any))))))))))) \n) (set_line set (set_line_tail (set_line_config_devices (statement_config_devices (s_rulebase rulebase (rulebase_inner (sr_security security (sr_security_rules rules (srs_definition (variable rule1) (srs_hip_profiles hip-profiles any))))))))) \n) (set_line set (set_line_tail (set_line_config_devices (statement_config_devices (s_rulebase rulebase (rulebase_inner (sr_security security (sr_security_rules rules (srs_definition (variable rule1) (srs_action action allow))))))))) \n) (set_line set (set_line_tail (s_import import network interface (variable_list [ (variable_list_item ethernet1/1) (variable_list_item ethernet1/2) ]))) \n) (set_line set (set_line_tail (set_line_config_devices (statement_config_devices (s_dynamic_user_group dynamic-user-group (variable dug1) (null_rest_of_line filter '"tag01" or "tag02"'))))) \n) (set_line set (set_line_tail (set_line_config_devices (statement_config_devices (s_application_group application-group)))) \n) (set_line set (set_line_tail (set_line_config_devices (statement_config_devices (s_application application)))) \n) (set_line set (set_line_tail (set_line_config_devices (statement_config_devices (s_address_group address-group (s_address_group_definition (variable group1) (sag_static static [ (variable addr1) (variable addr2) (variable addr3) ])))))) \n) (set_line set (set_line_tail (set_line_config_devices (statement_config_devices (s_address_group address-group (s_address_group_definition (variable group2) (sag_dynamic dynamic (sagd_filter filter (variable '"tag01" or "tag02"')))))))) \n) (set_line set (set_line_tail (set_line_config_devices (statement_config_devices (s_address address (s_address_definition (variable addr1) (sa_ip_netmask ip-netmask (ip_netmask (ip_address 10.0.0.1)))))))) \n) (set_line set (set_line_tail (set_line_config_devices (statement_config_devices (s_address address (s_address_definition (variable addr2) (sa_ip_netmask ip-netmask (ip_netmask (ip_address 10.0.0.2)))))))) \n) (set_line set (set_line_tail (set_line_config_devices (statement_config_devices (s_address address (s_address_definition (variable addr3) (sa_ip_netmask ip-netmask (ip_netmask (ip_address 10.0.0.3)))))))) \n) (set_line set (set_line_tail (set_line_config_devices (statement_config_devices (s_address address (s_address_definition (variable addr4) (sa_ip_netmask ip-netmask (ip_netmask (ip_address 10.0.0.4)))))))) \n) (set_line set (set_line_tail (set_line_config_devices (statement_config_devices (s_address address (s_address_definition (variable addr5) (sa_ip_netmask ip-netmask (ip_netmask (ip_address 10.0.0.5)))))))) \n) (set_line set (set_line_tail (set_line_config_devices (statement_config_devices (s_null mgt-config (null_rest_of_line users admin phash $1$fniyibcj$0tm9SixJw/wOkFkDnEqVw/))))) \n) (set_line set (set_line_tail (set_line_config_devices (statement_config_devices (s_null mgt-config (null_rest_of_line users admin permissions role-based superuser yes))))) \n) (set_line set (set_line_tail (set_line_config_devices (statement_config_devices (s_null mgt-config (null_rest_of_line users adminr permissions role-based superreader yes))))) \n) (set_line set (set_line_tail (set_line_config_devices (statement_config_devices (s_null mgt-config (null_rest_of_line users adminr phash $1$rhprpgfp$JiYMvTDuUUWW4F7ND06JI1))))) \n) <EOF>)

Time: 0.832

OK (3 tests)


BazelTestRunner exiting with a return value of 0
JVM shutdown hooks (if any) will run now.
The JVM will exit once they complete.

-- JVM shutdown starting at 2026-01-21 01:07:30 --

================================================================================
INFO: Found 1 test target...
Target //projects/batfish/src/test/java/org/batfish/grammar/palo_alto:tests up-to-date:
  bazel-bin/projects/batfish/src/test/java/org/batfish/grammar/palo_alto/tests
  bazel-bin/projects/batfish/src/test/java/org/batfish/grammar/palo_alto/tests.jar
INFO: Elapsed time: 2.056s, Critical Path: 1.38s
INFO: 2 processes: 1 internal, 1 darwin-sandbox.
INFO: Build completed successfully, 2 total actions
//projects/batfish/src/test/java/org/batfish/grammar/palo_alto:tests     PASSED in 1.3s

Executed 1 out of 1 test: 1 test passes.
There were tests whose specified size is too big. Use the --test_verbose_timeout_warnings command line option to see which ones these are.
