{
  "answerElements" : [
    {
      "class" : "org.batfish.smt.answers.SmtManyAnswerElement",
      "result" : {
        "as2border1<-->as2border2" : {
          "environmentModel" : {
            "as2border1,FastEthernet0/0 (BGP)" : {
              "community 3:2" : "",
              "community as1_community" : "",
              "community as3_community" : "",
              "prefix" : "0.0.0.0/1",
              "protocol metric" : "1"
            },
            "as2border2,FastEthernet0/0 (BGP)" : {
              "community 3:2" : "",
              "community as1_community" : "",
              "community as3_community" : "",
              "prefix" : "0.0.0.0/1",
              "protocol metric" : "1"
            }
          },
          "forwardingModel" : [
            "as2border1,FastEthernet0/0 --> _,_"
          ],
          "packetModel" : {
            "dstIp" : "1.0.0.0",
            "srcIp" : "2.0.0.0"
          },
          "verified" : false
        }
      }
    }
  ],
  "question" : {
    "class" : "org.batfish.question.smt.LocalConsistencyQuestionPlugin$LocalConsistencyQuestion",
    "differential" : false,
    "equivalence" : false,
    "failures" : 0,
    "fullModel" : false,
    "minimize" : false,
    "noEnvironment" : false,
    "nodeRegex" : ".*border.*",
    "strict" : false
  },
  "status" : "SUCCESS"
}
