[
  {
    "class" : "org.batfish.minesweeper.answers.SmtOneAnswerElement",
    "result" : {
      "forwardingModel" : [
        "r0,Serial0 --> r1,Serial0 (OSPF)",
        "r0,Serial1 --> r2,Serial0 (OSPF)",
        "r1,Serial0 --> r0,Serial0 (STATIC)",
        "r2,Serial1 --> r3,Serial1 (OSPF)"
      ],
      "model" : {
        "|0_CONTROL-FORWARDING_r0_Serial0|" : "true",
        "|0_CONTROL-FORWARDING_r0_Serial1|" : "true",
        "|0_CONTROL-FORWARDING_r1_Serial0|" : "true",
        "|0_CONTROL-FORWARDING_r1_Serial1|" : "false",
        "|0_CONTROL-FORWARDING_r2_Serial0|" : "false",
        "|0_CONTROL-FORWARDING_r2_Serial1|" : "true",
        "|0_CONTROL-FORWARDING_r3_Loopback0|" : "false",
        "|0_CONTROL-FORWARDING_r3_Serial0|" : "false",
        "|0_CONTROL-FORWARDING_r3_Serial1|" : "false",
        "|0_DATA-FORWARDING_r0_Serial0|" : "true",
        "|0_DATA-FORWARDING_r0_Serial1|" : "true",
        "|0_DATA-FORWARDING_r1_Serial0|" : "true",
        "|0_DATA-FORWARDING_r1_Serial1|" : "false",
        "|0_DATA-FORWARDING_r2_Serial0|" : "false",
        "|0_DATA-FORWARDING_r2_Serial1|" : "true",
        "|0_DATA-FORWARDING_r3_Loopback0|" : "false",
        "|0_DATA-FORWARDING_r3_Serial0|" : "false",
        "|0_DATA-FORWARDING_r3_Serial1|" : "false",
        "|0_FAILED-EDGE_r0_r1|" : "0",
        "|0_FAILED-EDGE_r0_r2|" : "0",
        "|0_FAILED-EDGE_r1_r3|" : "0",
        "|0_FAILED-EDGE_r2_r3|" : "0",
        "|0_FAILED-EDGE_r3_Loopback0|" : "0",
        "|0_FAILED-NODE_r0|" : "0",
        "|0_FAILED-NODE_r1|" : "0",
        "|0_FAILED-NODE_r2|" : "0",
        "|0_FAILED-NODE_r3|" : "0",
        "|0_dst-ip|" : "1179010630",
        "|0_dst-port|" : "0",
        "|0_icmp-code|" : "0",
        "|0_icmp-type|" : "0",
        "|0_ip-protocol|" : "0",
        "|0_r0_OSPF_IMPORT_Serial0_choice|" : "true",
        "|0_r0_OSPF_IMPORT_Serial0_metric|" : "2",
        "|0_r0_OSPF_IMPORT_Serial0_permitted|" : "true",
        "|0_r0_OSPF_IMPORT_Serial0_prefixLength|" : "32",
        "|0_r0_OSPF_IMPORT_Serial1_choice|" : "true",
        "|0_r0_OSPF_IMPORT_Serial1_metric|" : "2",
        "|0_r0_OSPF_IMPORT_Serial1_permitted|" : "true",
        "|0_r0_OSPF_IMPORT_Serial1_prefixLength|" : "32",
        "|0_r0_OSPF_SINGLE-EXPORT__metric|" : "2",
        "|0_r0_OSPF_SINGLE-EXPORT__permitted|" : "true",
        "|0_r0_OSPF_SINGLE-EXPORT__prefixLength|" : "32",
        "|0_r0_OVERALL_BEST_None_metric|" : "2",
        "|0_r0_OVERALL_BEST_None_permitted|" : "true",
        "|0_r0_OVERALL_BEST_None_prefixLength|" : "32",
        "|0_r1_OSPF_BEST_None_metric|" : "1",
        "|0_r1_OSPF_BEST_None_permitted|" : "true",
        "|0_r1_OSPF_BEST_None_prefixLength|" : "32",
        "|0_r1_OSPF_IMPORT_Serial0_choice|" : "false",
        "|0_r1_OSPF_IMPORT_Serial0_metric|" : "3",
        "|0_r1_OSPF_IMPORT_Serial0_permitted|" : "true",
        "|0_r1_OSPF_IMPORT_Serial0_prefixLength|" : "32",
        "|0_r1_OSPF_IMPORT_Serial1_choice|" : "true",
        "|0_r1_OSPF_IMPORT_Serial1_metric|" : "1",
        "|0_r1_OSPF_IMPORT_Serial1_permitted|" : "true",
        "|0_r1_OSPF_IMPORT_Serial1_prefixLength|" : "32",
        "|0_r1_OSPF_SINGLE-EXPORT__metric|" : "1",
        "|0_r1_OSPF_SINGLE-EXPORT__permitted|" : "true",
        "|0_r1_OSPF_SINGLE-EXPORT__prefixLength|" : "32",
        "|0_r1_OVERALL_BEST_None_adminDist|" : "1",
        "|0_r1_OVERALL_BEST_None_history|" : "1",
        "|0_r1_OVERALL_BEST_None_metric|" : "0",
        "|0_r1_OVERALL_BEST_None_permitted|" : "true",
        "|0_r1_OVERALL_BEST_None_prefixLength|" : "32",
        "|0_r1_STATIC_BEST_None_permitted|" : "true",
        "|0_r1_STATIC_BEST_None_prefixLength|" : "32",
        "|0_r1_STATIC_IMPORT_Serial0_choice|" : "true",
        "|0_r1_STATIC_IMPORT_Serial0_permitted|" : "true",
        "|0_r1_STATIC_IMPORT_Serial0_prefixLength|" : "32",
        "|0_r2_OSPF_IMPORT_Serial0_choice|" : "false",
        "|0_r2_OSPF_IMPORT_Serial0_metric|" : "3",
        "|0_r2_OSPF_IMPORT_Serial0_permitted|" : "true",
        "|0_r2_OSPF_IMPORT_Serial0_prefixLength|" : "32",
        "|0_r2_OSPF_IMPORT_Serial1_choice|" : "true",
        "|0_r2_OSPF_IMPORT_Serial1_metric|" : "1",
        "|0_r2_OSPF_IMPORT_Serial1_permitted|" : "true",
        "|0_r2_OSPF_IMPORT_Serial1_prefixLength|" : "32",
        "|0_r2_OSPF_SINGLE-EXPORT__metric|" : "1",
        "|0_r2_OSPF_SINGLE-EXPORT__permitted|" : "true",
        "|0_r2_OSPF_SINGLE-EXPORT__prefixLength|" : "32",
        "|0_r2_OVERALL_BEST_None_metric|" : "1",
        "|0_r2_OVERALL_BEST_None_permitted|" : "true",
        "|0_r2_OVERALL_BEST_None_prefixLength|" : "32",
        "|0_r3_CONNECTED_BEST_None_permitted|" : "true",
        "|0_r3_CONNECTED_BEST_None_prefixLength|" : "32",
        "|0_r3_CONNECTED_IMPORT_Loopback0_choice|" : "true",
        "|0_r3_CONNECTED_IMPORT_Loopback0_permitted|" : "true",
        "|0_r3_CONNECTED_IMPORT_Loopback0_prefixLength|" : "32",
        "|0_r3_OSPF_BEST_None_metric|" : "2",
        "|0_r3_OSPF_BEST_None_permitted|" : "true",
        "|0_r3_OSPF_BEST_None_prefixLength|" : "32",
        "|0_r3_OSPF_IMPORT_Serial0_choice|" : "true",
        "|0_r3_OSPF_IMPORT_Serial0_metric|" : "2",
        "|0_r3_OSPF_IMPORT_Serial0_permitted|" : "true",
        "|0_r3_OSPF_IMPORT_Serial0_prefixLength|" : "32",
        "|0_r3_OSPF_IMPORT_Serial1_choice|" : "true",
        "|0_r3_OSPF_IMPORT_Serial1_metric|" : "2",
        "|0_r3_OSPF_IMPORT_Serial1_permitted|" : "true",
        "|0_r3_OSPF_IMPORT_Serial1_prefixLength|" : "32",
        "|0_r3_OSPF_SINGLE-EXPORT__metric|" : "0",
        "|0_r3_OSPF_SINGLE-EXPORT__permitted|" : "true",
        "|0_r3_OSPF_SINGLE-EXPORT__prefixLength|" : "32",
        "|0_r3_OVERALL_BEST_None_adminDist|" : "0",
        "|0_r3_OVERALL_BEST_None_history|" : "1",
        "|0_r3_OVERALL_BEST_None_metric|" : "0",
        "|0_r3_OVERALL_BEST_None_permitted|" : "true",
        "|0_r3_OVERALL_BEST_None_prefixLength|" : "32",
        "|0_src-ip|" : "0",
        "|0_src-port|" : "0",
        "|0_tcp-ack|" : "false",
        "|0_tcp-cwr|" : "false",
        "|0_tcp-ece|" : "false",
        "|0_tcp-fin|" : "false",
        "|0_tcp-psh|" : "false",
        "|0_tcp-rst|" : "false",
        "|0_tcp-syn|" : "false",
        "|0_tcp-urg|" : "false"
      },
      "packetModel" : {
        "dstIp" : "70.70.70.70"
      },
      "verified" : false
    }
  }
]