{
  "answerElements" : [
    {
      "class" : "org.batfish.smt.answers.SmtOneAnswerElement",
      "result" : {
        "forwardingModel" : [
          "R1,Serial0 --> R2,Serial0",
          "R2,Serial0 --> R1,Serial0"
        ],
        "model" : {
          "|0_CONTROL-FORWARDING_R1_Serial0|" : "true",
          "|0_CONTROL-FORWARDING_R2_Serial0|" : "true",
          "|0_DATA-FORWARDING_R1_Serial0|" : "true",
          "|0_DATA-FORWARDING_R2_Serial0|" : "true",
          "|0_FAILED-EDGE_R1_R2|" : "0",
          "|0_R1_OVERALL_BEST_None_metric|" : "0",
          "|0_R1_OVERALL_BEST_None_permitted|" : "true",
          "|0_R1_OVERALL_BEST_None_prefixLength|" : "8",
          "|0_R1_STATIC_IMPORT_Serial0_choice|" : "true",
          "|0_R1_STATIC_IMPORT_Serial0_permitted|" : "true",
          "|0_R1_STATIC_IMPORT_Serial0_prefixLength|" : "8",
          "|0_R1_STATIC_SINGLE-EXPORT__permitted|" : "false",
          "|0_R1_STATIC_SINGLE-EXPORT__prefixLength|" : "0",
          "|0_R2_OVERALL_BEST_None_metric|" : "0",
          "|0_R2_OVERALL_BEST_None_permitted|" : "true",
          "|0_R2_OVERALL_BEST_None_prefixLength|" : "8",
          "|0_R2_STATIC_IMPORT_Serial0_choice|" : "true",
          "|0_R2_STATIC_IMPORT_Serial0_permitted|" : "true",
          "|0_R2_STATIC_IMPORT_Serial0_prefixLength|" : "8",
          "|0_R2_STATIC_SINGLE-EXPORT__permitted|" : "false",
          "|0_R2_STATIC_SINGLE-EXPORT__prefixLength|" : "0",
          "|0_dst-ip|" : "2885681152",
          "|0_dst-port|" : "0",
          "|0_icmp-code|" : "0",
          "|0_icmp-type|" : "0",
          "|0_ip-protocol|" : "0",
          "|0_src-ip|" : "0",
          "|0_src-port|" : "0"
        },
        "packetModel" : {
          "dstIp" : "172.0.0.0"
        },
        "verified" : false
      }
    }
  ],
  "question" : {
    "class" : "org.batfish.question.smt.ForwardingQuestionPlugin$ForwardingQuestion",
    "differential" : false,
    "dstIps" : [
      "172.0.0.0"
    ],
    "failures" : 0,
    "fullModel" : true,
    "minimize" : false,
    "noEnvironment" : false
  },
  "status" : "SUCCESS"
}
