{
  "answerElements" : [ {
    "class" : "org.batfish.question.IpsecVpnCheckQuestionPlugin$IpsecVpnCheckAnswerElement",
    "incompatibleIkeProposals" : { },
    "incompatibleIpsecProposals" : { },
    "missingEndpoint" : { },
    "nonUniqueEndpoint" : { },
    "preSharedKeyMismatch" : { }
  } ],
  "question" : {
    "class" : "org.batfish.question.IpsecVpnCheckQuestionPlugin$IpsecVpnCheckQuestion",
    "differential" : false,
    "node1Regex" : ".*",
    "node2Regex" : ".*"
  },
  "status" : "SUCCESS"
}