{
  "answerElements" : [ {
    "class" : "org.batfish.datamodel.FlowHistory"
  } ],
  "question" : {
    "class" : "org.batfish.question.ReachabilityQuestionPlugin$ReachabilityQuestion",
    "dstIps" : [ "1.0.1.1" ],
    "dstPorts" : [ "0-0" ],
    "ingressNodeRegex" : "host2",
    "ipProtocols" : [ "UDP" ],
    "srcIps" : [ "2.128.0.0" ],
    "srcPorts" : [ "0-0" ],
    "type" : "multipath"
  },
  "status" : "SUCCESS"
}