{
  "answerElements" : [ {
    "class" : "org.batfish.datamodel.answers.NeighborsAnswerElement",
    "lanNeighbors" : [ {
      "int1" : "FastEthernet0/0",
      "int2" : "FastEthernet0/0",
      "node1" : "as1border1",
      "node2" : "as1core1"
    }, {
      "int1" : "FastEthernet0/1",
      "int2" : "FastEthernet0/0",
      "node1" : "as1border1",
      "node2" : "as2border1"
    }, {
      "int1" : "FastEthernet0/0",
      "int2" : "FastEthernet0/1",
      "node1" : "as1border2",
      "node2" : "as1core1"
    }, {
      "int1" : "FastEthernet0/1",
      "int2" : "FastEthernet0/1",
      "node1" : "as1border2",
      "node2" : "as3border2"
    }, {
      "int1" : "FastEthernet0/0",
      "int2" : "FastEthernet0/0",
      "node1" : "as1core1",
      "node2" : "as1border1"
    }, {
      "int1" : "FastEthernet0/1",
      "int2" : "FastEthernet0/0",
      "node1" : "as1core1",
      "node2" : "as1border2"
    }, {
      "int1" : "FastEthernet0/0",
      "int2" : "FastEthernet0/1",
      "node1" : "as2border1",
      "node2" : "as1border1"
    }, {
      "int1" : "FastEthernet0/1",
      "int2" : "FastEthernet0/0",
      "node1" : "as2border1",
      "node2" : "as2core1"
    }, {
      "int1" : "FastEthernet1/0",
      "int2" : "FastEthernet0/1",
      "node1" : "as2border1",
      "node2" : "as2core2"
    }, {
      "int1" : "FastEthernet0/0",
      "int2" : "FastEthernet0/0",
      "node1" : "as2border2",
      "node2" : "as3border1"
    }, {
      "int1" : "FastEthernet0/1",
      "int2" : "FastEthernet0/1",
      "node1" : "as2border2",
      "node2" : "as2core1"
    }, {
      "int1" : "FastEthernet1/0",
      "int2" : "FastEthernet0/0",
      "node1" : "as2border2",
      "node2" : "as2core2"
    }, {
      "int1" : "FastEthernet0/0",
      "int2" : "FastEthernet0/1",
      "node1" : "as2core1",
      "node2" : "as2border1"
    }, {
      "int1" : "FastEthernet0/1",
      "int2" : "FastEthernet0/1",
      "node1" : "as2core1",
      "node2" : "as2border2"
    }, {
      "int1" : "FastEthernet1/0",
      "int2" : "FastEthernet0/1",
      "node1" : "as2core1",
      "node2" : "as2dist2"
    }, {
      "int1" : "FastEthernet2/0",
      "int2" : "FastEthernet0/1",
      "node1" : "as2core1",
      "node2" : "as2dist1"
    }, {
      "int1" : "FastEthernet0/0",
      "int2" : "FastEthernet1/0",
      "node1" : "as2core2",
      "node2" : "as2border2"
    }, {
      "int1" : "FastEthernet0/1",
      "int2" : "FastEthernet1/0",
      "node1" : "as2core2",
      "node2" : "as2border1"
    }, {
      "int1" : "FastEthernet1/0",
      "int2" : "FastEthernet0/0",
      "node1" : "as2core2",
      "node2" : "as2dist1"
    }, {
      "int1" : "FastEthernet2/0",
      "int2" : "FastEthernet0/0",
      "node1" : "as2core2",
      "node2" : "as2dist2"
    }, {
      "int1" : "FastEthernet0/0",
      "int2" : "FastEthernet1/0",
      "node1" : "as2dept1",
      "node2" : "as2dist1"
    }, {
      "int1" : "FastEthernet0/1",
      "int2" : "FastEthernet1/0",
      "node1" : "as2dept1",
      "node2" : "as2dist2"
    }, {
      "int1" : "FastEthernet1/0",
      "int2" : "FastEthernet0/0",
      "node1" : "as2dept1",
      "node2" : "as2host1"
    }, {
      "int1" : "FastEthernet0/0",
      "int2" : "FastEthernet1/0",
      "node1" : "as2dist1",
      "node2" : "as2core2"
    }, {
      "int1" : "FastEthernet0/1",
      "int2" : "FastEthernet2/0",
      "node1" : "as2dist1",
      "node2" : "as2core1"
    }, {
      "int1" : "FastEthernet1/0",
      "int2" : "FastEthernet0/0",
      "node1" : "as2dist1",
      "node2" : "as2dept1"
    }, {
      "int1" : "FastEthernet0/0",
      "int2" : "FastEthernet2/0",
      "node1" : "as2dist2",
      "node2" : "as2core2"
    }, {
      "int1" : "FastEthernet0/1",
      "int2" : "FastEthernet1/0",
      "node1" : "as2dist2",
      "node2" : "as2core1"
    }, {
      "int1" : "FastEthernet1/0",
      "int2" : "FastEthernet0/1",
      "node1" : "as2dist2",
      "node2" : "as2dept1"
    }, {
      "int1" : "FastEthernet0/0",
      "int2" : "FastEthernet1/0",
      "node1" : "as2host1",
      "node2" : "as2dept1"
    }, {
      "int1" : "FastEthernet0/0",
      "int2" : "FastEthernet0/0",
      "node1" : "as3border1",
      "node2" : "as2border2"
    }, {
      "int1" : "FastEthernet0/1",
      "int2" : "FastEthernet0/1",
      "node1" : "as3border1",
      "node2" : "as3core1"
    }, {
      "int1" : "FastEthernet0/0",
      "int2" : "FastEthernet0/0",
      "node1" : "as3border2",
      "node2" : "as3core1"
    }, {
      "int1" : "FastEthernet0/1",
      "int2" : "FastEthernet0/1",
      "node1" : "as3border2",
      "node2" : "as1border2"
    }, {
      "int1" : "FastEthernet0/0",
      "int2" : "FastEthernet0/0",
      "node1" : "as3core1",
      "node2" : "as3border2"
    }, {
      "int1" : "FastEthernet0/1",
      "int2" : "FastEthernet0/1",
      "node1" : "as3core1",
      "node2" : "as3border1"
    } ]
  } ],
  "question" : {
    "class" : "org.batfish.datamodel.questions.NeighborsQuestion",
    "differential" : false,
    "interfaceBlacklist" : [ ],
    "neighborType" : [ ],
    "node1Regex" : ".*",
    "node2Regex" : ".*",
    "nodeBlacklist" : [ ]
  },
  "status" : "SUCCESS"
}