{
  "answerElements" : [
    {
      "class" : "org.batfish.question.InferRolesQuestionPlugin$InferRolesAnswerElement",
      "matchingNodesCount" : {
        "auto0" : 13,
        "auto1" : 13,
        "auto2" : 13
      },
      "roleDimensions" : [
        {
          "name" : "auto0",
          "roleRegexes" : [
            "(\\p{Alpha}\\p{Alnum}*)\\Q-\\E(\\p{Alpha}+)\\p{Alnum}*\\Q-\\E\\p{Digit}+"
          ],
          "roles" : [
            {
              "caseSensitive" : true,
              "name" : "bb1-border",
              "regex" : "bb1\\Q-\\Eborder\\p{Alnum}*\\Q-\\E\\p{Digit}+"
            },
            {
              "caseSensitive" : true,
              "name" : "bb1-core",
              "regex" : "bb1\\Q-\\Ecore\\p{Alnum}*\\Q-\\E\\p{Digit}+"
            },
            {
              "caseSensitive" : true,
              "name" : "bb2-CORE",
              "regex" : "bb2\\Q-\\ECORE\\p{Alnum}*\\Q-\\E\\p{Digit}+"
            },
            {
              "caseSensitive" : true,
              "name" : "bb2-border",
              "regex" : "bb2\\Q-\\Eborder\\p{Alnum}*\\Q-\\E\\p{Digit}+"
            },
            {
              "caseSensitive" : true,
              "name" : "dc1-Border",
              "regex" : "dc1\\Q-\\EBorder\\p{Alnum}*\\Q-\\E\\p{Digit}+"
            },
            {
              "caseSensitive" : true,
              "name" : "dc1-LeaF",
              "regex" : "dc1\\Q-\\ELeaF\\p{Alnum}*\\Q-\\E\\p{Digit}+"
            },
            {
              "caseSensitive" : true,
              "name" : "dc1-border",
              "regex" : "dc1\\Q-\\Eborder\\p{Alnum}*\\Q-\\E\\p{Digit}+"
            },
            {
              "caseSensitive" : true,
              "name" : "dc1-core",
              "regex" : "dc1\\Q-\\Ecore\\p{Alnum}*\\Q-\\E\\p{Digit}+"
            },
            {
              "caseSensitive" : true,
              "name" : "dc1-spine",
              "regex" : "dc1\\Q-\\Espine\\p{Alnum}*\\Q-\\E\\p{Digit}+"
            }
          ],
          "type" : "AUTO"
        },
        {
          "name" : "auto1",
          "roleRegexes" : [
            "(\\p{Alpha}+)\\p{Alnum}*\\Q-\\E\\p{Alpha}\\p{Alnum}*\\Q-\\E\\p{Digit}+"
          ],
          "roles" : [
            {
              "caseSensitive" : true,
              "name" : "bb",
              "regex" : "bb\\p{Alnum}*\\Q-\\E\\p{Alpha}\\p{Alnum}*\\Q-\\E\\p{Digit}+"
            },
            {
              "caseSensitive" : true,
              "name" : "dc",
              "regex" : "dc\\p{Alnum}*\\Q-\\E\\p{Alpha}\\p{Alnum}*\\Q-\\E\\p{Digit}+"
            }
          ],
          "type" : "AUTO"
        },
        {
          "name" : "auto2",
          "roleRegexes" : [
            "\\p{Alpha}\\p{Alnum}*\\Q-\\E(\\p{Alpha}+)\\p{Alnum}*\\Q-\\E\\p{Digit}+"
          ],
          "roles" : [
            {
              "caseSensitive" : true,
              "name" : "Border",
              "regex" : "\\p{Alpha}\\p{Alnum}*\\Q-\\EBorder\\p{Alnum}*\\Q-\\E\\p{Digit}+"
            },
            {
              "caseSensitive" : true,
              "name" : "CORE",
              "regex" : "\\p{Alpha}\\p{Alnum}*\\Q-\\ECORE\\p{Alnum}*\\Q-\\E\\p{Digit}+"
            },
            {
              "caseSensitive" : true,
              "name" : "LeaF",
              "regex" : "\\p{Alpha}\\p{Alnum}*\\Q-\\ELeaF\\p{Alnum}*\\Q-\\E\\p{Digit}+"
            },
            {
              "caseSensitive" : true,
              "name" : "border",
              "regex" : "\\p{Alpha}\\p{Alnum}*\\Q-\\Eborder\\p{Alnum}*\\Q-\\E\\p{Digit}+"
            },
            {
              "caseSensitive" : true,
              "name" : "core",
              "regex" : "\\p{Alpha}\\p{Alnum}*\\Q-\\Ecore\\p{Alnum}*\\Q-\\E\\p{Digit}+"
            },
            {
              "caseSensitive" : true,
              "name" : "spine",
              "regex" : "\\p{Alpha}\\p{Alnum}*\\Q-\\Espine\\p{Alnum}*\\Q-\\E\\p{Digit}+"
            }
          ],
          "type" : "AUTO"
        }
      ]
    }
  ],
  "question" : {
    "class" : "org.batfish.question.InferRolesQuestionPlugin$InferRolesQuestion",
    "caseSensitive" : true,
    "differential" : false,
    "nodeRegex" : ".*"
  },
  "status" : "SUCCESS",
  "summary" : {
    "numFailed" : 0,
    "numPassed" : 0,
    "numResults" : 0
  }
}