[
  {
    "class" : "org.batfish.datamodel.answers.ParseVendorConfigurationAnswerElement",
    "fileMap" : {
      "as1border1" : "as1border1.cfg",
      "as1border2" : "as1border2.cfg",
      "as1core1" : "as1core1.cfg",
      "as2border1" : "as2border1.cfg",
      "as2border2" : "as2border2.cfg",
      "as2core1" : "as2core1.cfg",
      "as2core2" : "as2core2.cfg",
      "as2dept1" : "as2dept1.cfg",
      "as2dist1" : "as2dist1.cfg",
      "as2dist2" : "as2dist2.cfg",
      "as3border1" : "as3border1.cfg",
      "as3border2" : "as3border2.cfg",
      "as3core1" : "as3core1.cfg",
      "host1" : "host1.json",
      "host2" : "host2.json",
      "testrig/iptables/host1.iptables" : "host1.iptables",
      "testrig/iptables/host2.iptables" : "host2.iptables"
    },
    "parseStatus" : {
      "as1border1" : "PASSED",
      "as1border2" : "PASSED",
      "as1core1" : "PASSED",
      "as2border1" : "PASSED",
      "as2border2" : "PASSED",
      "as2core1" : "PASSED",
      "as2core2" : "PASSED",
      "as2dept1" : "PASSED",
      "as2dist1" : "PASSED",
      "as2dist2" : "PASSED",
      "as3border1" : "PASSED",
      "as3border2" : "PASSED",
      "as3core1" : "PASSED",
      "host1" : "PASSED",
      "host2" : "PASSED",
      "testrig/iptables/host1.iptables" : "PASSED",
      "testrig/iptables/host2.iptables" : "PASSED"
    },
    "version" : "0.36.0"
  },
  {
    "class" : "org.batfish.datamodel.answers.ConvertConfigurationAnswerElement",
    "undefinedReferences" : {
      "as2core2" : {
        "route-map" : {
          "filter-bogons" : {
            "bgp inbound route-map" : [
              109
            ]
          }
        }
      }
    },
    "unusedStructures" : {
      "as1border1" : {
        "bgp group" : {
          "as3" : [
            83
          ]
        },
        "expanded community-list" : {
          "as1_community" : [
            119
          ]
        },
        "ipv4 prefix-list" : {
          "inbound_route_filter" : [
            129
          ]
        }
      },
      "as1border2" : {
        "bgp group" : {
          "as2" : [
            87
          ]
        },
        "expanded community-list" : {
          "as1_community" : [
            123
          ]
        },
        "ipv4 prefix-list" : {
          "inbound_route_filter" : [
            134
          ]
        }
      },
      "as2border1" : {
        "bgp group" : {
          "as3" : [
            93
          ]
        },
        "expanded community-list" : {
          "as2_community" : [
            124
          ]
        },
        "ipv4 prefix-list" : {
          "inbound_route_filter" : [
            139
          ]
        }
      },
      "as2border2" : {
        "bgp group" : {
          "as1" : [
            86
          ]
        },
        "expanded community-list" : {
          "as2_community" : [
            121
          ]
        },
        "ipv4 prefix-list" : {
          "inbound_route_filter" : [
            135
          ]
        }
      },
      "as2dept1" : {
        "extended ip access-list" : {
          "105" : [
            121
          ],
          "RESTRICT_HOST_TRAFFIC_OUT" : [
            114
          ]
        }
      },
      "as2dist1" : {
        "extended ip access-list" : {
          "102" : [
            116
          ]
        }
      },
      "as2dist2" : {
        "extended ip access-list" : {
          "102" : [
            116
          ]
        }
      },
      "as3border1" : {
        "bgp group" : {
          "as1" : [
            81
          ]
        },
        "expanded community-list" : {
          "as3_community" : [
            115
          ]
        },
        "ipv4 prefix-list" : {
          "inbound_route_filter" : [
            123
          ]
        }
      },
      "as3border2" : {
        "bgp group" : {
          "as2" : [
            83
          ]
        },
        "expanded community-list" : {
          "as3_community" : [
            115
          ]
        },
        "ipv4 prefix-list" : {
          "inbound_route_filter" : [
            121
          ]
        }
      }
    },
    "version" : "0.36.0",
    "warnings" : {
      "as1border1" : {
        "Red flags" : {
          "1" : "MISCELLANEOUS: Could not determine update source for BGP neighbor: '3.2.2.2'",
          "2" : "MISCELLANEOUS: Could not determine update source for BGP neighbor: '5.6.7.8'"
        }
      }
    }
  },
  {
    "class" : "org.batfish.datamodel.answers.InitInfoAnswerElement",
    "parseStatus" : {
      "as1border1" : "PASSED",
      "as1border2" : "PASSED",
      "as1core1" : "PASSED",
      "as2border1" : "PASSED",
      "as2border2" : "PASSED",
      "as2core1" : "PASSED",
      "as2core2" : "PASSED",
      "as2dept1" : "PASSED",
      "as2dist1" : "PASSED",
      "as2dist2" : "PASSED",
      "as3border1" : "PASSED",
      "as3border2" : "PASSED",
      "as3core1" : "PASSED",
      "host1" : "PASSED",
      "host2" : "PASSED",
      "testrig/iptables/host1.iptables" : "PASSED",
      "testrig/iptables/host2.iptables" : "PASSED"
    }
  }
]