[
  {
    "class" : "org.batfish.datamodel.answers.RunAnalysisAnswerElement",
    "answers" : {
      "unusedstructures" : {
        "answerElements" : [
          {
            "class" : "org.batfish.question.UnusedStructuresQuestionPlugin$UnusedStructuresAnswerElement",
            "summary" : {
              "numFailed" : 0,
              "numPassed" : 0,
              "numResults" : 22
            },
            "unusedStructures" : {
              "configs/as1border1.cfg" : {
                "bgp group" : {
                  "as3" : [
                    83
                  ]
                },
                "expanded community-list" : {
                  "as1_community" : [
                    119
                  ]
                },
                "ipv4 prefix-list" : {
                  "inbound_route_filter" : [
                    129,
                    130
                  ]
                }
              },
              "configs/as1border2.cfg" : {
                "bgp group" : {
                  "as2" : [
                    87
                  ]
                },
                "expanded community-list" : {
                  "as1_community" : [
                    123
                  ]
                },
                "ipv4 prefix-list" : {
                  "inbound_route_filter" : [
                    134,
                    135
                  ]
                }
              },
              "configs/as2border1.cfg" : {
                "bgp group" : {
                  "as3" : [
                    93
                  ]
                },
                "expanded community-list" : {
                  "as2_community" : [
                    124
                  ]
                },
                "ipv4 prefix-list" : {
                  "inbound_route_filter" : [
                    140,
                    141
                  ]
                }
              },
              "configs/as2border2.cfg" : {
                "bgp group" : {
                  "as1" : [
                    86
                  ]
                },
                "expanded community-list" : {
                  "as2_community" : [
                    121
                  ]
                },
                "ipv4 prefix-list" : {
                  "inbound_route_filter" : [
                    136,
                    137
                  ]
                }
              },
              "configs/as2dept1.cfg" : {
                "extended ipv4 access-list" : {
                  "105" : [
                    121,
                    122,
                    123,
                    124
                  ],
                  "RESTRICT_HOST_TRAFFIC_OUT" : [
                    114,
                    115,
                    116,
                    117
                  ]
                }
              },
              "configs/as2dist1.cfg" : {
                "extended ipv4 access-list" : {
                  "102" : [
                    116
                  ]
                }
              },
              "configs/as2dist2.cfg" : {
                "extended ipv4 access-list" : {
                  "102" : [
                    116
                  ]
                }
              },
              "configs/as3border1.cfg" : {
                "bgp group" : {
                  "as1" : [
                    81
                  ]
                },
                "expanded community-list" : {
                  "as3_community" : [
                    115
                  ]
                },
                "ipv4 prefix-list" : {
                  "inbound_route_filter" : [
                    123,
                    124
                  ]
                }
              },
              "configs/as3border2.cfg" : {
                "bgp group" : {
                  "as2" : [
                    83
                  ]
                },
                "expanded community-list" : {
                  "as3_community" : [
                    115
                  ]
                },
                "ipv4 prefix-list" : {
                  "inbound_route_filter" : [
                    121,
                    122
                  ]
                }
              }
            }
          }
        ],
        "question" : {
          "class" : "org.batfish.question.UnusedStructuresQuestionPlugin$UnusedStructuresQuestion",
          "differential" : false,
          "includeOneTableKeys" : true,
          "instance" : {
            "description" : "Outputs cases where structures (e.g., ACL, routemaps) are defined but not used.",
            "instanceName" : "unusedStructures",
            "longDescription" : "Such occurrences could be configuration errors or leftover cruft.",
            "tags" : [
              "default"
            ],
            "variables" : {
              "nodeRegex" : {
                "description" : "Only check nodes whose name matches this regex",
                "optional" : false,
                "type" : "javaRegex",
                "value" : ".*"
              }
            }
          },
          "nodeRegex" : ".*"
        },
        "status" : "SUCCESS",
        "summary" : {
          "numFailed" : 0,
          "numPassed" : 0,
          "numResults" : 22
        }
      }
    }
  }
]