[
  {
    "class" : "org.batfish.datamodel.answers.RunAnalysisAnswerElement",
    "answers" : {
      "unusedstructures" : {
        "answerElements" : [
          {
            "class" : "org.batfish.question.UnusedStructuresQuestionPlugin$UnusedStructuresAnswerElement",
            "problems" : {
              "unused:bgp group:as1" : {
                "description" : "Unused structure of type: 'bgp group' with name: 'as1'",
                "files" : {
                  "as2border2.cfg" : [
                    86
                  ],
                  "as3border1.cfg" : [
                    81
                  ]
                }
              },
              "unused:bgp group:as2" : {
                "description" : "Unused structure of type: 'bgp group' with name: 'as2'",
                "files" : {
                  "as1border2.cfg" : [
                    87
                  ],
                  "as3border2.cfg" : [
                    83
                  ]
                }
              },
              "unused:bgp group:as3" : {
                "description" : "Unused structure of type: 'bgp group' with name: 'as3'",
                "files" : {
                  "as1border1.cfg" : [
                    83
                  ],
                  "as2border1.cfg" : [
                    93
                  ]
                }
              },
              "unused:expanded community-list:as1_community" : {
                "description" : "Unused structure of type: 'expanded community-list' with name: 'as1_community'",
                "files" : {
                  "as1border1.cfg" : [
                    119
                  ],
                  "as1border2.cfg" : [
                    123
                  ]
                }
              },
              "unused:expanded community-list:as2_community" : {
                "description" : "Unused structure of type: 'expanded community-list' with name: 'as2_community'",
                "files" : {
                  "as2border1.cfg" : [
                    124
                  ],
                  "as2border2.cfg" : [
                    121
                  ]
                }
              },
              "unused:expanded community-list:as3_community" : {
                "description" : "Unused structure of type: 'expanded community-list' with name: 'as3_community'",
                "files" : {
                  "as3border1.cfg" : [
                    115
                  ],
                  "as3border2.cfg" : [
                    115
                  ]
                }
              },
              "unused:extended ip access-list:102" : {
                "description" : "Unused structure of type: 'extended ip access-list' with name: '102'",
                "files" : {
                  "as2dist1.cfg" : [
                    116
                  ],
                  "as2dist2.cfg" : [
                    116
                  ]
                }
              },
              "unused:extended ip access-list:105" : {
                "description" : "Unused structure of type: 'extended ip access-list' with name: '105'",
                "files" : {
                  "as2dept1.cfg" : [
                    121,
                    122,
                    123,
                    124
                  ]
                }
              },
              "unused:extended ip access-list:RESTRICT_HOST_TRAFFIC_OUT" : {
                "description" : "Unused structure of type: 'extended ip access-list' with name: 'RESTRICT_HOST_TRAFFIC_OUT'",
                "files" : {
                  "as2dept1.cfg" : [
                    114,
                    115,
                    116,
                    117
                  ]
                }
              },
              "unused:ipv4 prefix-list:inbound_route_filter" : {
                "description" : "Unused structure of type: 'ipv4 prefix-list' with name: 'inbound_route_filter'",
                "files" : {
                  "as1border1.cfg" : [
                    129,
                    130
                  ],
                  "as1border2.cfg" : [
                    134,
                    135
                  ],
                  "as2border1.cfg" : [
                    140,
                    141
                  ],
                  "as2border2.cfg" : [
                    136,
                    137
                  ],
                  "as3border1.cfg" : [
                    123,
                    124
                  ],
                  "as3border2.cfg" : [
                    121,
                    122
                  ]
                }
              }
            },
            "summary" : {
              "numFailed" : 0,
              "numPassed" : 0,
              "numResults" : 22
            },
            "unusedStructures" : {
              "as1border1" : {
                "bgp group" : {
                  "as3" : [
                    83
                  ]
                },
                "expanded community-list" : {
                  "as1_community" : [
                    119
                  ]
                },
                "ipv4 prefix-list" : {
                  "inbound_route_filter" : [
                    129,
                    130
                  ]
                }
              },
              "as1border2" : {
                "bgp group" : {
                  "as2" : [
                    87
                  ]
                },
                "expanded community-list" : {
                  "as1_community" : [
                    123
                  ]
                },
                "ipv4 prefix-list" : {
                  "inbound_route_filter" : [
                    134,
                    135
                  ]
                }
              },
              "as2border1" : {
                "bgp group" : {
                  "as3" : [
                    93
                  ]
                },
                "expanded community-list" : {
                  "as2_community" : [
                    124
                  ]
                },
                "ipv4 prefix-list" : {
                  "inbound_route_filter" : [
                    140,
                    141
                  ]
                }
              },
              "as2border2" : {
                "bgp group" : {
                  "as1" : [
                    86
                  ]
                },
                "expanded community-list" : {
                  "as2_community" : [
                    121
                  ]
                },
                "ipv4 prefix-list" : {
                  "inbound_route_filter" : [
                    136,
                    137
                  ]
                }
              },
              "as2dept1" : {
                "extended ip access-list" : {
                  "105" : [
                    121,
                    122,
                    123,
                    124
                  ],
                  "RESTRICT_HOST_TRAFFIC_OUT" : [
                    114,
                    115,
                    116,
                    117
                  ]
                }
              },
              "as2dist1" : {
                "extended ip access-list" : {
                  "102" : [
                    116
                  ]
                }
              },
              "as2dist2" : {
                "extended ip access-list" : {
                  "102" : [
                    116
                  ]
                }
              },
              "as3border1" : {
                "bgp group" : {
                  "as1" : [
                    81
                  ]
                },
                "expanded community-list" : {
                  "as3_community" : [
                    115
                  ]
                },
                "ipv4 prefix-list" : {
                  "inbound_route_filter" : [
                    123,
                    124
                  ]
                }
              },
              "as3border2" : {
                "bgp group" : {
                  "as2" : [
                    83
                  ]
                },
                "expanded community-list" : {
                  "as3_community" : [
                    115
                  ]
                },
                "ipv4 prefix-list" : {
                  "inbound_route_filter" : [
                    121,
                    122
                  ]
                }
              }
            }
          }
        ],
        "question" : {
          "class" : "org.batfish.question.UnusedStructuresQuestionPlugin$UnusedStructuresQuestion",
          "differential" : false,
          "instance" : {
            "description" : "Outputs cases where structures (e.g., ACL, routemaps) are defined but not used.",
            "instanceName" : "unusedStructures",
            "longDescription" : "Such occurrences could be configuration errors or leftover cruft.",
            "tags" : [
              "default"
            ],
            "variables" : {
              "nodeRegex" : {
                "description" : "Only check nodes whose name matches this regex",
                "optional" : false,
                "type" : "javaRegex",
                "value" : ".*"
              }
            }
          },
          "nodeRegex" : ".*"
        },
        "status" : "SUCCESS",
        "summary" : {
          "numFailed" : 0,
          "numPassed" : 0,
          "numResults" : 22
        }
      }
    }
  }
]