[
  {
    "class" : "org.batfish.question.jsonpath.JsonPathQuestionPlugin$JsonPathAnswerElement",
    "results" : {
      "0" : {
        "assertionResult" : true,
        "numResults" : 4,
        "result" : {
          "'nodes'->'as3border1'->'interfaces'->'Ethernet0/0'->'mtu'" : {
            "concretePath" : [
              "'nodes'",
              "'as3border1'",
              "'interfaces'",
              "'Ethernet0/0'",
              "'mtu'"
            ]
          },
          "'nodes'->'as3border1'->'interfaces'->'GigabitEthernet0/0'->'mtu'" : {
            "concretePath" : [
              "'nodes'",
              "'as3border1'",
              "'interfaces'",
              "'GigabitEthernet0/0'",
              "'mtu'"
            ]
          },
          "'nodes'->'as3border1'->'interfaces'->'GigabitEthernet1/0'->'mtu'" : {
            "concretePath" : [
              "'nodes'",
              "'as3border1'",
              "'interfaces'",
              "'GigabitEthernet1/0'",
              "'mtu'"
            ]
          },
          "'nodes'->'as3border1'->'interfaces'->'Loopback0'->'mtu'" : {
            "concretePath" : [
              "'nodes'",
              "'as3border1'",
              "'interfaces'",
              "'Loopback0'",
              "'mtu'"
            ]
          }
        }
      }
    },
    "summary" : {
      "numFailed" : 0,
      "numPassed" : 1,
      "numResults" : 4
    }
  }
]