{
  "answerElements" : [
    {
      "class" : "org.batfish.common.BatfishException$BatfishStackTrace",
      "contents" : [
        "org.batfish.common.BatfishException: Failed to answer question\r",
        "   at org.batfish.main.Batfish.answer(Batfish.java:412)\r",
        "   at org.batfish.main.Batfish.run(Batfish.java:2784)\r",
        "   at org.batfish.main.Driver$1.run(Driver.java:270)\r",
        "Caused by: org.batfish.common.BatfishException: error question debugging outer exception\r",
        "   at org.batfish.question.ErrorQuestionPlugin$ErrorAnswerer.answer(ErrorQuestionPlugin.java:19)\r",
        "   at org.batfish.main.Batfish.answer(Batfish.java:408)\r",
        "   ... 2 more\r",
        "Caused by: org.batfish.common.BatfishException: error question debugging inner exception\r",
        "   ... 4 more\r"
      ]
    }
  ],
  "question" : {
    "class" : "org.batfish.question.ErrorQuestionPlugin$ErrorQuestion"
  },
  "status" : "FAILURE"
}