{
  "answerElements" : [
    {
      "class" : "org.batfish.question.NeighborsQuestionPlugin$NeighborsAnswerElement",
      "ebgpNeighbors" : [
        {
          "ip1" : "10.12.11.1",
          "ip2" : "10.12.11.2",
          "node1" : "as1border1",
          "node2" : "as2border1"
        },
        {
          "ip1" : "10.13.22.1",
          "ip2" : "10.13.22.3",
          "node1" : "as1border2",
          "node2" : "as3border2"
        },
        {
          "ip1" : "10.12.11.2",
          "ip2" : "10.12.11.1",
          "node1" : "as2border1",
          "node2" : "as1border1"
        },
        {
          "ip1" : "10.23.21.2",
          "ip2" : "10.23.21.3",
          "node1" : "as2border2",
          "node2" : "as3border1"
        },
        {
          "ip1" : "2.34.101.4",
          "ip2" : "2.34.101.3",
          "node1" : "as2dept1",
          "node2" : "as2dist1"
        },
        {
          "ip1" : "2.34.201.4",
          "ip2" : "2.34.201.3",
          "node1" : "as2dept1",
          "node2" : "as2dist2"
        },
        {
          "ip1" : "2.34.101.3",
          "ip2" : "2.34.101.4",
          "node1" : "as2dist1",
          "node2" : "as2dept1"
        },
        {
          "ip1" : "2.34.201.3",
          "ip2" : "2.34.201.4",
          "node1" : "as2dist2",
          "node2" : "as2dept1"
        },
        {
          "ip1" : "10.23.21.3",
          "ip2" : "10.23.21.2",
          "node1" : "as3border1",
          "node2" : "as2border2"
        },
        {
          "ip1" : "10.13.22.3",
          "ip2" : "10.13.22.1",
          "node1" : "as3border2",
          "node2" : "as1border2"
        }
      ]
    }
  ],
  "question" : {
    "class" : "org.batfish.question.NeighborsQuestionPlugin$NeighborsQuestion",
    "differential" : false,
    "neighborType" : [
      "ebgp"
    ],
    "node1Regex" : ".*",
    "node2Regex" : ".*"
  },
  "status" : "SUCCESS"
}