{
  "answerElements" : [
    {
      "class" : "org.batfish.datamodel.answers.InitInfoAnswerElement",
      "errors" : {
        "as1r1.cfg" : [
          {
            "class" : "org.batfish.common.BatfishException$BatfishStackTrace",
            "answer" : [
              "org.batfish.common.BatfishException: Error parsing configuration file: '/Users/andrew/BatFish/batfish/containers/cp_255b39b1-c04e-41bf-a7fa-363c96601d09/tr_eaea7bf0-8569-4545-a28f-74cea7871dc6/testrig/configs/as1r1.cfg'",
              "   at org.batfish.job.ParseVendorConfigurationJob.call(ParseVendorConfigurationJob.java:320)",
              "   at org.batfish.job.ParseVendorConfigurationJob.call(ParseVendorConfigurationJob.java:32)",
              "   at java.util.concurrent.FutureTask.run(FutureTask.java:266)",
              "   at java.util.concurrent.ThreadPoolExecutor.runWorker(ThreadPoolExecutor.java:1142)",
              "   at java.util.concurrent.ThreadPoolExecutor$Worker.run(ThreadPoolExecutor.java:617)",
              "   at java.lang.Thread.run(Thread.java:748)",
              "Caused by: org.batfish.main.ParserBatfishException: Parser error",
              "   at org.batfish.main.Batfish.parse(Batfish.java:404)",
              "   at org.batfish.job.ParseVendorConfigurationJob.call(ParseVendorConfigurationJob.java:305)",
              "   ... 5 more",
              "Caused by: org.batfish.common.DebugBatfishException: ",
              "parser: CiscoParser: line 5:23: no viable alternative at input 'ip address 10.12.11.1 255.255.255.0aaaaa:wq'",
              "Offending Token:  line 5:23  VARIABLE:'255.255.255.0aaaaa:wq'  <== mode:DEFAULT_MODE",
              "Error parsing top (leftmost) parser rule in stack: '[s_interface stanza cisco_configuration]'.",
              "Parse tree of current rule:",
              "(s_interface",
              "  INTERFACE:'interface'  <== mode:DEFAULT_MODE",
              "  (interface_name",
              "    M_Interface_PREFIX:'FastEthernet'  <== mode:M_Interface",
              "    DEC:'0'  <== mode:M_Interface",
              "    FORWARD_SLASH:'/'  <== mode:M_Interface",
              "    (range",
              "      (subrange",
              "        DEC:'0'  <== mode:M_Interface)))",
              "  NEWLINE:'\\n'  <== mode:M_Interface)",
              "Unconsumed tokens:",
              " line 5:1  IP:'ip'  <== mode:DEFAULT_MODE",
              " line 5:3 (HIDDEN)  WS:' '  <== mode:DEFAULT_MODE",
              " line 5:4  ADDRESS:'address'  <== mode:DEFAULT_MODE",
              " line 5:11 (HIDDEN)  WS:' '  <== mode:DEFAULT_MODE",
              " line 5:12  IP_ADDRESS:'10.12.11.1'  <== mode:DEFAULT_MODE",
              " line 5:22 (HIDDEN)  WS:' '  <== mode:DEFAULT_MODE",
              " line 5:23  VARIABLE:'255.255.255.0aaaaa:wq'  <== mode:DEFAULT_MODE",
              " line 5:44  NEWLINE:'\\n'  <== mode:DEFAULT_MODE",
              " line 6:0 (HIDDEN)  COMMENT_LINE:'!\\n'  <== mode:DEFAULT_MODE",
              " line 7:0  INTERFACE:'interface'  <== mode:DEFAULT_MODE",
              " line 7:9 (HIDDEN)  M_Interface_WS:' '  <== mode:M_Interface",
              " line 7:10  M_Interface_PREFIX:'Loopback'  <== mode:M_Interface",
              " line 7:18  DEC:'0'  <== mode:M_Interface",
              " line 7:19  NEWLINE:'\\n'  <== mode:M_Interface",
              " line 8:0 (HIDDEN)  WS:' '  <== mode:DEFAULT_MODE",
              " line 8:1  IP:'ip'  <== mode:DEFAULT_MODE",
              " line 8:3 (HIDDEN)  WS:' '  <== mode:DEFAULT_MODE",
              " line 8:4  ADDRESS:'address'  <== mode:DEFAULT_MODE",
              " line 8:11 (HIDDEN)  WS:' '  <== mode:DEFAULT_MODE",
              " line 8:12  IP_ADDRESS:'1.0.0.1'  <== mode:DEFAULT_MODE",
              " line 8:19 (HIDDEN)  WS:' '  <== mode:DEFAULT_MODE",
              " line 8:20  IP_ADDRESS:'255.255.255.255'  <== mode:DEFAULT_MODE",
              " line 8:35  NEWLINE:'\\n'  <== mode:DEFAULT_MODE",
              " line 9:0 (HIDDEN)  COMMENT_LINE:'!\\n'  <== mode:DEFAULT_MODE",
              " line 10:0  ROUTER:'router'  <== mode:DEFAULT_MODE",
              " line 10:6 (HIDDEN)  WS:' '  <== mode:DEFAULT_MODE",
              " line 10:7  BGP:'bgp'  <== mode:DEFAULT_MODE",
              " line 10:10 (HIDDEN)  WS:' '  <== mode:DEFAULT_MODE",
              " line 10:11  DEC:'1'  <== mode:DEFAULT_MODE",
              " line 10:12  NEWLINE:'\\n'  <== mode:DEFAULT_MODE",
              " line 11:0 (HIDDEN)  WS:' '  <== mode:DEFAULT_MODE",
              " line 11:1  NEIGHBOR:'neighbor'  <== mode:DEFAULT_MODE",
              " line 11:9 (HIDDEN)  M_NEIGHBOR_WS:' '  <== mode:M_NEIGHBOR",
              " line 11:10  IP_ADDRESS:'10.12.11.2'  <== mode:M_NEIGHBOR",
              " line 11:20 (HIDDEN)  WS:' '  <== mode:DEFAULT_MODE",
              " line 11:21  REMOTE_AS:'remote-as'  <== mode:DEFAULT_MODE",
              " line 11:30 (HIDDEN)  WS:' '  <== mode:DEFAULT_MODE",
              " line 11:31  DEC:'2'  <== mode:DEFAULT_MODE",
              " line 11:32  NEWLINE:'\\n'  <== mode:DEFAULT_MODE",
              " line 12:0 (HIDDEN)  WS:' '  <== mode:DEFAULT_MODE",
              " line 12:1  NEIGHBOR:'neighbor'  <== mode:DEFAULT_MODE",
              " line 12:9 (HIDDEN)  M_NEIGHBOR_WS:' '  <== mode:M_NEIGHBOR",
              " line 12:10  IP_ADDRESS:'10.12.11.2'  <== mode:M_NEIGHBOR",
              " line 12:20 (HIDDEN)  WS:' '  <== mode:DEFAULT_MODE",
              " line 12:21  ALLOWAS_IN:'allowas-in'  <== mode:DEFAULT_MODE",
              " line 12:31  NEWLINE:'\\n'  <== mode:DEFAULT_MODE",
              " line 13:0 (HIDDEN)  WS:' '  <== mode:DEFAULT_MODE",
              " line 13:1  NETWORK:'network'  <== mode:DEFAULT_MODE",
              " line 13:8 (HIDDEN)  WS:' '  <== mode:DEFAULT_MODE",
              " line 13:9  IP_ADDRESS:'1.0.0.1'  <== mode:DEFAULT_MODE",
              " line 13:16 (HIDDEN)  WS:' '  <== mode:DEFAULT_MODE",
              " line 13:17  MASK:'mask'  <== mode:DEFAULT_MODE",
              " line 13:21 (HIDDEN)  WS:' '  <== mode:DEFAULT_MODE",
              " line 13:22  IP_ADDRESS:'255.255.255.255'  <== mode:DEFAULT_MODE",
              " line 13:37  NEWLINE:'\\n'  <== mode:DEFAULT_MODE",
              " line 14:0 (HIDDEN)  COMMENT_LINE:'!\\n\\n\\n'  <== mode:DEFAULT_MODE",
              " line 17:0  EOF:<EOF>  <== mode:DEFAULT_MODE",
              "Previous 10 tokens:",
              " line 2:14  NEWLINE:'\\n'  <== mode:DEFAULT_MODE",
              " line 3:0 (HIDDEN)  COMMENT_LINE:'!\\n'  <== mode:DEFAULT_MODE",
              " line 4:0  INTERFACE:'interface'  <== mode:DEFAULT_MODE",
              " line 4:9 (HIDDEN)  M_Interface_WS:' '  <== mode:M_Interface",
              " line 4:10  M_Interface_PREFIX:'FastEthernet'  <== mode:M_Interface",
              " line 4:22  DEC:'0'  <== mode:M_Interface",
              " line 4:23  FORWARD_SLASH:'/'  <== mode:M_Interface",
              " line 4:24  DEC:'0'  <== mode:M_Interface",
              " line 4:25  NEWLINE:'\\n'  <== mode:M_Interface",
              " line 5:0 (HIDDEN)  WS:' '  <== mode:DEFAULT_MODE",
              "Parser state info:",
              "_multilineBgpNeighbors: true",
              "",
              "Error context lines:",
              "   1:      !",
              "   2:      hostname as1r1",
              "   3:      !",
              "   4:      interface FastEthernet0/0",
              ">>>5:       ip address 10.12.11.1 255.255.255.0aaaaa:wq",
              "   6:      !",
              "   7:      interface Loopback0",
              "   8:       ip address 1.0.0.1 255.255.255.255",
              "   9:      !",
              "   10:     router bgp 1",
              "   11:      neighbor 10.12.11.2 remote-as 2",
              "   12:      neighbor 10.12.11.2 allowas-in",
              "   13:      network 1.0.0.1 mask 255.255.255.255",
              "   14:     !",
              "   15:     ",
              "",
              "   at org.batfish.grammar.BatfishParserErrorListener.syntaxError(BatfishParserErrorListener.java:114)",
              "   at org.batfish.grammar.BatfishParserErrorListener.syntaxError(BatfishParserErrorListener.java:126)",
              "   at org.antlr.v4.runtime.ProxyErrorListener.syntaxError(ProxyErrorListener.java:41)",
              "   at org.antlr.v4.runtime.Parser.notifyErrorListeners(Parser.java:544)",
              "   at org.antlr.v4.runtime.DefaultErrorStrategy.reportNoViableAlternative(DefaultErrorStrategy.java:282)",
              "   at org.antlr.v4.runtime.DefaultErrorStrategy.reportError(DefaultErrorStrategy.java:121)",
              "   at org.batfish.grammar.cisco.CiscoParser.s_interface(CiscoParser.java)",
              "   at org.batfish.grammar.cisco.CiscoParser.stanza(CiscoParser.java:24059)",
              "   at org.batfish.grammar.cisco.CiscoParser.cisco_configuration(CiscoParser.java:2415)",
              "   at org.batfish.grammar.cisco.CiscoCombinedParser.parse(CiscoCombinedParser.java:44)",
              "   at org.batfish.grammar.cisco.CiscoCombinedParser.parse(CiscoCombinedParser.java:9)",
              "   at org.batfish.main.Batfish.parse(Batfish.java:401)",
              "   ... 6 more"
            ]
          }
        ]
      },
      "parseStatus" : {
        "as1r1.cfg" : "FAILED",
        "as1r2" : "PASSED",
        "as2r1" : "PASSED"
      }
    }
  ],
  "question" : {
    "class" : "org.batfish.question.InitInfoQuestionPlugin$InitInfoQuestion",
    "differential" : false,
    "environmentRoutes" : false,
    "summary" : false,
    "verboseError" : true
  },
  "status" : "SUCCESS"
}
