{
  "class" : "org.batfish.question.initialization.InitIssuesQuestion",
  "differential" : false,
  "includeOneTableKeys" : true,
  "instance" : {
    "description" : "Returns issues encountered when processing the snapshot.",
    "instanceName" : "qname",
    "longDescription" : "Reports issues encountered by Batfish, including failure to recognize certain lines in the configuration, lack of support for certain features, and errors when converting to vendor-independent models.",
    "tags" : [
      "initialization"
    ]
  }
}