{
  "class" : "org.batfish.question.ipowners.IpOwnersQuestion",
  "duplicatesOnly" : false,
  "differential" : false,
  "includeOneTableKeys" : true,
  "instance" : {
    "description" : "Outputs the mapping from IPs to node, VRF, and interface combination.",
    "instanceName" : "qname",
    "tags" : [
      "configuration",
      "ip"
    ],
    "variables" : {
      "duplicatesOnly" : {
        "description" : "Whether to return duplicate IPs only (owned by different node/VRF)",
        "optional" : false,
        "type" : "boolean",
        "value" : false
      }
    }
  }
}