{
  "class" : "org.batfish.question.initialization.ParseWarningQuestion",
  "aggregateDuplicates" : true,
  "differential" : false,
  "includeOneTableKeys" : true,
  "instance" : {
    "description" : "Return warnings that occurred when parsing the snapshot",
    "instanceName" : "qname",
    "tags" : [
      "file",
      "initialization",
      "parse"
    ],
    "variables" : {
      "aggregateDuplicates" : {
        "description" : "Whether to aggregate duplicate results",
        "displayName" : "Aggregate duplicates",
        "optional" : true,
        "type" : "boolean",
        "value" : true
      }
    }
  }
}