{
  "class" : "org.batfish.question.aclreachability2.AclReachability2Question",
  "filterSpecifierFactory" : "FlexibleFilterSpecifierFactory",
  "filterSpecifierInput" : ".*",
  "nodeSpecifierFactory" : "FlexibleNodeSpecifierFactory",
  "nodeSpecifierInput" : ".*",
  "differential" : false,
  "includeOneTableKeys" : true,
  "instance" : {
    "description" : "Identifies unreachable lines in ACLs",
    "instanceName" : "qname",
    "longDescription" : "Report ACLs with unreachable lines, as well as reachability of each line within the ACL. Unreachable lines can indicate erroneous configuration.",
    "tags" : [
      "acl",
      "default"
    ],
    "variables" : {
      "filterSpecifierFactory" : {
        "description" : "FilterSpecifierFactory used to process filterSpecifierInput",
        "optional" : true,
        "type" : "string",
        "value" : "FlexibleFilterSpecifierFactory"
      },
      "filterSpecifierInput" : {
        "description" : "Specifies the filter(s) to be analyzed",
        "optional" : true,
        "type" : "string",
        "value" : ".*"
      },
      "nodeSpecifierFactory" : {
        "description" : "NodeSpecifierFactory used to process nodeSpecifierInput",
        "optional" : true,
        "type" : "string",
        "value" : "FlexibleNodeSpecifierFactory"
      },
      "nodeSpecifierInput" : {
        "description" : "Only analyze filters on specified nodes",
        "optional" : true,
        "type" : "string",
        "value" : ".*"
      }
    }
  }
}