[
  {
    "class" : "org.batfish.datamodel.table.TableAnswerElement",
    "metadata" : {
      "columnMetadata" : [
        {
          "description" : "The node where this session is configured",
          "isKey" : true,
          "isValue" : false,
          "name" : "node",
          "schema" : "Node"
        },
        {
          "description" : "The local IP of the session",
          "isKey" : false,
          "isValue" : false,
          "name" : "localIp",
          "schema" : "Ip"
        },
        {
          "description" : "The VRF in which this session is configured",
          "isKey" : true,
          "isValue" : false,
          "name" : "vrfName",
          "schema" : "String"
        },
        {
          "description" : "Local interface of the session",
          "isKey" : false,
          "isValue" : true,
          "name" : "localInterface",
          "schema" : "Interface"
        },
        {
          "description" : "Remote node for this session",
          "isKey" : false,
          "isValue" : false,
          "name" : "remoteNode",
          "schema" : "Node"
        },
        {
          "description" : "Remote prefix for this session",
          "isKey" : true,
          "isValue" : false,
          "name" : "remotePrefix",
          "schema" : "Prefix"
        },
        {
          "description" : "The type of this session",
          "isKey" : false,
          "isValue" : false,
          "name" : "sessionType",
          "schema" : "String"
        },
        {
          "description" : "Configured status",
          "isKey" : false,
          "isValue" : true,
          "name" : "configuredStatus",
          "schema" : "String"
        },
        {
          "description" : "Number of neighbors with whom BGP session was established",
          "isKey" : false,
          "isValue" : true,
          "name" : "establishedNeighbors",
          "schema" : "Integer"
        }
      ],
      "displayHints" : {
        "textDesc" : "On ${node} session ${vrfName}:${remotePrefix} has configured status ${configuredStatus}."
      }
    },
    "rows" : [
      {
        "configuredStatus" : "UNIQUE_MATCH",
        "establishedNeighbors" : -1,
        "localInterface" : {
          "hostname" : "as2core2",
          "interface" : "Loopback0"
        },
        "localIp" : "2.1.2.2",
        "node" : {
          "id" : "node-as2core2",
          "name" : "as2core2"
        },
        "remoteNode" : {
          "id" : "node-as2dist2",
          "name" : "as2dist2"
        },
        "remotePrefix" : "2.1.3.2/32",
        "sessionType" : "IBGP",
        "vrfName" : "default"
      },
      {
        "configuredStatus" : "UNIQUE_MATCH",
        "establishedNeighbors" : -1,
        "localInterface" : {
          "hostname" : "as2dist1",
          "interface" : "GigabitEthernet2/0"
        },
        "localIp" : "2.34.101.3",
        "node" : {
          "id" : "node-as2dist1",
          "name" : "as2dist1"
        },
        "remoteNode" : {
          "id" : "node-as2dept1",
          "name" : "as2dept1"
        },
        "remotePrefix" : "2.34.101.4/32",
        "sessionType" : "EBGP_SINGLEHOP",
        "vrfName" : "default"
      },
      {
        "configuredStatus" : "UNIQUE_MATCH",
        "establishedNeighbors" : -1,
        "localInterface" : {
          "hostname" : "as2dist2",
          "interface" : "Loopback0"
        },
        "localIp" : "2.1.3.2",
        "node" : {
          "id" : "node-as2dist2",
          "name" : "as2dist2"
        },
        "remoteNode" : {
          "id" : "node-as2core2",
          "name" : "as2core2"
        },
        "remotePrefix" : "2.1.2.2/32",
        "sessionType" : "IBGP",
        "vrfName" : "default"
      },
      {
        "configuredStatus" : "UNIQUE_MATCH",
        "establishedNeighbors" : -1,
        "localInterface" : {
          "hostname" : "as2core1",
          "interface" : "Loopback0"
        },
        "localIp" : "2.1.2.1",
        "node" : {
          "id" : "node-as2core1",
          "name" : "as2core1"
        },
        "remoteNode" : {
          "id" : "node-as2dist2",
          "name" : "as2dist2"
        },
        "remotePrefix" : "2.1.3.2/32",
        "sessionType" : "IBGP",
        "vrfName" : "default"
      },
      {
        "configuredStatus" : "UNIQUE_MATCH",
        "establishedNeighbors" : -1,
        "localInterface" : {
          "hostname" : "as2dept1",
          "interface" : "GigabitEthernet0/0"
        },
        "localIp" : "2.34.101.4",
        "node" : {
          "id" : "node-as2dept1",
          "name" : "as2dept1"
        },
        "remoteNode" : {
          "id" : "node-as2dist1",
          "name" : "as2dist1"
        },
        "remotePrefix" : "2.34.101.3/32",
        "sessionType" : "EBGP_SINGLEHOP",
        "vrfName" : "default"
      },
      {
        "configuredStatus" : "UNIQUE_MATCH",
        "establishedNeighbors" : -1,
        "localInterface" : {
          "hostname" : "as2core1",
          "interface" : "Loopback0"
        },
        "localIp" : "2.1.2.1",
        "node" : {
          "id" : "node-as2core1",
          "name" : "as2core1"
        },
        "remoteNode" : {
          "id" : "node-as2border1",
          "name" : "as2border1"
        },
        "remotePrefix" : "2.1.1.1/32",
        "sessionType" : "IBGP",
        "vrfName" : "default"
      },
      {
        "configuredStatus" : "UNIQUE_MATCH",
        "establishedNeighbors" : -1,
        "localInterface" : {
          "hostname" : "as2core1",
          "interface" : "Loopback0"
        },
        "localIp" : "2.1.2.1",
        "node" : {
          "id" : "node-as2core1",
          "name" : "as2core1"
        },
        "remoteNode" : {
          "id" : "node-as2dist1",
          "name" : "as2dist1"
        },
        "remotePrefix" : "2.1.3.1/32",
        "sessionType" : "IBGP",
        "vrfName" : "default"
      },
      {
        "configuredStatus" : "UNIQUE_MATCH",
        "establishedNeighbors" : -1,
        "localInterface" : {
          "hostname" : "as2core2",
          "interface" : "Loopback0"
        },
        "localIp" : "2.1.2.2",
        "node" : {
          "id" : "node-as2core2",
          "name" : "as2core2"
        },
        "remoteNode" : {
          "id" : "node-as2border1",
          "name" : "as2border1"
        },
        "remotePrefix" : "2.1.1.1/32",
        "sessionType" : "IBGP",
        "vrfName" : "default"
      },
      {
        "configuredStatus" : "UNIQUE_MATCH",
        "establishedNeighbors" : -1,
        "localInterface" : {
          "hostname" : "as2dist1",
          "interface" : "Loopback0"
        },
        "localIp" : "2.1.3.1",
        "node" : {
          "id" : "node-as2dist1",
          "name" : "as2dist1"
        },
        "remoteNode" : {
          "id" : "node-as2core2",
          "name" : "as2core2"
        },
        "remotePrefix" : "2.1.2.2/32",
        "sessionType" : "IBGP",
        "vrfName" : "default"
      },
      {
        "configuredStatus" : "UNKNOWN_REMOTE",
        "establishedNeighbors" : -1,
        "localInterface" : {
          "hostname" : "as1border2",
          "interface" : "GigabitEthernet2/0"
        },
        "localIp" : "10.14.22.1",
        "node" : {
          "id" : "node-as1border2",
          "name" : "as1border2"
        },
        "remoteNode" : null,
        "remotePrefix" : "10.14.22.4/32",
        "sessionType" : "EBGP_SINGLEHOP",
        "vrfName" : "default"
      },
      {
        "configuredStatus" : "UNIQUE_MATCH",
        "establishedNeighbors" : -1,
        "localInterface" : {
          "hostname" : "as1core1",
          "interface" : "Loopback0"
        },
        "localIp" : "1.10.1.1",
        "node" : {
          "id" : "node-as1core1",
          "name" : "as1core1"
        },
        "remoteNode" : {
          "id" : "node-as1border2",
          "name" : "as1border2"
        },
        "remotePrefix" : "1.2.2.2/32",
        "sessionType" : "IBGP",
        "vrfName" : "default"
      },
      {
        "configuredStatus" : "UNIQUE_MATCH",
        "establishedNeighbors" : -1,
        "localInterface" : {
          "hostname" : "as2dept1",
          "interface" : "GigabitEthernet1/0"
        },
        "localIp" : "2.34.201.4",
        "node" : {
          "id" : "node-as2dept1",
          "name" : "as2dept1"
        },
        "remoteNode" : {
          "id" : "node-as2dist2",
          "name" : "as2dist2"
        },
        "remotePrefix" : "2.34.201.3/32",
        "sessionType" : "EBGP_SINGLEHOP",
        "vrfName" : "default"
      },
      {
        "configuredStatus" : "UNIQUE_MATCH",
        "establishedNeighbors" : -1,
        "localInterface" : {
          "hostname" : "as2core2",
          "interface" : "Loopback0"
        },
        "localIp" : "2.1.2.2",
        "node" : {
          "id" : "node-as2core2",
          "name" : "as2core2"
        },
        "remoteNode" : {
          "id" : "node-as2dist1",
          "name" : "as2dist1"
        },
        "remotePrefix" : "2.1.3.1/32",
        "sessionType" : "IBGP",
        "vrfName" : "default"
      },
      {
        "configuredStatus" : "UNIQUE_MATCH",
        "establishedNeighbors" : -1,
        "localInterface" : {
          "hostname" : "as2border2",
          "interface" : "Loopback0"
        },
        "localIp" : "2.1.1.2",
        "node" : {
          "id" : "node-as2border2",
          "name" : "as2border2"
        },
        "remoteNode" : {
          "id" : "node-as2core1",
          "name" : "as2core1"
        },
        "remotePrefix" : "2.1.2.1/32",
        "sessionType" : "IBGP",
        "vrfName" : "default"
      },
      {
        "configuredStatus" : "UNIQUE_MATCH",
        "establishedNeighbors" : -1,
        "localInterface" : {
          "hostname" : "as2core2",
          "interface" : "Loopback0"
        },
        "localIp" : "2.1.2.2",
        "node" : {
          "id" : "node-as2core2",
          "name" : "as2core2"
        },
        "remoteNode" : {
          "id" : "node-as2border2",
          "name" : "as2border2"
        },
        "remotePrefix" : "2.1.1.2/32",
        "sessionType" : "IBGP",
        "vrfName" : "default"
      },
      {
        "configuredStatus" : "UNIQUE_MATCH",
        "establishedNeighbors" : -1,
        "localInterface" : {
          "hostname" : "as2border1",
          "interface" : "Loopback0"
        },
        "localIp" : "2.1.1.1",
        "node" : {
          "id" : "node-as2border1",
          "name" : "as2border1"
        },
        "remoteNode" : {
          "id" : "node-as2core1",
          "name" : "as2core1"
        },
        "remotePrefix" : "2.1.2.1/32",
        "sessionType" : "IBGP",
        "vrfName" : "default"
      },
      {
        "configuredStatus" : "UNIQUE_MATCH",
        "establishedNeighbors" : -1,
        "localInterface" : {
          "hostname" : "as2border2",
          "interface" : "GigabitEthernet0/0"
        },
        "localIp" : "10.23.21.2",
        "node" : {
          "id" : "node-as2border2",
          "name" : "as2border2"
        },
        "remoteNode" : {
          "id" : "node-as3border1",
          "name" : "as3border1"
        },
        "remotePrefix" : "10.23.21.3/32",
        "sessionType" : "EBGP_SINGLEHOP",
        "vrfName" : "default"
      },
      {
        "configuredStatus" : "UNIQUE_MATCH",
        "establishedNeighbors" : -1,
        "localInterface" : {
          "hostname" : "as2core1",
          "interface" : "Loopback0"
        },
        "localIp" : "2.1.2.1",
        "node" : {
          "id" : "node-as2core1",
          "name" : "as2core1"
        },
        "remoteNode" : {
          "id" : "node-as2border2",
          "name" : "as2border2"
        },
        "remotePrefix" : "2.1.1.2/32",
        "sessionType" : "IBGP",
        "vrfName" : "default"
      },
      {
        "configuredStatus" : "UNIQUE_MATCH",
        "establishedNeighbors" : -1,
        "localInterface" : {
          "hostname" : "as1border1",
          "interface" : "Loopback0"
        },
        "localIp" : "1.1.1.1",
        "node" : {
          "id" : "node-as1border1",
          "name" : "as1border1"
        },
        "remoteNode" : {
          "id" : "node-as1core1",
          "name" : "as1core1"
        },
        "remotePrefix" : "1.10.1.1/32",
        "sessionType" : "IBGP",
        "vrfName" : "default"
      },
      {
        "configuredStatus" : "UNIQUE_MATCH",
        "establishedNeighbors" : -1,
        "localInterface" : {
          "hostname" : "as2dist2",
          "interface" : "Loopback0"
        },
        "localIp" : "2.1.3.2",
        "node" : {
          "id" : "node-as2dist2",
          "name" : "as2dist2"
        },
        "remoteNode" : {
          "id" : "node-as2core1",
          "name" : "as2core1"
        },
        "remotePrefix" : "2.1.2.1/32",
        "sessionType" : "IBGP",
        "vrfName" : "default"
      },
      {
        "configuredStatus" : "NO_LOCAL_IP",
        "establishedNeighbors" : -1,
        "localInterface" : null,
        "localIp" : null,
        "node" : {
          "id" : "node-as1border1",
          "name" : "as1border1"
        },
        "remoteNode" : null,
        "remotePrefix" : "3.2.2.2/32",
        "sessionType" : "EBGP_SINGLEHOP",
        "vrfName" : "default"
      },
      {
        "configuredStatus" : "UNIQUE_MATCH",
        "establishedNeighbors" : -1,
        "localInterface" : {
          "hostname" : "as1border1",
          "interface" : "GigabitEthernet1/0"
        },
        "localIp" : "10.12.11.1",
        "node" : {
          "id" : "node-as1border1",
          "name" : "as1border1"
        },
        "remoteNode" : {
          "id" : "node-as2border1",
          "name" : "as2border1"
        },
        "remotePrefix" : "10.12.11.2/32",
        "sessionType" : "EBGP_SINGLEHOP",
        "vrfName" : "default"
      },
      {
        "configuredStatus" : "UNIQUE_MATCH",
        "establishedNeighbors" : -1,
        "localInterface" : {
          "hostname" : "as2dist1",
          "interface" : "Loopback0"
        },
        "localIp" : "2.1.3.1",
        "node" : {
          "id" : "node-as2dist1",
          "name" : "as2dist1"
        },
        "remoteNode" : {
          "id" : "node-as2core1",
          "name" : "as2core1"
        },
        "remotePrefix" : "2.1.2.1/32",
        "sessionType" : "IBGP",
        "vrfName" : "default"
      },
      {
        "configuredStatus" : "NO_LOCAL_IP",
        "establishedNeighbors" : -1,
        "localInterface" : null,
        "localIp" : null,
        "node" : {
          "id" : "node-as1border1",
          "name" : "as1border1"
        },
        "remoteNode" : null,
        "remotePrefix" : "5.6.7.8/32",
        "sessionType" : "EBGP_SINGLEHOP",
        "vrfName" : "default"
      },
      {
        "configuredStatus" : "UNIQUE_MATCH",
        "establishedNeighbors" : -1,
        "localInterface" : {
          "hostname" : "as1core1",
          "interface" : "Loopback0"
        },
        "localIp" : "1.10.1.1",
        "node" : {
          "id" : "node-as1core1",
          "name" : "as1core1"
        },
        "remoteNode" : {
          "id" : "node-as1border1",
          "name" : "as1border1"
        },
        "remotePrefix" : "1.1.1.1/32",
        "sessionType" : "IBGP",
        "vrfName" : "default"
      },
      {
        "configuredStatus" : "UNIQUE_MATCH",
        "establishedNeighbors" : -1,
        "localInterface" : {
          "hostname" : "as3core1",
          "interface" : "Loopback0"
        },
        "localIp" : "3.10.1.1",
        "node" : {
          "id" : "node-as3core1",
          "name" : "as3core1"
        },
        "remoteNode" : {
          "id" : "node-as3border1",
          "name" : "as3border1"
        },
        "remotePrefix" : "3.1.1.1/32",
        "sessionType" : "IBGP",
        "vrfName" : "default"
      },
      {
        "configuredStatus" : "UNIQUE_MATCH",
        "establishedNeighbors" : -1,
        "localInterface" : {
          "hostname" : "as2border1",
          "interface" : "GigabitEthernet0/0"
        },
        "localIp" : "10.12.11.2",
        "node" : {
          "id" : "node-as2border1",
          "name" : "as2border1"
        },
        "remoteNode" : {
          "id" : "node-as1border1",
          "name" : "as1border1"
        },
        "remotePrefix" : "10.12.11.1/32",
        "sessionType" : "EBGP_SINGLEHOP",
        "vrfName" : "default"
      },
      {
        "configuredStatus" : "UNIQUE_MATCH",
        "establishedNeighbors" : -1,
        "localInterface" : {
          "hostname" : "as3border1",
          "interface" : "GigabitEthernet1/0"
        },
        "localIp" : "10.23.21.3",
        "node" : {
          "id" : "node-as3border1",
          "name" : "as3border1"
        },
        "remoteNode" : {
          "id" : "node-as2border2",
          "name" : "as2border2"
        },
        "remotePrefix" : "10.23.21.2/32",
        "sessionType" : "EBGP_SINGLEHOP",
        "vrfName" : "default"
      },
      {
        "configuredStatus" : "UNIQUE_MATCH",
        "establishedNeighbors" : -1,
        "localInterface" : {
          "hostname" : "as3border2",
          "interface" : "GigabitEthernet0/0"
        },
        "localIp" : "10.13.22.3",
        "node" : {
          "id" : "node-as3border2",
          "name" : "as3border2"
        },
        "remoteNode" : {
          "id" : "node-as1border2",
          "name" : "as1border2"
        },
        "remotePrefix" : "10.13.22.1/32",
        "sessionType" : "EBGP_SINGLEHOP",
        "vrfName" : "default"
      },
      {
        "configuredStatus" : "UNIQUE_MATCH",
        "establishedNeighbors" : -1,
        "localInterface" : {
          "hostname" : "as1border2",
          "interface" : "GigabitEthernet0/0"
        },
        "localIp" : "10.13.22.1",
        "node" : {
          "id" : "node-as1border2",
          "name" : "as1border2"
        },
        "remoteNode" : {
          "id" : "node-as3border2",
          "name" : "as3border2"
        },
        "remotePrefix" : "10.13.22.3/32",
        "sessionType" : "EBGP_SINGLEHOP",
        "vrfName" : "default"
      },
      {
        "configuredStatus" : "UNIQUE_MATCH",
        "establishedNeighbors" : -1,
        "localInterface" : {
          "hostname" : "as2border1",
          "interface" : "Loopback0"
        },
        "localIp" : "2.1.1.1",
        "node" : {
          "id" : "node-as2border1",
          "name" : "as2border1"
        },
        "remoteNode" : {
          "id" : "node-as2core2",
          "name" : "as2core2"
        },
        "remotePrefix" : "2.1.2.2/32",
        "sessionType" : "IBGP",
        "vrfName" : "default"
      },
      {
        "configuredStatus" : "UNIQUE_MATCH",
        "establishedNeighbors" : -1,
        "localInterface" : {
          "hostname" : "as3border1",
          "interface" : "Loopback0"
        },
        "localIp" : "3.1.1.1",
        "node" : {
          "id" : "node-as3border1",
          "name" : "as3border1"
        },
        "remoteNode" : {
          "id" : "node-as3core1",
          "name" : "as3core1"
        },
        "remotePrefix" : "3.10.1.1/32",
        "sessionType" : "IBGP",
        "vrfName" : "default"
      },
      {
        "configuredStatus" : "UNIQUE_MATCH",
        "establishedNeighbors" : -1,
        "localInterface" : {
          "hostname" : "as1border2",
          "interface" : "Loopback0"
        },
        "localIp" : "1.2.2.2",
        "node" : {
          "id" : "node-as1border2",
          "name" : "as1border2"
        },
        "remoteNode" : {
          "id" : "node-as1core1",
          "name" : "as1core1"
        },
        "remotePrefix" : "1.10.1.1/32",
        "sessionType" : "IBGP",
        "vrfName" : "default"
      },
      {
        "configuredStatus" : "UNIQUE_MATCH",
        "establishedNeighbors" : -1,
        "localInterface" : {
          "hostname" : "as2dist2",
          "interface" : "GigabitEthernet2/0"
        },
        "localIp" : "2.34.201.3",
        "node" : {
          "id" : "node-as2dist2",
          "name" : "as2dist2"
        },
        "remoteNode" : {
          "id" : "node-as2dept1",
          "name" : "as2dept1"
        },
        "remotePrefix" : "2.34.201.4/32",
        "sessionType" : "EBGP_SINGLEHOP",
        "vrfName" : "default"
      },
      {
        "configuredStatus" : "UNIQUE_MATCH",
        "establishedNeighbors" : -1,
        "localInterface" : {
          "hostname" : "as2border2",
          "interface" : "Loopback0"
        },
        "localIp" : "2.1.1.2",
        "node" : {
          "id" : "node-as2border2",
          "name" : "as2border2"
        },
        "remoteNode" : {
          "id" : "node-as2core2",
          "name" : "as2core2"
        },
        "remotePrefix" : "2.1.2.2/32",
        "sessionType" : "IBGP",
        "vrfName" : "default"
      },
      {
        "configuredStatus" : "UNIQUE_MATCH",
        "establishedNeighbors" : -1,
        "localInterface" : {
          "hostname" : "as3border2",
          "interface" : "Loopback0"
        },
        "localIp" : "3.2.2.2",
        "node" : {
          "id" : "node-as3border2",
          "name" : "as3border2"
        },
        "remoteNode" : {
          "id" : "node-as3core1",
          "name" : "as3core1"
        },
        "remotePrefix" : "3.10.1.1/32",
        "sessionType" : "IBGP",
        "vrfName" : "default"
      },
      {
        "configuredStatus" : "UNIQUE_MATCH",
        "establishedNeighbors" : -1,
        "localInterface" : {
          "hostname" : "as3core1",
          "interface" : "Loopback0"
        },
        "localIp" : "3.10.1.1",
        "node" : {
          "id" : "node-as3core1",
          "name" : "as3core1"
        },
        "remoteNode" : {
          "id" : "node-as3border2",
          "name" : "as3border2"
        },
        "remotePrefix" : "3.2.2.2/32",
        "sessionType" : "IBGP",
        "vrfName" : "default"
      }
    ],
    "summary" : {
      "notes" : "Found 37 results",
      "numFailed" : 0,
      "numPassed" : 0,
      "numResults" : 37
    }
  }
]