{
  "class" : "org.batfish.question.bgpsessionstatus.BgpSessionStatusQuestion",
  "includeEstablishedCount" : true,
  "node1Regex" : ".*",
  "node2Regex" : ".*",
  "status" : ".*",
  "type" : ".*",
  "differential" : false,
  "includeOneTableKeys" : true,
  "instance" : {
    "description" : "Return the status of configured BGP sessions",
    "instanceName" : "qname",
    "tags" : [
      "bgp",
      "dataplane",
      "status"
    ],
    "variables" : {
      "includeEstablishedCount" : {
        "description" : "Flag to decide if the count of established neighbors should be included. Primarily used for dynamic BGP sessions",
        "optional" : true,
        "type" : "boolean",
        "value" : true
      },
      "node1Regex" : {
        "description" : "Only include sessions for which first node's name matches this regex",
        "optional" : true,
        "type" : "nodeSpec",
        "value" : ".*"
      },
      "node2Regex" : {
        "description" : "Only include sessions for which second node's name matches this regex",
        "optional" : true,
        "type" : "nodeSpec",
        "value" : ".*"
      },
      "status" : {
        "description" : "Only include sessions for which status matches this regex",
        "optional" : true,
        "type" : "javaRegex",
        "value" : ".*"
      },
      "type" : {
        "description" : "Only include sessions for which type (ibgp, ebgp_singlehop, ebgp_multihop) matches this regex",
        "optional" : true,
        "type" : "javaRegex",
        "value" : ".*"
      }
    }
  }
}