{
  "class" : "org.batfish.question.filtertable.FilterTableQuestion",
  "columns" : [
    "interface",
    "mtu"
  ],
  "filter" : "mtu > 0",
  "innerQuestion" : {
    "class" : "org.batfish.question.interfaceproperties.InterfacePropertiesQuestion",
    "excludeShutInterfaces" : false,
    "interfaceRegex" : "Gig.*",
    "nodeRegex" : "as1core2",
    "propertySpec" : ".*",
    "differential" : false,
    "displayHints" : {
      "textDesc" : "${interface} has MTU ${mtu}"
    },
    "includeOneTableKeys" : true
  },
  "differential" : false,
  "includeOneTableKeys" : true,
  "instance" : {
    "description" : "Find interfaces where the configured MTU matches the specified comparator and mtuBytes.",
    "instanceName" : "qname",
    "longDescription" : "For example, if comparator is '<' and mtuBytes is 1500, then only interfaces where the configured MTU is less than 1500 bytes will be returned",
    "tags" : [
      "configuration"
    ],
    "variables" : {
      "comparator" : {
        "description" : "Returned devices will satisfy <comparator> <mtuBytes>. Use '<' to find devices that do not have MTU smaller than the specified <mtuBytes> MTU",
        "optional" : true,
        "type" : "comparator",
        "value" : ">"
      },
      "interfaceRegex" : {
        "description" : "Only evaluate interfaces whose name matches this regex",
        "optional" : false,
        "type" : "javaRegex",
        "value" : "Gig.*"
      },
      "mtuBytes" : {
        "description" : "The reference MTU in bytes against which to check the configured MTU",
        "optional" : false,
        "type" : "integer",
        "value" : 0
      },
      "nodeRegex" : {
        "description" : "Only include nodes whose name matches this regex",
        "optional" : false,
        "type" : "javaRegex",
        "value" : "as1core2"
      }
    }
  }
}