{
  "class" : "org.batfish.question.nodeproperties.NodePropertiesQuestion",
  "nodes" : ".*",
  "properties" : "ntp.*",
  "differential" : false,
  "includeOneTableKeys" : true,
  "instance" : {
    "description" : "Return configuration properties of nodes",
    "instanceName" : "qname",
    "variables" : {
      "nodes" : {
        "description" : "Include nodes matching this name or regex",
        "displayName" : "Nodes",
        "optional" : true,
        "type" : "nodeSpec",
        "value" : ".*"
      },
      "properties" : {
        "description" : "Include properties matching this regex",
        "displayName" : "Properties",
        "optional" : true,
        "type" : "nodePropertySpec",
        "value" : "ntp.*"
      }
    }
  }
}