{
  "class" : "org.batfish.question.ospfproperties.OspfPropertiesQuestion",
  "nodes" : ".*",
  "properties" : "maximum-.*",
  "differential" : false,
  "includeOneTableKeys" : true,
  "instance" : {
    "description" : "Return configuration parameters for OSPF routing processes",
    "instanceName" : "qname",
    "tags" : [
      "ospf"
    ],
    "variables" : {
      "nodes" : {
        "description" : "Only include nodes that match this regex",
        "optional" : true,
        "type" : "nodeSpec",
        "value" : ".*"
      },
      "properties" : {
        "description" : "Only include properties that match this regex",
        "optional" : true,
        "type" : "ospfPropertySpec",
        "value" : "maximum-.*"
      }
    }
  }
}