{
  "class" : "org.batfish.question.prefixtracer.PrefixTracerQuestion",
  "nodeRegex" : ".*",
  "prefix" : "0.0.0.0/0",
  "differential" : false,
  "includeOneTableKeys" : true,
  "instance" : {
    "description" : "Trace prefix propagation through the network",
    "instanceName" : "qname",
    "tags" : [
      "dataplane"
    ],
    "variables" : {
      "nodeRegex" : {
        "description" : "Only include prefix tracing information for nodes that match this regex",
        "optional" : true,
        "type" : "string",
        "value" : ".*"
      },
      "prefix" : {
        "description" : "The prefix to trace. Expected format is A.B.C.D/Y",
        "optional" : true,
        "type" : "prefix",
        "value" : "0.0.0.0/0"
      }
    }
  }
}