{
  "class" : "org.batfish.question.reachfilter.ReachFilterQuestion",
  "complementHeaderSpace" : false,
  "destinationIpSpaceSpecifierFactory" : "FlexibleUniverseIpSpaceSpecifierFactory",
  "dst" : "2.2.2.2",
  "dstPorts" : [
    "0-0"
  ],
  "dstProtocols" : [
    "http"
  ],
  "filters" : ".*",
  "ipProtocols" : [
    "TCP"
  ],
  "nodeSpecifierFactory" : "FlexibleNodeSpecifierFactory",
  "nodes" : ".*",
  "sourceIpSpaceSpecifierFactory" : "FlexibleUniverseIpSpaceSpecifierFactory",
  "src" : "1.1.1.1",
  "srcPorts" : [
    "0-0"
  ],
  "differential" : false,
  "includeOneTableKeys" : true,
  "instance" : {
    "description" : "Find flows for which a filter takes a particular behavior",
    "instanceName" : "qname",
    "longDescription" : "This question searches for flows for which a filter (access control list) has a particular behavior. The behaviors can be: that the filter permits the flow (permit), that it denies the flow (deny), or that the flow is matched by a particular line (matchLine <lineNumber>). Filters are selected using node and filter specifiers, which might match multiple filters. In this case, a (possibly different) flow will be found for each filter",
    "tags" : [
      "acl",
      "dataPlane"
    ],
    "variables" : {
      "complementHeaderSpace" : {
        "description" : "Search for packet headers outside the specified headerspace, rather than inside the space.",
        "optional" : true,
        "type" : "boolean",
        "value" : false
      },
      "dst" : {
        "description" : "Flexible specification of destinoation IpSpace",
        "optional" : true,
        "type" : "string",
        "value" : "2.2.2.2"
      },
      "dstPorts" : {
        "description" : "Destination ports",
        "minElements" : 0,
        "optional" : true,
        "type" : "subrange",
        "value" : [
          0
        ]
      },
      "dstProtocols" : {
        "description" : "Destination protocols",
        "minElements" : 0,
        "optional" : true,
        "type" : "string",
        "value" : [
          "http"
        ]
      },
      "filters" : {
        "description" : "Only evaluate filters that match this regex",
        "optional" : true,
        "type" : "javaRegex",
        "value" : ".*"
      },
      "ipProtocols" : {
        "description" : "Restrict space of returned headers to those with IP protocols in this set",
        "minElements" : 0,
        "optional" : true,
        "type" : "string",
        "value" : [
          "tcp"
        ]
      },
      "nodes" : {
        "description" : "Only evaluate filters present on nodes matching this regex",
        "optional" : true,
        "type" : "string",
        "value" : ".*"
      },
      "query" : {
        "description" : "The behavior that you want evaluated. Options are: permit|deny|matchLine <line number>. Only one option should be selected",
        "optional" : true,
        "type" : "string",
        "value" : "matchLine 0"
      },
      "sourceInterfaces" : {
        "description" : "Only consider these interfaces as possible sources",
        "optional" : true,
        "type" : "string",
        "value" : ".*"
      },
      "src" : {
        "description" : "Flexible specification of source IpSpace",
        "optional" : true,
        "type" : "string",
        "value" : "1.1.1.1"
      },
      "srcPorts" : {
        "description" : "Source ports",
        "minElements" : 0,
        "optional" : true,
        "type" : "subrange",
        "value" : [
          0
        ]
      }
    }
  }
}