{
  "class" : "org.batfish.question.specifiers.SpecifiersQuestion",
  "queryType" : "NODE",
  "differential" : false,
  "includeOneTableKeys" : true,
  "instance" : {
    "description" : "Show the resolved values for node specifier",
    "instanceName" : "qname",
    "tags" : [
      "specifiers"
    ],
    "variables" : {
      "grammarVersion" : {
        "description" : "Version of grammar to use for resolution",
        "displayName" : "Grammar version",
        "optional" : true,
        "type" : "string",
        "value" : "v2"
      },
      "nodes" : {
        "description" : "Input to the NodeSpecifier",
        "displayName" : "Nodes",
        "optional" : true,
        "type" : "nodeSpec",
        "value" : "input"
      }
    }
  },
  "nodeSpecifierInput" : "input",
  "specifierFactoryVersion" : "V2"
}