{
  "class" : "org.batfish.question.specifiers.SpecifiersQuestion",
  "queryType" : "IP_SPACE_OF_LOCATION",
  "differential" : false,
  "filterSpecifierFactory" : "ParboiledFilterSpecifierFactory",
  "includeOneTableKeys" : true,
  "instance" : {
    "description" : "Show IPs that are auto-assigned to locations",
    "instanceName" : "qname",
    "tags" : [
      "specifiers"
    ],
    "variables" : {
      "locations" : {
        "description" : "Input to the LocationSpecifier",
        "displayName" : "Locations",
        "optional" : true,
        "type" : "string",
        "value" : "input"
      }
    }
  },
  "interfaceSpecifierFactory" : "ParboiledInterfaceSpecifierFactory",
  "ipSpaceSpecifierFactory" : "ParboiledIpSpaceSpecifierFactory",
  "locationSpecifierFactory" : "ParboiledLocationSpecifierFactory",
  "locationSpecifierInput" : "input",
  "nodeSpecifierFactory" : "ParboiledNodeSpecifierFactory"
}