{
  "class" : "org.batfish.question.jsonpath.JsonPathQuestionPlugin$JsonPathQuestion",
  "debug" : false,
  "differential" : false,
  "includeOneTableKeys" : true,
  "innerQuestion" : {
    "class" : "org.batfish.question.specifiers.SpecifiersReachabilityQuestion",
    "actions" : [
      "ACCEPT"
    ],
    "destinationIpSpaceSpecifierFactory" : "destFactory",
    "destinationIpSpaceSpecifierInput" : "destination.*",
    "differential" : false,
    "finalNodesSpecifierFactory" : "finalNodeFactory",
    "finalNodesSpecifierInput" : "finalNode",
    "includeOneTableKeys" : true,
    "sourceLocationSpecifierFactory" : "sourceFactory",
    "sourceLocationSpecifierInput" : "sourceNode"
  },
  "instance" : {
    "description" : "Find flows that match the ingress and egress location, src and dest ip address and disposition constraints, as described by the input specifiers.",
    "instanceName" : "qname",
    "tags" : [
      "dataPlane",
      "reachability"
    ],
    "variables" : {
      "actions" : {
        "description" : "Only return flows for which the disposition is from this set",
        "minElements" : 1,
        "optional" : true,
        "type" : "string",
        "value" : [
          "accept"
        ]
      },
      "debug" : {
        "description" : "Flag to decide whether to embed debug information in the answer",
        "optional" : false,
        "type" : "boolean",
        "value" : false
      },
      "destinationIpSpaceSpecifierFactory" : {
        "description" : "Name of the IpSpaceSpecifierFactory to use for the destination IpSpace",
        "optional" : true,
        "type" : "string",
        "value" : "destFactory"
      },
      "dst" : {
        "description" : "Restrict query to destination nodes that match this regex",
        "optional" : false,
        "type" : "string",
        "value" : "destination.*"
      },
      "finalNodesSpecifierFactory" : {
        "description" : "Name of the NodeSpecifierFactory to use for finalNodes",
        "optional" : true,
        "type" : "string",
        "value" : "finalNodeFactory"
      },
      "finalNodesSpecifierInput" : {
        "description" : "Input to specify the set of nodes at which traces should end",
        "optional" : true,
        "type" : "string",
        "value" : "finalNode"
      },
      "sourceLocationSpecifierFactory" : {
        "description" : "Name of the LocationSpecifierFactory to use for the src location",
        "optional" : true,
        "type" : "string",
        "value" : "sourceFactory"
      },
      "src" : {
        "description" : "Flexible specification of source locations",
        "optional" : false,
        "type" : "string",
        "value" : "sourceNode"
      }
    }
  },
  "paths" : [
    {
      "displayHints" : {
        "extractions" : {
          "flow" : {
            "method" : {
              "use" : "suffixofsuffix",
              "filter" : "$.flow"
            },
            "schema" : "Flow"
          },
          "flowTraces" : {
            "method" : {
              "use" : "suffixofsuffix",
              "filter" : "$.paths.BASE[*]"
            },
            "schema" : "List<FlowTrace>"
          }
        },
        "textDesc" : "Path of ${flow} is ${flowTraces}"
      },
      "path" : "$.traces.*",
      "suffix" : true
    }
  ]
}