[
  {
    "class" : "org.batfish.datamodel.table.TableAnswerElement",
    "metadata" : {
      "columnMetadata" : [
        {
          "description" : "No description provided",
          "isKey" : false,
          "isValue" : true,
          "name" : "ntpServers",
          "schema" : "List<Ip>"
        },
        {
          "description" : "No description provided",
          "isKey" : true,
          "isValue" : false,
          "name" : "node",
          "schema" : "Node"
        }
      ],
      "textDesc" : "The NTP servers of ${node} are ${ntpServers}"
    },
    "excludedRows" : [
      {
        "exclusionName" : "{\"node\":{\"name\":\"as2border2\"}}",
        "rows" : [
          {
            "ntpServers" : [
              "18.18.18.18"
            ],
            "node" : {
              "name" : "as2border2"
            }
          }
        ]
      }
    ],
    "rows" : [
      {
        "ntpServers" : [ ],
        "node" : {
          "name" : "as1border1"
        }
      },
      {
        "ntpServers" : [
          "18.18.18.18",
          "23.23.23.23"
        ],
        "node" : {
          "name" : "as1border2"
        }
      },
      {
        "ntpServers" : [ ],
        "node" : {
          "name" : "as1core1"
        }
      },
      {
        "ntpServers" : [
          "18.18.18.18",
          "23.23.23.23"
        ],
        "node" : {
          "name" : "as2border1"
        }
      },
      {
        "ntpServers" : [ ],
        "node" : {
          "name" : "as2core1"
        }
      },
      {
        "ntpServers" : [ ],
        "node" : {
          "name" : "as2core2"
        }
      },
      {
        "ntpServers" : [ ],
        "node" : {
          "name" : "as2dept1"
        }
      },
      {
        "ntpServers" : [ ],
        "node" : {
          "name" : "as2dist1"
        }
      },
      {
        "ntpServers" : [ ],
        "node" : {
          "name" : "as2dist2"
        }
      },
      {
        "ntpServers" : [
          "18.18.18.18",
          "23.23.23.23"
        ],
        "node" : {
          "name" : "as3border1"
        }
      },
      {
        "ntpServers" : [
          "18.18.18.18",
          "23.23.23.23"
        ],
        "node" : {
          "name" : "as3border2"
        }
      },
      {
        "ntpServers" : [ ],
        "node" : {
          "name" : "as3core1"
        }
      },
      {
        "ntpServers" : [ ],
        "node" : {
          "name" : "host1"
        }
      },
      {
        "ntpServers" : [ ],
        "node" : {
          "name" : "host2"
        }
      }
    ],
    "summary" : {
      "notes" : "Found 14 results",
      "numFailed" : 0,
      "numPassed" : 0,
      "numResults" : 14
    }
  }
]