{
  "answerElements" : [ {
    "class" : "org.batfish.common.CompositeBatfishException",
    "cause" : {
      "class" : "org.batfish.common.BatfishException$BatfishStackTrace",
      "contents" : {
        "0" : "org.batfish.common.BatfishException: Fatal exception due to failure of at least one nod job\r",
        "1" : "   at org.batfish.job.BatfishJobExecutor.executeJobs(BatfishJobExecutor.java:121)\r",
        "2" : "   at org.batfish.main.Batfish.parseVendorConfigurations(Batfish.java:2211)\r",
        "3" : "   at org.batfish.main.Batfish.serializeNetworkConfigs(Batfish.java:2948)\r",
        "4" : "   at org.batfish.main.Batfish.serializeVendorConfigs(Batfish.java:3007)\r",
        "5" : "   at org.batfish.main.Batfish.run(Batfish.java:2750)\r",
        "6" : "   at org.batfish.main.Driver$1.run(Driver.java:270)\r"
      }
    },
    "contributingCauses" : [ {
      "class" : "org.batfish.common.BatfishException$BatfishStackTrace",
      "contents" : {
        "0" : "org.batfish.common.BatfishException: Failure running job after elapsed time: 00:00:00.01",
        "1" : "-----BEGIN JOB LOG-----",
        "2" : "",
        "3" : "-----END JOB LOG-----\r",
        "4" : "   at org.batfish.job.BatfishJobExecutor.executeJobs(BatfishJobExecutor.java:90)\r",
        "5" : "   at org.batfish.main.Batfish.parseVendorConfigurations(Batfish.java:2211)\r",
        "6" : "   at org.batfish.main.Batfish.serializeNetworkConfigs(Batfish.java:2948)\r",
        "7" : "   at org.batfish.main.Batfish.serializeVendorConfigs(Batfish.java:3007)\r",
        "8" : "   at org.batfish.main.Batfish.run(Batfish.java:2750)\r",
        "9" : "   at org.batfish.main.Driver$1.run(Driver.java:270)\r",
        "10" : "Caused by: org.batfish.common.BatfishException: Error parsing configuration file: 'C:\\Users\\ratul.REDMOND\\work\\netver\\batfish\\containers\\cp_523c4a92-b9b3-4a91-bd68-fbbdb7a17d40\\tr_0c0e4102-05d6-4f18-a600-83761f525d28\\testrig\\configs\\n2'\r",
        "11" : "   at org.batfish.job.ParseVendorConfigurationJob.call(ParseVendorConfigurationJob.java:309)\r",
        "12" : "   at org.batfish.job.ParseVendorConfigurationJob.call(ParseVendorConfigurationJob.java:31)\r",
        "13" : "   at java.util.concurrent.FutureTask.run(Unknown Source)\r",
        "14" : "   at java.util.concurrent.ThreadPoolExecutor.runWorker(Unknown Source)\r",
        "15" : "   at java.util.concurrent.ThreadPoolExecutor$Worker.run(Unknown Source)\r",
        "16" : "   at java.lang.Thread.run(Unknown Source)\r",
        "17" : "Caused by: org.batfish.main.ParserBatfishException: Parser error\r",
        "18" : "   at org.batfish.main.Batfish.parse(Batfish.java:320)\r",
        "19" : "   at org.batfish.job.ParseVendorConfigurationJob.call(ParseVendorConfigurationJob.java:295)\r",
        "20" : "   ... 5 more\r",
        "21" : "Caused by: org.batfish.common.BatfishException: ",
        "22" : "parser: FlatJuniperParser: line 11:52: no viable alternative at input 'remote-as'",
        "23" : "Offending Token:  line 11:52  VARIABLE:'remote-as'  <== mode:DEFAULT_MODE",
        "24" : "Error parsing top (leftmost) parser rule in stack: '[bt_neighbor_tail bt_neighbor bt_group_tail bt_group s_protocols_bgp_tail s_protocols_bgp s_protocols_tail s_protocols s_common statement set_line_tail set_line flat_juniper_configuration]'.",
        "25" : "Parse tree of current rule:",
        "26" : "(bt_neighbor_tail)",
        "27" : "Unconsumed tokens:",
        "28" : " line 11:52  VARIABLE:'remote-as'  <== mode:DEFAULT_MODE",
        "29" : "Previous 10 tokens:",
        "30" : " line 11:14  BGP:'bgp'  <== mode:DEFAULT_MODE",
        "31" : " line 11:17 (HIDDEN)  WS:' '  <== mode:DEFAULT_MODE",
        "32" : " line 11:18  GROUP:'group'  <== mode:DEFAULT_MODE",
        "33" : " line 11:23 (HIDDEN)  M_VarOrWildcard_WS:' '  <== mode:M_VarOrWildcard",
        "34" : " line 11:24  VARIABLE:'physical'  <== mode:M_VarOrWildcard",
        "35" : " line 11:32 (HIDDEN)  WS:' '  <== mode:DEFAULT_MODE",
        "36" : " line 11:33  NEIGHBOR:'neighbor'  <== mode:DEFAULT_MODE",
        "37" : " line 11:41 (HIDDEN)  WS:' '  <== mode:DEFAULT_MODE",
        "38" : " line 11:42  IP_ADDRESS:'10.0.12.1'  <== mode:DEFAULT_MODE",
        "39" : " line 11:51 (HIDDEN)  WS:' '  <== mode:DEFAULT_MODE",
        "40" : "Error context lines:",
        "41" : "   1:      #",
        "42" : "   2:      set system host-name n2",
        "43" : "   3:      set interfaces ge-0/0/0 unit 0 family inet address 10.0.12.2/24",
        "44" : "   4:      set interfaces ge-0/0/0 unit 1 family inet address 10.0.23.2/24",
        "45" : "   5:      set routing-options static route 1.0.0.0/24 next-hop 10.0.23.3",
        "46" : "   6:      set routing-options static route 1.0.1.0/24 next-hop 10.0.23.3",
        "47" : "   7:      set routing-options static route 1.0.2.0/24 next-hop 10.0.23.3",
        "48" : "   8:      set routing-options static route 2.0.2.0/24 next-hop 10.0.23.3",
        "49" : "   9:      set protocols bgp local-as 2",
        "50" : "   10:     set protocols bgp group physical neighbor 10.0.12.1 type external",
        "51" : ">>>11:     set protocols bgp group physical neighbor 10.0.12.1 remote-as 1",
        "52" : "   12:     ",
        "53" : "   13:     ",
        "54" : "\r",
        "55" : "   at org.batfish.grammar.BatfishParserErrorListener.syntaxError(BatfishParserErrorListener.java:104)\r",
        "56" : "   at org.batfish.grammar.BatfishParserErrorListener.syntaxError(BatfishParserErrorListener.java:115)\r",
        "57" : "   at org.antlr.v4.runtime.ProxyErrorListener.syntaxError(ProxyErrorListener.java:65)\r",
        "58" : "   at org.antlr.v4.runtime.Parser.notifyErrorListeners(Parser.java:564)\r",
        "59" : "   at org.antlr.v4.runtime.DefaultErrorStrategy.reportNoViableAlternative(DefaultErrorStrategy.java:308)\r",
        "60" : "   at org.antlr.v4.runtime.DefaultErrorStrategy.reportError(DefaultErrorStrategy.java:145)\r",
        "61" : "   at org.batfish.grammar.flatjuniper.FlatJuniperParser.bt_neighbor_tail(FlatJuniperParser.java:10702)\r",
        "62" : "   at org.batfish.grammar.flatjuniper.FlatJuniperParser.bt_neighbor(FlatJuniperParser.java:10614)\r",
        "63" : "   at org.batfish.grammar.flatjuniper.FlatJuniperParser.bt_group_tail(FlatJuniperParser.java:10200)\r",
        "64" : "   at org.batfish.grammar.flatjuniper.FlatJuniperParser.bt_group(FlatJuniperParser.java:10111)\r",
        "65" : "   at org.batfish.grammar.flatjuniper.FlatJuniperParser.s_protocols_bgp_tail(FlatJuniperParser.java:11519)\r",
        "66" : "   at org.batfish.grammar.flatjuniper.FlatJuniperParser.s_protocols_bgp(FlatJuniperParser.java:11422)\r",
        "67" : "   at org.batfish.grammar.flatjuniper.FlatJuniperParser.s_protocols_tail(FlatJuniperParser.java:6798)\r",
        "68" : "   at org.batfish.grammar.flatjuniper.FlatJuniperParser.s_protocols(FlatJuniperParser.java:6738)\r",
        "69" : "   at org.batfish.grammar.flatjuniper.FlatJuniperParser.s_common(FlatJuniperParser.java:1597)\r",
        "70" : "   at org.batfish.grammar.flatjuniper.FlatJuniperParser.statement(FlatJuniperParser.java:1446)\r",
        "71" : "   at org.batfish.grammar.flatjuniper.FlatJuniperParser.set_line_tail(FlatJuniperParser.java:3431)\r",
        "72" : "   at org.batfish.grammar.flatjuniper.FlatJuniperParser.set_line(FlatJuniperParser.java:3347)\r",
        "73" : "   at org.batfish.grammar.flatjuniper.FlatJuniperParser.flat_juniper_configuration(FlatJuniperParser.java:1354)\r",
        "74" : "   at org.batfish.grammar.flatjuniper.FlatJuniperCombinedParser.parse(FlatJuniperCombinedParser.java:16)\r",
        "75" : "   at org.batfish.main.Batfish.parse(Batfish.java:317)\r",
        "76" : "   ... 6 more\r"
      }
    }, {
      "class" : "org.batfish.common.BatfishException$BatfishStackTrace",
      "contents" : {
        "0" : "org.batfish.common.BatfishException: Failure running job after elapsed time: 00:00:00.04",
        "1" : "-----BEGIN JOB LOG-----",
        "2" : "",
        "3" : "-----END JOB LOG-----\r",
        "4" : "   at org.batfish.job.BatfishJobExecutor.executeJobs(BatfishJobExecutor.java:90)\r",
        "5" : "   at org.batfish.main.Batfish.parseVendorConfigurations(Batfish.java:2211)\r",
        "6" : "   at org.batfish.main.Batfish.serializeNetworkConfigs(Batfish.java:2948)\r",
        "7" : "   at org.batfish.main.Batfish.serializeVendorConfigs(Batfish.java:3007)\r",
        "8" : "   at org.batfish.main.Batfish.run(Batfish.java:2750)\r",
        "9" : "   at org.batfish.main.Driver$1.run(Driver.java:270)\r",
        "10" : "Caused by: org.batfish.common.BatfishException: Error post-processing parse tree of configuration file: 'C:\\Users\\ratul.REDMOND\\work\\netver\\batfish\\containers\\cp_523c4a92-b9b3-4a91-bd68-fbbdb7a17d40\\tr_0c0e4102-05d6-4f18-a600-83761f525d28\\testrig\\configs\\n3'\r",
        "11" : "   at org.batfish.job.ParseVendorConfigurationJob.call(ParseVendorConfigurationJob.java:316)\r",
        "12" : "   at org.batfish.job.ParseVendorConfigurationJob.call(ParseVendorConfigurationJob.java:31)\r",
        "13" : "   at java.util.concurrent.FutureTask.run(Unknown Source)\r",
        "14" : "   at java.util.concurrent.ThreadPoolExecutor.runWorker(Unknown Source)\r",
        "15" : "   at java.util.concurrent.ThreadPoolExecutor$Worker.run(Unknown Source)\r",
        "16" : "   at java.lang.Thread.run(Unknown Source)\r",
        "17" : "Caused by: org.batfish.common.BatfishException: ",
        "18" : "parser: CiscoParser: line 11:0: Line 11 unrecognized: advertisement",
        "19" : "Offending Token:  line 11:0  VARIABLE:'advertisement'  <== mode:DEFAULT_MODE",
        "20" : "Error parsing top (leftmost) parser rule in stack: '[unrecognized_line unrecognized_block_stanza stanza cisco_configuration]'.",
        "21" : "Parse tree of current rule:",
        "22" : "(unrecognized_line",
        "23" : "  VARIABLE:'advertisement'  <== mode:DEFAULT_MODE",
        "24" : "  NEWLINE:'\\n'  <== mode:DEFAULT_MODE)",
        "25" : "Unconsumed tokens:",
        "26" : " line 73:0  EOF:<EOF>  <== mode:DEFAULT_MODE",
        "27" : "Previous 10 tokens:",
        "28" : " line 69:23  NEWLINE:'\\n'  <== mode:DEFAULT_MODE",
        "29" : " line 70:0 (HIDDEN)  WS:'  '  <== mode:DEFAULT_MODE",
        "30" : " line 70:2  IP_PREFIX:'224.0.0.0/4'  <== mode:DEFAULT_MODE",
        "31" : " line 70:13 (HIDDEN)  WS:' '  <== mode:DEFAULT_MODE",
        "32" : " line 70:14  LE:'le'  <== mode:DEFAULT_MODE",
        "33" : " line 70:16 (HIDDEN)  WS:' '  <== mode:DEFAULT_MODE",
        "34" : " line 70:17  DEC:'32'  <== mode:DEFAULT_MODE",
        "35" : " line 70:19  NEWLINE:'\\n'  <== mode:DEFAULT_MODE",
        "36" : " line 71:0  END_SET:'end-set'  <== mode:DEFAULT_MODE",
        "37" : " line 71:7  NEWLINE:'\\n\\n'  <== mode:DEFAULT_MODE",
        "38" : "Error context lines:",
        "39" : "   1:      !",
        "40" : "   2:      hostname n3",
        "41" : "   3:      !",
        "42" : "   4:      ! all route-policy transformations are done AFTER match conditions are evaluated",
        "43" : "   5:      !!! no transformations are cascaded for the purpose of matching",
        "44" : "   6:      !!! all encountered transformations are applied in order in case of acceptance",
        "45" : "   7:      !!! either only last transformation for a given attribute is applied, or cumulative transformation can occur for attributes that are not single-valued (e.g. as-path, list of communities)",
        "46" : "   8:      ! Default action is to drop, unless a transformation is applied or a pass is encountered",
        "47" : "   9:      !!! when drop is encountered, stop immediately and drop advertisement",
        "48" : "   10:     !!! when done is encountered, stop immediately, apply queue of transformations, and accept",
        "49" : ">>>11:     advertisement",
        "50" : "   12:     !!! if end of policy is reached, and no transformation has been queued nor has 'pass' been encountered, then drop",
        "51" : "   13:     !!! if end of policy is reached, and a transformation has been queued or a 'pass' has been encountered, then apply queue of transformations and accept advertisement",
        "52" : "   14:     route-policy bgp_import_policy",
        "53" : "   15:        !!! inline the contents of bgp_sub1 here",
        "54" : "   16:        apply bgp_sub1",
        "55" : "   17:        !!! inline the contents of bgp_sub2 here",
        "56" : "   18:        apply bgp_sub2",
        "57" : "   19:        !!! inline the contents of bgp_sub3 here",
        "58" : "   20:        apply bgp_sub3",
        "59" : "   21:        !!! check if the evaluated bgp advertisement contains a community in the 'my_community' community-set",
        "60" : "\r",
        "61" : "   at org.batfish.grammar.BatfishParserErrorListener.syntaxError(BatfishParserErrorListener.java:104)\r",
        "62" : "   at org.batfish.grammar.cisco.CiscoControlPlaneExtractor.exitUnrecognized_line(CiscoControlPlaneExtractor.java:3618)\r",
        "63" : "   at org.batfish.grammar.cisco.CiscoParser$Unrecognized_lineContext.exitRule(CiscoParser.java:16036)\r",
        "64" : "   at org.antlr.v4.runtime.tree.ParseTreeWalker.exitRule(ParseTreeWalker.java:71)\r",
        "65" : "   at org.antlr.v4.runtime.tree.ParseTreeWalker.walk(ParseTreeWalker.java:54)\r",
        "66" : "   at org.antlr.v4.runtime.tree.ParseTreeWalker.walk(ParseTreeWalker.java:52)\r",
        "67" : "   at org.antlr.v4.runtime.tree.ParseTreeWalker.walk(ParseTreeWalker.java:52)\r",
        "68" : "   at org.antlr.v4.runtime.tree.ParseTreeWalker.walk(ParseTreeWalker.java:52)\r",
        "69" : "   at org.batfish.grammar.cisco.CiscoControlPlaneExtractor.processParseTree(CiscoControlPlaneExtractor.java:3721)\r",
        "70" : "   at org.batfish.job.ParseVendorConfigurationJob.call(ParseVendorConfigurationJob.java:301)\r",
        "71" : "   ... 5 more\r"
      }
    }, {
      "class" : "org.batfish.common.BatfishException$BatfishStackTrace",
      "contents" : {
        "0" : "org.batfish.common.BatfishException: Failure running job after elapsed time: 00:00:00.00",
        "1" : "-----BEGIN JOB LOG-----",
        "2" : "",
        "3" : "-----END JOB LOG-----\r",
        "4" : "   at org.batfish.job.BatfishJobExecutor.executeJobs(BatfishJobExecutor.java:90)\r",
        "5" : "   at org.batfish.main.Batfish.parseVendorConfigurations(Batfish.java:2211)\r",
        "6" : "   at org.batfish.main.Batfish.serializeNetworkConfigs(Batfish.java:2948)\r",
        "7" : "   at org.batfish.main.Batfish.serializeVendorConfigs(Batfish.java:3007)\r",
        "8" : "   at org.batfish.main.Batfish.run(Batfish.java:2750)\r",
        "9" : "   at org.batfish.main.Driver$1.run(Driver.java:270)\r",
        "10" : "Caused by: org.batfish.common.BatfishException: Error parsing configuration file: 'C:\\Users\\ratul.REDMOND\\work\\netver\\batfish\\containers\\cp_523c4a92-b9b3-4a91-bd68-fbbdb7a17d40\\tr_0c0e4102-05d6-4f18-a600-83761f525d28\\testrig\\configs\\n1'\r",
        "11" : "   at org.batfish.job.ParseVendorConfigurationJob.call(ParseVendorConfigurationJob.java:309)\r",
        "12" : "   at org.batfish.job.ParseVendorConfigurationJob.call(ParseVendorConfigurationJob.java:31)\r",
        "13" : "   at java.util.concurrent.FutureTask.run(Unknown Source)\r",
        "14" : "   at java.util.concurrent.ThreadPoolExecutor.runWorker(Unknown Source)\r",
        "15" : "   at java.util.concurrent.ThreadPoolExecutor$Worker.run(Unknown Source)\r",
        "16" : "   at java.lang.Thread.run(Unknown Source)\r",
        "17" : "Caused by: org.batfish.main.ParserBatfishException: Parser error\r",
        "18" : "   at org.batfish.main.Batfish.parse(Batfish.java:320)\r",
        "19" : "   at org.batfish.job.ParseVendorConfigurationJob.call(ParseVendorConfigurationJob.java:295)\r",
        "20" : "   ... 5 more\r",
        "21" : "Caused by: org.batfish.common.BatfishException: ",
        "22" : "parser: FlatJuniperParser: line 6:52: no viable alternative at input 'remote-as'",
        "23" : "Offending Token:  line 6:52  VARIABLE:'remote-as'  <== mode:DEFAULT_MODE",
        "24" : "Error parsing top (leftmost) parser rule in stack: '[bt_neighbor_tail bt_neighbor bt_group_tail bt_group s_protocols_bgp_tail s_protocols_bgp s_protocols_tail s_protocols s_common statement set_line_tail set_line flat_juniper_configuration]'.",
        "25" : "Parse tree of current rule:",
        "26" : "(bt_neighbor_tail)",
        "27" : "Unconsumed tokens:",
        "28" : " line 6:52  VARIABLE:'remote-as'  <== mode:DEFAULT_MODE",
        "29" : "Previous 10 tokens:",
        "30" : " line 6:14  BGP:'bgp'  <== mode:DEFAULT_MODE",
        "31" : " line 6:17 (HIDDEN)  WS:' '  <== mode:DEFAULT_MODE",
        "32" : " line 6:18  GROUP:'group'  <== mode:DEFAULT_MODE",
        "33" : " line 6:23 (HIDDEN)  M_VarOrWildcard_WS:' '  <== mode:M_VarOrWildcard",
        "34" : " line 6:24  VARIABLE:'physical'  <== mode:M_VarOrWildcard",
        "35" : " line 6:32 (HIDDEN)  WS:' '  <== mode:DEFAULT_MODE",
        "36" : " line 6:33  NEIGHBOR:'neighbor'  <== mode:DEFAULT_MODE",
        "37" : " line 6:41 (HIDDEN)  WS:' '  <== mode:DEFAULT_MODE",
        "38" : " line 6:42  IP_ADDRESS:'10.0.12.2'  <== mode:DEFAULT_MODE",
        "39" : " line 6:51 (HIDDEN)  WS:' '  <== mode:DEFAULT_MODE",
        "40" : "Error context lines:",
        "41" : "   1:      #",
        "42" : "   2:      set system host-name n1",
        "43" : "   3:      set interfaces ge-0/0/0 unit 0 family inet address 10.0.12.1/24",
        "44" : "   4:      set protocols bgp local-as 1",
        "45" : "   5:      set protocols bgp group physical neighbor 10.0.12.2 type external",
        "46" : ">>>6:      set protocols bgp group physical neighbor 10.0.12.2 remote-as 2",
        "47" : "   7:      ",
        "48" : "   8:      ### bgp import policy is as follows:",
        "49" : "   9:      ### 1. run candidate advertisement through ps-from-2-tagger, applying transformations along the way",
        "50" : "   10:     ### - if it is accepted, stop and accept",
        "51" : "   11:     ### - if it is rejected stop and reject",
        "52" : "   12:     ### - if a next policy action is applied, or if neither accept nor reject is applied by the end of ps-from-2-tagger, then move on to the next policy [conjunction]",
        "53" : "   13:     set protocols bgp group physical neighbor 10.0.12.2 import ps-from-2-tagger",
        "54" : "   14:     ### 2. if we get this far, run the advertisement through ps-from-2-criterion-1",
        "55" : "   15:     ### - if it is accepted, move on to ps-from-2-criterion-2",
        "56" : "   16:     ### - if it is rejected, stop and reject",
        "57" : "\r",
        "58" : "   at org.batfish.grammar.BatfishParserErrorListener.syntaxError(BatfishParserErrorListener.java:104)\r",
        "59" : "   at org.batfish.grammar.BatfishParserErrorListener.syntaxError(BatfishParserErrorListener.java:115)\r",
        "60" : "   at org.antlr.v4.runtime.ProxyErrorListener.syntaxError(ProxyErrorListener.java:65)\r",
        "61" : "   at org.antlr.v4.runtime.Parser.notifyErrorListeners(Parser.java:564)\r",
        "62" : "   at org.antlr.v4.runtime.DefaultErrorStrategy.reportNoViableAlternative(DefaultErrorStrategy.java:308)\r",
        "63" : "   at org.antlr.v4.runtime.DefaultErrorStrategy.reportError(DefaultErrorStrategy.java:145)\r",
        "64" : "   at org.batfish.grammar.flatjuniper.FlatJuniperParser.bt_neighbor_tail(FlatJuniperParser.java:10702)\r",
        "65" : "   at org.batfish.grammar.flatjuniper.FlatJuniperParser.bt_neighbor(FlatJuniperParser.java:10614)\r",
        "66" : "   at org.batfish.grammar.flatjuniper.FlatJuniperParser.bt_group_tail(FlatJuniperParser.java:10200)\r",
        "67" : "   at org.batfish.grammar.flatjuniper.FlatJuniperParser.bt_group(FlatJuniperParser.java:10111)\r",
        "68" : "   at org.batfish.grammar.flatjuniper.FlatJuniperParser.s_protocols_bgp_tail(FlatJuniperParser.java:11519)\r",
        "69" : "   at org.batfish.grammar.flatjuniper.FlatJuniperParser.s_protocols_bgp(FlatJuniperParser.java:11422)\r",
        "70" : "   at org.batfish.grammar.flatjuniper.FlatJuniperParser.s_protocols_tail(FlatJuniperParser.java:6798)\r",
        "71" : "   at org.batfish.grammar.flatjuniper.FlatJuniperParser.s_protocols(FlatJuniperParser.java:6738)\r",
        "72" : "   at org.batfish.grammar.flatjuniper.FlatJuniperParser.s_common(FlatJuniperParser.java:1597)\r",
        "73" : "   at org.batfish.grammar.flatjuniper.FlatJuniperParser.statement(FlatJuniperParser.java:1446)\r",
        "74" : "   at org.batfish.grammar.flatjuniper.FlatJuniperParser.set_line_tail(FlatJuniperParser.java:3431)\r",
        "75" : "   at org.batfish.grammar.flatjuniper.FlatJuniperParser.set_line(FlatJuniperParser.java:3347)\r",
        "76" : "   at org.batfish.grammar.flatjuniper.FlatJuniperParser.flat_juniper_configuration(FlatJuniperParser.java:1354)\r",
        "77" : "   at org.batfish.grammar.flatjuniper.FlatJuniperCombinedParser.parse(FlatJuniperCombinedParser.java:16)\r",
        "78" : "   at org.batfish.main.Batfish.parse(Batfish.java:317)\r",
        "79" : "   ... 6 more\r"
      }
    } ]
  } ],
  "status" : "FAILURE"
}