{
  "answerElements" : [ {
    "class" : "org.batfish.common.CompositeBatfishException$CompositeBatfishExceptionAnswerElement",
    "cause" : {
      "class" : "org.batfish.common.BatfishException$BatfishStackTrace",
      "contents" : {
        "0" : "org.batfish.common.BatfishException: Fatal exception due to failure of at least one nod job\r",
        "1" : "   at org.batfish.job.BatfishJobExecutor.executeJobs(BatfishJobExecutor.java:121)\r",
        "2" : "   at org.batfish.main.Batfish.parseVendorConfigurations(Batfish.java:2207)\r",
        "3" : "   at org.batfish.main.Batfish.serializeNetworkConfigs(Batfish.java:2947)\r",
        "4" : "   at org.batfish.main.Batfish.serializeVendorConfigs(Batfish.java:3001)\r",
        "5" : "   at org.batfish.main.Batfish.run(Batfish.java:2746)\r",
        "6" : "   at org.batfish.main.Driver$1.run(Driver.java:270)\r"
      }
    },
    "contributingCauses" : [ {
      "class" : "org.batfish.common.BatfishException$BatfishStackTrace",
      "contents" : {
        "0" : "org.batfish.common.BatfishException: Failure running job after elapsed time: 00:00:00.07",
        "1" : "-----BEGIN JOB LOG-----",
        "2" : "3 ERROR(S)",
        "3" : "ERROR 1: parser: FlatJuniperParser: line 6:52: no viable alternative at input 'remote-as'",
        "4" : "ERROR 1: Offending Token:  line 6:52  VARIABLE:'remote-as'  <== mode:DEFAULT_MODE",
        "5" : "ERROR 1: Error parsing top (leftmost) parser rule in stack: '[bt_neighbor_tail bt_neighbor bt_group_tail bt_group s_protocols_bgp_tail s_protocols_bgp s_protocols_tail s_protocols s_common statement set_line_tail set_line flat_juniper_configuration]'.",
        "6" : "ERROR 1: Parse tree of current rule:",
        "7" : "ERROR 1: (bt_neighbor_tail)",
        "8" : "ERROR 1: Unconsumed tokens:",
        "9" : "ERROR 1:  line 6:52  VARIABLE:'remote-as'  <== mode:DEFAULT_MODE",
        "10" : "ERROR 1: Previous 10 tokens:",
        "11" : "ERROR 1:  line 6:14  BGP:'bgp'  <== mode:DEFAULT_MODE",
        "12" : "ERROR 1:  line 6:17 (HIDDEN)  WS:' '  <== mode:DEFAULT_MODE",
        "13" : "ERROR 1:  line 6:18  GROUP:'group'  <== mode:DEFAULT_MODE",
        "14" : "ERROR 1:  line 6:23 (HIDDEN)  M_VarOrWildcard_WS:' '  <== mode:M_VarOrWildcard",
        "15" : "ERROR 1:  line 6:24  VARIABLE:'physical'  <== mode:M_VarOrWildcard",
        "16" : "ERROR 1:  line 6:32 (HIDDEN)  WS:' '  <== mode:DEFAULT_MODE",
        "17" : "ERROR 1:  line 6:33  NEIGHBOR:'neighbor'  <== mode:DEFAULT_MODE",
        "18" : "ERROR 1:  line 6:41 (HIDDEN)  WS:' '  <== mode:DEFAULT_MODE",
        "19" : "ERROR 1:  line 6:42  IP_ADDRESS:'10.0.12.2'  <== mode:DEFAULT_MODE",
        "20" : "ERROR 1:  line 6:51 (HIDDEN)  WS:' '  <== mode:DEFAULT_MODE",
        "21" : "ERROR 1: Error context lines:",
        "22" : "ERROR 1:    1:      #",
        "23" : "ERROR 1:    2:      set system host-name n1",
        "24" : "ERROR 1:    3:      set interfaces ge-0/0/0 unit 0 family inet address 10.0.12.1/24",
        "25" : "ERROR 1:    4:      set protocols bgp local-as 1",
        "26" : "ERROR 1:    5:      set protocols bgp group physical neighbor 10.0.12.2 type external",
        "27" : "ERROR 1: >>>6:      set protocols bgp group physical neighbor 10.0.12.2 remote-as 2",
        "28" : "ERROR 1:    7:      ",
        "29" : "ERROR 1:    8:      ### bgp import policy is as follows:",
        "30" : "ERROR 1:    9:      ### 1. run candidate advertisement through ps-from-2-tagger, applying transformations along the way",
        "31" : "ERROR 1:    10:     ### - if it is accepted, stop and accept",
        "32" : "ERROR 1:    11:     ### - if it is rejected stop and reject",
        "33" : "ERROR 1:    12:     ### - if a next policy action is applied, or if neither accept nor reject is applied by the end of ps-from-2-tagger, then move on to the next policy [conjunction]",
        "34" : "ERROR 1:    13:     set protocols bgp group physical neighbor 10.0.12.2 import ps-from-2-tagger",
        "35" : "ERROR 1:    14:     ### 2. if we get this far, run the advertisement through ps-from-2-criterion-1",
        "36" : "ERROR 1:    15:     ### - if it is accepted, move on to ps-from-2-criterion-2",
        "37" : "ERROR 1:    16:     ### - if it is rejected, stop and reject",
        "38" : "",
        "39" : "ERROR 2: parser: FlatJuniperParser: line 42:70: no viable alternative at input 'metric'",
        "40" : "ERROR 2: Offending Token:  line 42:70  METRIC:'metric'  <== mode:DEFAULT_MODE",
        "41" : "ERROR 2: Error parsing top (leftmost) parser rule in stack: '[tt_from_tail tt_from pst_term_tail pst_term pot_policy_statement_tail pot_policy_statement s_policy_options_tail s_policy_options s_common statement set_line_tail set_line flat_juniper_configuration]'.",
        "42" : "ERROR 2: Parse tree of current rule:",
        "43" : "ERROR 2: (tt_from_tail)",
        "44" : "ERROR 2: Unconsumed tokens:",
        "45" : "ERROR 2:  line 42:70  METRIC:'metric'  <== mode:DEFAULT_MODE",
        "46" : "ERROR 2: Previous 10 tokens:",
        "47" : "ERROR 2:  line 42:19  POLICY_STATEMENT:'policy-statement'  <== mode:DEFAULT_MODE",
        "48" : "ERROR 2:  line 42:35 (HIDDEN)  WS:' '  <== mode:DEFAULT_MODE",
        "49" : "ERROR 2:  line 42:36  VARIABLE:'ps-from-2-criterion-1'  <== mode:DEFAULT_MODE",
        "50" : "ERROR 2:  line 42:57 (HIDDEN)  WS:' '  <== mode:DEFAULT_MODE",
        "51" : "ERROR 2:  line 42:58  TERM:'term'  <== mode:DEFAULT_MODE",
        "52" : "ERROR 2:  line 42:62 (HIDDEN)  WS:' '  <== mode:DEFAULT_MODE",
        "53" : "ERROR 2:  line 42:63  DEC:'1'  <== mode:DEFAULT_MODE",
        "54" : "ERROR 2:  line 42:64 (HIDDEN)  WS:' '  <== mode:DEFAULT_MODE",
        "55" : "ERROR 2:  line 42:65  FROM:'from'  <== mode:DEFAULT_MODE",
        "56" : "ERROR 2:  line 42:69 (HIDDEN)  WS:' '  <== mode:DEFAULT_MODE",
        "57" : "ERROR 2: Error context lines:",
        "58" : "ERROR 2:    32:     ### match this term for advertisements with prefix matching first 8 bits of 1.0.0.0 with declared length of 8-32",
        "59" : "ERROR 2:    33:     set policy-options policy-statement ps-from-2-sub-1 term 1 from route-filter 1.0.0.0/8 orlonger",
        "60" : "ERROR 2:    34:     ### if matched, set metric to 500, set local-preference to 55, and accept. since this accept is part of a subprocedure, it just means the calling term will match, rather than that the advertisement is accepted",
        "61" : "ERROR 2:    35:     set policy-options policy-statement ps-from-2-sub-1 term 1 then metric 500",
        "62" : "ERROR 2:    36:     set policy-options policy-statement ps-from-2-sub-1 term 1 then local-preference 55",
        "63" : "ERROR 2:    37:     set policy-options policy-statement ps-from-2-sub-1 term 1 then accept",
        "64" : "ERROR 2:    38:     ### if above term does not match, then reject. since this reject is part of a subprocedure, it just means the calling term will not match, rather than that the advertisement is rejected.",
        "65" : "ERROR 2:    39:     set policy-options policy-statement ps-from-2-sub-1 term 3 then reject",
        "66" : "ERROR 2:    40:     ",
        "67" : "ERROR 2:    41:     ### if metric so far is 500, then set it to 1000",
        "68" : "ERROR 2: >>>42:     set policy-options policy-statement ps-from-2-criterion-1 term 1 from metric 500",
        "69" : "ERROR 2:    43:     set policy-options policy-statement ps-from-2-criterion-1 term 1 then metric 1000",
        "70" : "ERROR 2:    44:     ### accept. since this accept is part of a conjunction, it just means we can move onto the next policy, rather than that the advertisement is accepted",
        "71" : "ERROR 2:    45:     set policy-options policy-statement ps-from-2-criterion-1 term 2 then accept",
        "72" : "ERROR 2:    46:     ",
        "73" : "ERROR 2:    47:     ### if local-preference so far is 55, then add the community '2:1' and move onto the next term",
        "74" : "ERROR 2:    48:     set policy-options policy-statement ps-from-2-criterion-2 term 1 from local-preference 55",
        "75" : "ERROR 2:    49:     set policy-options policy-statement ps-from-2-criterion-2 term 1 then community add from-2-comm",
        "76" : "ERROR 2:    50:     set policy-options policy-statement ps-from-2-criterion-2 term 1 then next term",
        "77" : "ERROR 2:    51:     ### accept. since this is the last conjunct, this indeed indicates the advertisement is accepted",
        "78" : "ERROR 2:    52:     set policy-options policy-statement ps-from-2-criterion-2 term 2 then accept",
        "79" : "",
        "80" : "ERROR 3: parser: FlatJuniperParser: line 48:70: no viable alternative at input 'local-preference'",
        "81" : "ERROR 3: Offending Token:  line 48:70  LOCAL_PREFERENCE:'local-preference'  <== mode:DEFAULT_MODE",
        "82" : "ERROR 3: Error parsing top (leftmost) parser rule in stack: '[tt_from_tail tt_from pst_term_tail pst_term pot_policy_statement_tail pot_policy_statement s_policy_options_tail s_policy_options s_common statement set_line_tail set_line flat_juniper_configuration]'.",
        "83" : "ERROR 3: Parse tree of current rule:",
        "84" : "ERROR 3: (tt_from_tail)",
        "85" : "ERROR 3: Unconsumed tokens:",
        "86" : "ERROR 3:  line 48:70  LOCAL_PREFERENCE:'local-preference'  <== mode:DEFAULT_MODE",
        "87" : "ERROR 3: Previous 10 tokens:",
        "88" : "ERROR 3:  line 48:19  POLICY_STATEMENT:'policy-statement'  <== mode:DEFAULT_MODE",
        "89" : "ERROR 3:  line 48:35 (HIDDEN)  WS:' '  <== mode:DEFAULT_MODE",
        "90" : "ERROR 3:  line 48:36  VARIABLE:'ps-from-2-criterion-2'  <== mode:DEFAULT_MODE",
        "91" : "ERROR 3:  line 48:57 (HIDDEN)  WS:' '  <== mode:DEFAULT_MODE",
        "92" : "ERROR 3:  line 48:58  TERM:'term'  <== mode:DEFAULT_MODE",
        "93" : "ERROR 3:  line 48:62 (HIDDEN)  WS:' '  <== mode:DEFAULT_MODE",
        "94" : "ERROR 3:  line 48:63  DEC:'1'  <== mode:DEFAULT_MODE",
        "95" : "ERROR 3:  line 48:64 (HIDDEN)  WS:' '  <== mode:DEFAULT_MODE",
        "96" : "ERROR 3:  line 48:65  FROM:'from'  <== mode:DEFAULT_MODE",
        "97" : "ERROR 3:  line 48:69 (HIDDEN)  WS:' '  <== mode:DEFAULT_MODE",
        "98" : "ERROR 3: Error context lines:",
        "99" : "ERROR 3:    38:     ### if above term does not match, then reject. since this reject is part of a subprocedure, it just means the calling term will not match, rather than that the advertisement is rejected.",
        "100" : "ERROR 3:    39:     set policy-options policy-statement ps-from-2-sub-1 term 3 then reject",
        "101" : "ERROR 3:    40:     ",
        "102" : "ERROR 3:    41:     ### if metric so far is 500, then set it to 1000",
        "103" : "ERROR 3:    42:     set policy-options policy-statement ps-from-2-criterion-1 term 1 from metric 500",
        "104" : "ERROR 3:    43:     set policy-options policy-statement ps-from-2-criterion-1 term 1 then metric 1000",
        "105" : "ERROR 3:    44:     ### accept. since this accept is part of a conjunction, it just means we can move onto the next policy, rather than that the advertisement is accepted",
        "106" : "ERROR 3:    45:     set policy-options policy-statement ps-from-2-criterion-1 term 2 then accept",
        "107" : "ERROR 3:    46:     ",
        "108" : "ERROR 3:    47:     ### if local-preference so far is 55, then add the community '2:1' and move onto the next term",
        "109" : "ERROR 3: >>>48:     set policy-options policy-statement ps-from-2-criterion-2 term 1 from local-preference 55",
        "110" : "ERROR 3:    49:     set policy-options policy-statement ps-from-2-criterion-2 term 1 then community add from-2-comm",
        "111" : "ERROR 3:    50:     set policy-options policy-statement ps-from-2-criterion-2 term 1 then next term",
        "112" : "ERROR 3:    51:     ### accept. since this is the last conjunct, this indeed indicates the advertisement is accepted",
        "113" : "ERROR 3:    52:     set policy-options policy-statement ps-from-2-criterion-2 term 2 then accept",
        "114" : "ERROR 3:    53:     ",
        "115" : "ERROR 3:    54:     set policy-options community from-2-comm members 2:1",
        "116" : "ERROR 3:    55:     ",
        "117" : "ERROR 3:    56:     ",
        "118" : "",
        "119" : "",
        "120" : "-----END JOB LOG-----\r",
        "121" : "   at org.batfish.job.BatfishJobExecutor.executeJobs(BatfishJobExecutor.java:90)\r",
        "122" : "   at org.batfish.main.Batfish.parseVendorConfigurations(Batfish.java:2207)\r",
        "123" : "   at org.batfish.main.Batfish.serializeNetworkConfigs(Batfish.java:2947)\r",
        "124" : "   at org.batfish.main.Batfish.serializeVendorConfigs(Batfish.java:3001)\r",
        "125" : "   at org.batfish.main.Batfish.run(Batfish.java:2746)\r",
        "126" : "   at org.batfish.main.Driver$1.run(Driver.java:270)\r",
        "127" : "Caused by: org.batfish.common.BatfishException: Error parsing configuration file: 'C:\\Users\\ratul.REDMOND\\work\\netver\\batfish\\containers\\cp_e67fe27f-18b8-421b-a029-a8df286eaea1\\tr_086dcd4e-8a1a-4593-a460-f9d119364d02\\testrig\\configs\\n1'\r",
        "128" : "   at org.batfish.job.ParseVendorConfigurationJob.call(ParseVendorConfigurationJob.java:307)\r",
        "129" : "   at org.batfish.job.ParseVendorConfigurationJob.call(ParseVendorConfigurationJob.java:1)\r",
        "130" : "   at java.util.concurrent.FutureTask.run(Unknown Source)\r",
        "131" : "   at java.util.concurrent.ThreadPoolExecutor.runWorker(Unknown Source)\r",
        "132" : "   at java.util.concurrent.ThreadPoolExecutor$Worker.run(Unknown Source)\r",
        "133" : "   at java.lang.Thread.run(Unknown Source)\r",
        "134" : "Caused by: org.batfish.main.ParserBatfishException: Parser error(s)\r",
        "135" : "   at org.batfish.main.Batfish.parse(Batfish.java:332)\r",
        "136" : "   at org.batfish.job.ParseVendorConfigurationJob.call(ParseVendorConfigurationJob.java:294)\r",
        "137" : "   ... 5 more\r"
      }
    }, {
      "class" : "org.batfish.common.BatfishException$BatfishStackTrace",
      "contents" : {
        "0" : "org.batfish.common.BatfishException: Failure running job after elapsed time: 00:00:00.02",
        "1" : "-----BEGIN JOB LOG-----",
        "2" : "1 ERROR(S)",
        "3" : "ERROR 1: parser: FlatJuniperParser: line 11:52: no viable alternative at input 'remote-as'",
        "4" : "ERROR 1: Offending Token:  line 11:52  VARIABLE:'remote-as'  <== mode:DEFAULT_MODE",
        "5" : "ERROR 1: Error parsing top (leftmost) parser rule in stack: '[bt_neighbor_tail bt_neighbor bt_group_tail bt_group s_protocols_bgp_tail s_protocols_bgp s_protocols_tail s_protocols s_common statement set_line_tail set_line flat_juniper_configuration]'.",
        "6" : "ERROR 1: Parse tree of current rule:",
        "7" : "ERROR 1: (bt_neighbor_tail)",
        "8" : "ERROR 1: Unconsumed tokens:",
        "9" : "ERROR 1:  line 11:52  VARIABLE:'remote-as'  <== mode:DEFAULT_MODE",
        "10" : "ERROR 1: Previous 10 tokens:",
        "11" : "ERROR 1:  line 11:14  BGP:'bgp'  <== mode:DEFAULT_MODE",
        "12" : "ERROR 1:  line 11:17 (HIDDEN)  WS:' '  <== mode:DEFAULT_MODE",
        "13" : "ERROR 1:  line 11:18  GROUP:'group'  <== mode:DEFAULT_MODE",
        "14" : "ERROR 1:  line 11:23 (HIDDEN)  M_VarOrWildcard_WS:' '  <== mode:M_VarOrWildcard",
        "15" : "ERROR 1:  line 11:24  VARIABLE:'physical'  <== mode:M_VarOrWildcard",
        "16" : "ERROR 1:  line 11:32 (HIDDEN)  WS:' '  <== mode:DEFAULT_MODE",
        "17" : "ERROR 1:  line 11:33  NEIGHBOR:'neighbor'  <== mode:DEFAULT_MODE",
        "18" : "ERROR 1:  line 11:41 (HIDDEN)  WS:' '  <== mode:DEFAULT_MODE",
        "19" : "ERROR 1:  line 11:42  IP_ADDRESS:'10.0.12.1'  <== mode:DEFAULT_MODE",
        "20" : "ERROR 1:  line 11:51 (HIDDEN)  WS:' '  <== mode:DEFAULT_MODE",
        "21" : "ERROR 1: Error context lines:",
        "22" : "ERROR 1:    1:      #",
        "23" : "ERROR 1:    2:      set system host-name n2",
        "24" : "ERROR 1:    3:      set interfaces ge-0/0/0 unit 0 family inet address 10.0.12.2/24",
        "25" : "ERROR 1:    4:      set interfaces ge-0/0/0 unit 1 family inet address 10.0.23.2/24",
        "26" : "ERROR 1:    5:      set routing-options static route 1.0.0.0/24 next-hop 10.0.23.3",
        "27" : "ERROR 1:    6:      set routing-options static route 1.0.1.0/24 next-hop 10.0.23.3",
        "28" : "ERROR 1:    7:      set routing-options static route 1.0.2.0/24 next-hop 10.0.23.3",
        "29" : "ERROR 1:    8:      set routing-options static route 2.0.2.0/24 next-hop 10.0.23.3",
        "30" : "ERROR 1:    9:      set protocols bgp local-as 2",
        "31" : "ERROR 1:    10:     set protocols bgp group physical neighbor 10.0.12.1 type external",
        "32" : "ERROR 1: >>>11:     set protocols bgp group physical neighbor 10.0.12.1 remote-as 1",
        "33" : "ERROR 1:    12:     ",
        "34" : "ERROR 1:    13:     ",
        "35" : "",
        "36" : "",
        "37" : "-----END JOB LOG-----\r",
        "38" : "   at org.batfish.job.BatfishJobExecutor.executeJobs(BatfishJobExecutor.java:90)\r",
        "39" : "   at org.batfish.main.Batfish.parseVendorConfigurations(Batfish.java:2207)\r",
        "40" : "   at org.batfish.main.Batfish.serializeNetworkConfigs(Batfish.java:2947)\r",
        "41" : "   at org.batfish.main.Batfish.serializeVendorConfigs(Batfish.java:3001)\r",
        "42" : "   at org.batfish.main.Batfish.run(Batfish.java:2746)\r",
        "43" : "   at org.batfish.main.Driver$1.run(Driver.java:270)\r",
        "44" : "Caused by: org.batfish.common.BatfishException: Error parsing configuration file: 'C:\\Users\\ratul.REDMOND\\work\\netver\\batfish\\containers\\cp_e67fe27f-18b8-421b-a029-a8df286eaea1\\tr_086dcd4e-8a1a-4593-a460-f9d119364d02\\testrig\\configs\\n2'\r",
        "45" : "   at org.batfish.job.ParseVendorConfigurationJob.call(ParseVendorConfigurationJob.java:307)\r",
        "46" : "   at org.batfish.job.ParseVendorConfigurationJob.call(ParseVendorConfigurationJob.java:1)\r",
        "47" : "   at java.util.concurrent.FutureTask.run(Unknown Source)\r",
        "48" : "   at java.util.concurrent.ThreadPoolExecutor.runWorker(Unknown Source)\r",
        "49" : "   at java.util.concurrent.ThreadPoolExecutor$Worker.run(Unknown Source)\r",
        "50" : "   at java.lang.Thread.run(Unknown Source)\r",
        "51" : "Caused by: org.batfish.main.ParserBatfishException: Parser error(s)\r",
        "52" : "   at org.batfish.main.Batfish.parse(Batfish.java:332)\r",
        "53" : "   at org.batfish.job.ParseVendorConfigurationJob.call(ParseVendorConfigurationJob.java:294)\r",
        "54" : "   ... 5 more\r"
      }
    } ]
  } ],
  "status" : "FAILURE"
}