[
  {
    "class" : "org.batfish.question.bgpsessionstatus.BgpSessionStatusAnswerElement",
    "metadata" : {
      "columnMetadata" : {
        "configuredStatus" : {
          "description" : "Configured status",
          "isKey" : false,
          "isValue" : true,
          "schema" : "String"
        },
        "establishedNeighbors" : {
          "description" : "Number of neighbors with whom BGP session was established",
          "isKey" : false,
          "isValue" : true,
          "schema" : "Integer"
        },
        "localIp" : {
          "description" : "The local IP of the session",
          "isKey" : false,
          "isValue" : false,
          "schema" : "Ip"
        },
        "node" : {
          "description" : "The node where this session is configured",
          "isKey" : true,
          "isValue" : false,
          "schema" : "Node"
        },
        "onLoopback" : {
          "description" : "Whether the session was established on loopback interface",
          "isKey" : false,
          "isValue" : true,
          "schema" : "Boolean"
        },
        "remoteNode" : {
          "description" : "Remote node for this session",
          "isKey" : false,
          "isValue" : false,
          "schema" : "Node"
        },
        "remotePrefix" : {
          "description" : "Remote prefix for this session",
          "isKey" : true,
          "isValue" : false,
          "schema" : "Prefix"
        },
        "sessionType" : {
          "description" : "The type of this session",
          "isKey" : false,
          "isValue" : false,
          "schema" : "String"
        },
        "vrfName" : {
          "description" : "The VRF in which this session is configured",
          "isKey" : true,
          "isValue" : false,
          "schema" : "String"
        }
      },
      "displayHints" : {
        "textDesc" : "On ${node} session ${vrfName}:${remotePrefix} has configured status ${configuredStatus}."
      }
    },
    "rows" : [
      {
        "configuredStatus" : "UNIQUE_MATCH",
        "establishedNeighbors" : 1,
        "localIp" : "10.23.21.2",
        "node" : {
          "id" : "node-as2border2",
          "name" : "as2border2"
        },
        "onLoopback" : false,
        "remoteNode" : {
          "id" : "node-as3border1",
          "name" : "as3border1"
        },
        "remotePrefix" : "10.23.21.3/32",
        "sessionType" : "EBGP_SINGLEHOP",
        "vrfName" : "default"
      }
    ],
    "summary" : {
      "notes" : "Found 1 results",
      "numFailed" : 0,
      "numPassed" : 0,
      "numResults" : 1
    }
  }
]