[
  {
    "class" : "org.batfish.datamodel.table.TableAnswerElement",
    "metadata" : {
      "columnMetadata" : [
        {
          "description" : "The node where this session is configured",
          "isKey" : true,
          "isValue" : false,
          "name" : "Node",
          "schema" : "Node"
        },
        {
          "description" : "The VRF in which this session is configured",
          "isKey" : true,
          "isValue" : false,
          "name" : "VRF",
          "schema" : "String"
        },
        {
          "description" : "The local AS of the session",
          "isKey" : false,
          "isValue" : false,
          "name" : "Local_AS",
          "schema" : "Long"
        },
        {
          "description" : "Local interface of the session",
          "isKey" : false,
          "isValue" : true,
          "name" : "Local_Interface",
          "schema" : "Interface"
        },
        {
          "description" : "The local IP of the session",
          "isKey" : false,
          "isValue" : false,
          "name" : "Local_IP",
          "schema" : "Ip"
        },
        {
          "description" : "The remote AS or list of ASes of the session",
          "isKey" : false,
          "isValue" : false,
          "name" : "Remote_AS",
          "schema" : "String"
        },
        {
          "description" : "Remote node for this session",
          "isKey" : false,
          "isValue" : false,
          "name" : "Remote_Node",
          "schema" : "Node"
        },
        {
          "description" : "Remote interface for this session",
          "isKey" : false,
          "isValue" : false,
          "name" : "Remote_Interface",
          "schema" : "Interface"
        },
        {
          "description" : "Remote IP or prefix for this session",
          "isKey" : true,
          "isValue" : false,
          "name" : "Remote_IP",
          "schema" : "SelfDescribing"
        },
        {
          "description" : "Address Families participating in this session",
          "isKey" : false,
          "isValue" : true,
          "name" : "Address_Families",
          "schema" : "Set<String>"
        },
        {
          "description" : "The type of this session",
          "isKey" : false,
          "isValue" : false,
          "name" : "Session_Type",
          "schema" : "String"
        },
        {
          "description" : "Established status",
          "isKey" : false,
          "isValue" : true,
          "name" : "Established_Status",
          "schema" : "String"
        }
      ],
      "textDesc" : "On ${Node} session ${VRF}:${Remote_IP} has status ${Established_Status}."
    },
    "rows" : [
      {
        "Established_Status" : "ESTABLISHED",
        "Address_Families" : [
          "IPV4_UNICAST"
        ],
        "Local_Interface" : null,
        "Local_AS" : 2,
        "Local_IP" : "10.23.21.2",
        "Node" : {
          "id" : "node-as2border2",
          "name" : "as2border2"
        },
        "Remote_AS" : "3",
        "Remote_Node" : {
          "id" : "node-as3border1",
          "name" : "as3border1"
        },
        "Remote_Interface" : null,
        "Remote_IP" : {
          "schema" : "Ip",
          "value" : "10.23.21.3"
        },
        "Session_Type" : "EBGP_SINGLEHOP",
        "VRF" : "default"
      }
    ],
    "summary" : {
      "notes" : "Found 1 results",
      "numFailed" : 0,
      "numPassed" : 0,
      "numResults" : 1
    }
  }
]