{
  "answerElements" : [
    {
      "class" : "org.batfish.datamodel.answers.BdpAnswerElement",
      "bgpBestPathRibRoutesByIteration" : {
        "1" : 17,
        "2" : 32,
        "3" : 61,
        "4" : 79,
        "5" : 85,
        "6" : 91,
        "7" : 93,
        "8" : 93
      },
      "bgpMultipathRibRoutesByIteration" : {
        "1" : 17,
        "2" : 40,
        "3" : 69,
        "4" : 89,
        "5" : 99,
        "6" : 105,
        "7" : 107,
        "8" : 107
      },
      "dependentRoutesIterations" : 8,
      "mainRibRoutesByIteration" : {
        "1" : 161,
        "2" : 193,
        "3" : 251,
        "4" : 271,
        "5" : 281,
        "6" : 287,
        "7" : 289,
        "8" : 289
      },
      "ospfInternalIterations" : 3,
      "version" : "0.25.0"
    }
  ],
  "status" : "SUCCESS"
}
