{
  "answerElements" : [
    {
      "class" : "org.batfish.datamodel.answers.BdpAnswerElement",
      "bgpBestPathRibRoutesByIteration" : {
        "1" : 17,
        "2" : 34,
        "3" : 65,
        "4" : 83,
        "5" : 89,
        "6" : 95,
        "7" : 97,
        "8" : 97
      },
      "bgpMultipathRibRoutesByIteration" : {
        "1" : 17,
        "2" : 44,
        "3" : 85,
        "4" : 105,
        "5" : 115,
        "6" : 125,
        "7" : 127,
        "8" : 127
      },
      "dependentRoutesIterations" : 8,
      "mainRibRoutesByIteration" : {
        "1" : 161,
        "2" : 193,
        "3" : 259,
        "4" : 279,
        "5" : 289,
        "6" : 299,
        "7" : 301,
        "8" : 301
      },
      "ospfInternalIterations" : 3,
      "version" : "0.34.0"
    }
  ],
  "status" : "SUCCESS",
  "summary" : {
    "numFailed" : 0,
    "numPassed" : 0,
    "numResults" : 0
  }
}
