{
  "answerElements" : [
    {
      "class" : "org.batfish.datamodel.answers.IncrementalBdpAnswerElement",
      "bgpBestPathRibRoutesByIteration" : {
        "1" : 26,
        "2" : 61,
        "3" : 69,
        "4" : 78,
        "5" : 79,
        "6" : 79,
        "7" : 79
      },
      "bgpMultipathRibRoutesByIteration" : {
        "1" : 30,
        "2" : 97,
        "3" : 109,
        "4" : 126,
        "5" : 127,
        "6" : 127,
        "7" : 127
      },
      "dependentRoutesIterations" : 7,
      "eigrpInternalIterations" : 1,
      "mainRibRoutesByIteration" : {
        "1" : 213,
        "2" : 310,
        "3" : 324,
        "4" : 341,
        "5" : 342,
        "6" : 342,
        "7" : 342
      },
      "ospfInternalIterations" : 3,
      "version" : "0.36.0",
      "warnings" : { }
    }
  ],
  "status" : "SUCCESS",
  "summary" : {
    "numFailed" : 0,
    "numPassed" : 0,
    "numResults" : 0
  }
}