{
  "answerElements" : [
    {
      "class" : "org.batfish.datamodel.answers.ParseVendorConfigurationAnswerElement",
      "fileMap" : {
        "as1border1" : "configs/as1border1.cfg",
        "as1border2" : "configs/as1border2.cfg",
        "as1core1" : "configs/as1core1.cfg",
        "as2border1" : "configs/as2border1.cfg",
        "as2border2" : "configs/as2border2.cfg",
        "as2core1" : "configs/as2core1.cfg",
        "as2core2" : "configs/as2core2.cfg",
        "as2dept1" : "configs/as2dept1.cfg",
        "as2dist1" : "configs/as2dist1.cfg",
        "as2dist2" : "configs/as2dist2.cfg",
        "as3border1" : "configs/as3border1.cfg",
        "as3border2" : "configs/as3border2.cfg",
        "as3core1" : "configs/as3core1.cfg",
        "host1" : "hosts/host1.json",
        "host2" : "hosts/host2.json",
        "iptables/host1.iptables" : "iptables/host1.iptables",
        "iptables/host2.iptables" : "iptables/host2.iptables"
      },
      "parseStatus" : {
        "configs/as1border1.cfg" : "PASSED",
        "configs/as1border2.cfg" : "PASSED",
        "configs/as1core1.cfg" : "PASSED",
        "configs/as2border1.cfg" : "PASSED",
        "configs/as2border2.cfg" : "PASSED",
        "configs/as2core1.cfg" : "PASSED",
        "configs/as2core2.cfg" : "PASSED",
        "configs/as2dept1.cfg" : "PASSED",
        "configs/as2dist1.cfg" : "PASSED",
        "configs/as2dist2.cfg" : "PASSED",
        "configs/as3border1.cfg" : "PASSED",
        "configs/as3border2.cfg" : "PASSED",
        "configs/as3core1.cfg" : "PASSED",
        "hosts/host1.json" : "PASSED",
        "hosts/host2.json" : "PASSED",
        "iptables/host1.iptables" : "PASSED",
        "iptables/host2.iptables" : "PASSED"
      },
      "version" : "0.36.0"
    },
    {
      "class" : "org.batfish.datamodel.answers.ConvertConfigurationAnswerElement",
      "definedStructures" : {
        "configs/as1border1.cfg" : {
          "bgp group" : {
            "as1" : {
              "definitionLines" : [
                79
              ],
              "numReferrers" : -1
            },
            "as2" : {
              "definitionLines" : [
                81
              ],
              "numReferrers" : -1
            },
            "as3" : {
              "definitionLines" : [
                83
              ],
              "numReferrers" : 0
            },
            "bad-ebgp" : {
              "definitionLines" : [
                87
              ],
              "numReferrers" : -1
            },
            "xanadu" : {
              "definitionLines" : [
                85
              ],
              "numReferrers" : -1
            }
          },
          "expanded community-list" : {
            "as1_community" : {
              "definitionLines" : [
                119
              ],
              "numReferrers" : 0
            },
            "as2_community" : {
              "definitionLines" : [
                120
              ],
              "numReferrers" : 1
            },
            "as3_community" : {
              "definitionLines" : [
                121
              ],
              "numReferrers" : 1
            }
          },
          "extended ipv4 access-list" : {
            "101" : {
              "definitionLines" : [
                131,
                132
              ],
              "numReferrers" : 2
            },
            "102" : {
              "definitionLines" : [
                133,
                134
              ],
              "numReferrers" : 1
            },
            "103" : {
              "definitionLines" : [
                135,
                136
              ],
              "numReferrers" : 1
            }
          },
          "interface" : {
            "Ethernet0/0" : {
              "definitionLines" : [
                54,
                55,
                56,
                57
              ],
              "numReferrers" : 1
            },
            "GigabitEthernet0/0" : {
              "definitionLines" : [
                59,
                60,
                61,
                62,
                63,
                64
              ],
              "numReferrers" : 1
            },
            "GigabitEthernet1/0" : {
              "definitionLines" : [
                66,
                67,
                68
              ],
              "numReferrers" : 1
            },
            "Loopback0" : {
              "definitionLines" : [
                51,
                52
              ],
              "numReferrers" : 2
            }
          },
          "ipv4 prefix-list" : {
            "default_list" : {
              "definitionLines" : [
                127
              ],
              "numReferrers" : 1
            },
            "inbound_route_filter" : {
              "definitionLines" : [
                129,
                130
              ],
              "numReferrers" : 0
            }
          },
          "route-map" : {
            "as1_to_as2" : {
              "definitionLines" : [
                138,
                139,
                140,
                141,
                143,
                144,
                145,
                146,
                148,
                149,
                150,
                151
              ],
              "numReferrers" : 1
            },
            "as1_to_as3" : {
              "definitionLines" : [
                157,
                158,
                159,
                160,
                162,
                163,
                164,
                165
              ],
              "numReferrers" : 1
            },
            "as2_to_as1" : {
              "definitionLines" : [
                153,
                154,
                155
              ],
              "numReferrers" : 1
            },
            "as3_to_as1" : {
              "definitionLines" : [
                167,
                168,
                169
              ],
              "numReferrers" : 1
            }
          }
        },
        "configs/as1border2.cfg" : {
          "bgp group" : {
            "as1" : {
              "definitionLines" : [
                85
              ],
              "numReferrers" : -1
            },
            "as2" : {
              "definitionLines" : [
                87
              ],
              "numReferrers" : 0
            },
            "as3" : {
              "definitionLines" : [
                89
              ],
              "numReferrers" : -1
            },
            "as4" : {
              "definitionLines" : [
                91
              ],
              "numReferrers" : -1
            }
          },
          "expanded community-list" : {
            "as1_community" : {
              "definitionLines" : [
                123
              ],
              "numReferrers" : 0
            },
            "as2_community" : {
              "definitionLines" : [
                124
              ],
              "numReferrers" : 1
            },
            "as3_community" : {
              "definitionLines" : [
                125
              ],
              "numReferrers" : 1
            },
            "as4_community" : {
              "definitionLines" : [
                126
              ],
              "numReferrers" : 1
            }
          },
          "extended ipv4 access-list" : {
            "101" : {
              "definitionLines" : [
                136,
                137
              ],
              "numReferrers" : 2
            },
            "102" : {
              "definitionLines" : [
                138,
                139
              ],
              "numReferrers" : 1
            },
            "103" : {
              "definitionLines" : [
                140
              ],
              "numReferrers" : 1
            }
          },
          "interface" : {
            "Ethernet0/0" : {
              "definitionLines" : [
                57,
                58,
                59,
                60
              ],
              "numReferrers" : 1
            },
            "GigabitEthernet0/0" : {
              "definitionLines" : [
                62,
                63,
                64,
                65,
                66,
                67
              ],
              "numReferrers" : 1
            },
            "GigabitEthernet1/0" : {
              "definitionLines" : [
                69,
                70,
                71
              ],
              "numReferrers" : 1
            },
            "GigabitEthernet2/0" : {
              "definitionLines" : [
                73,
                74,
                75
              ],
              "numReferrers" : 1
            },
            "Loopback0" : {
              "definitionLines" : [
                54,
                55
              ],
              "numReferrers" : 2
            }
          },
          "ipv4 prefix-list" : {
            "as4-prefixes" : {
              "definitionLines" : [
                132
              ],
              "numReferrers" : 1
            },
            "inbound_route_filter" : {
              "definitionLines" : [
                134,
                135
              ],
              "numReferrers" : 0
            }
          },
          "route-map" : {
            "as1_to_as2" : {
              "definitionLines" : [
                142,
                143,
                144,
                145,
                147,
                148,
                149,
                150
              ],
              "numReferrers" : 1
            },
            "as1_to_as3" : {
              "definitionLines" : [
                156,
                157,
                158,
                159,
                161,
                162,
                163,
                164
              ],
              "numReferrers" : 1
            },
            "as1_to_as4" : {
              "definitionLines" : [
                170,
                171,
                172
              ],
              "numReferrers" : 1
            },
            "as2_to_as1" : {
              "definitionLines" : [
                152,
                153,
                154
              ],
              "numReferrers" : 1
            },
            "as3_to_as1" : {
              "definitionLines" : [
                166,
                167,
                168
              ],
              "numReferrers" : 1
            },
            "as4_to_as1" : {
              "definitionLines" : [
                174,
                175,
                176,
                177
              ],
              "numReferrers" : 1
            }
          }
        },
        "configs/as1core1.cfg" : {
          "bgp group" : {
            "as1" : {
              "definitionLines" : [
                80
              ],
              "numReferrers" : -1
            }
          },
          "interface" : {
            "Ethernet0/0" : {
              "definitionLines" : [
                57,
                58,
                59,
                60
              ],
              "numReferrers" : 1
            },
            "GigabitEthernet0/0" : {
              "definitionLines" : [
                62,
                63,
                64,
                65,
                66,
                67
              ],
              "numReferrers" : 1
            },
            "GigabitEthernet1/0" : {
              "definitionLines" : [
                69,
                70,
                71
              ],
              "numReferrers" : 1
            },
            "Loopback0" : {
              "definitionLines" : [
                54,
                55
              ],
              "numReferrers" : 3
            }
          }
        },
        "configs/as2border1.cfg" : {
          "bgp group" : {
            "as1" : {
              "definitionLines" : [
                89
              ],
              "numReferrers" : -1
            },
            "as2" : {
              "definitionLines" : [
                91
              ],
              "numReferrers" : -1
            },
            "as3" : {
              "definitionLines" : [
                93
              ],
              "numReferrers" : 0
            }
          },
          "expanded community-list" : {
            "as1_community" : {
              "definitionLines" : [
                123
              ],
              "numReferrers" : 1
            },
            "as2_community" : {
              "definitionLines" : [
                124
              ],
              "numReferrers" : 0
            },
            "as3_community" : {
              "definitionLines" : [
                125
              ],
              "numReferrers" : 1
            }
          },
          "extended ipv4 access-list" : {
            "101" : {
              "definitionLines" : [
                144,
                145
              ],
              "numReferrers" : 1
            },
            "103" : {
              "definitionLines" : [
                146,
                147
              ],
              "numReferrers" : 1
            },
            "INSIDE_TO_AS1" : {
              "definitionLines" : [
                130,
                131,
                132,
                133
              ],
              "numReferrers" : 1
            },
            "OUTSIDE_TO_INSIDE" : {
              "definitionLines" : [
                134,
                135,
                136,
                137
              ],
              "numReferrers" : 1
            }
          },
          "interface" : {
            "Ethernet0/0" : {
              "definitionLines" : [
                59,
                60,
                61,
                62
              ],
              "numReferrers" : 1
            },
            "GigabitEthernet0/0" : {
              "definitionLines" : [
                64,
                65,
                66,
                67,
                68,
                69,
                70,
                71
              ],
              "numReferrers" : 1
            },
            "GigabitEthernet1/0" : {
              "definitionLines" : [
                73,
                74,
                75
              ],
              "numReferrers" : 1
            },
            "GigabitEthernet2/0" : {
              "definitionLines" : [
                77,
                78,
                79
              ],
              "numReferrers" : 1
            },
            "Loopback0" : {
              "definitionLines" : [
                56,
                57
              ],
              "numReferrers" : 3
            }
          },
          "ipv4 prefix-list" : {
            "inbound_route_filter" : {
              "definitionLines" : [
                140,
                141
              ],
              "numReferrers" : 0
            },
            "outbound_routes" : {
              "definitionLines" : [
                143
              ],
              "numReferrers" : 2
            }
          },
          "route-map" : {
            "as1_to_as2" : {
              "definitionLines" : [
                159,
                160,
                161,
                162
              ],
              "numReferrers" : 1
            },
            "as2_to_as1" : {
              "definitionLines" : [
                149,
                150,
                151,
                152,
                154,
                155,
                156,
                157
              ],
              "numReferrers" : 1
            },
            "as2_to_as3" : {
              "definitionLines" : [
                164,
                165,
                166,
                167,
                169,
                170,
                171,
                172
              ],
              "numReferrers" : 1
            },
            "as3_to_as2" : {
              "definitionLines" : [
                174,
                175,
                176,
                177
              ],
              "numReferrers" : 1
            }
          }
        },
        "configs/as2border2.cfg" : {
          "bgp group" : {
            "as1" : {
              "definitionLines" : [
                86
              ],
              "numReferrers" : 0
            },
            "as2" : {
              "definitionLines" : [
                88
              ],
              "numReferrers" : -1
            },
            "as3" : {
              "definitionLines" : [
                90
              ],
              "numReferrers" : -1
            }
          },
          "expanded community-list" : {
            "as1_community" : {
              "definitionLines" : [
                120
              ],
              "numReferrers" : 1
            },
            "as2_community" : {
              "definitionLines" : [
                121
              ],
              "numReferrers" : 0
            },
            "as3_community" : {
              "definitionLines" : [
                122
              ],
              "numReferrers" : 1
            }
          },
          "extended ipv4 access-list" : {
            "101" : {
              "definitionLines" : [
                140,
                141
              ],
              "numReferrers" : 1
            },
            "103" : {
              "definitionLines" : [
                142,
                143
              ],
              "numReferrers" : 1
            },
            "INSIDE_TO_AS3" : {
              "definitionLines" : [
                127,
                128,
                129,
                130
              ],
              "numReferrers" : 1
            },
            "OUTSIDE_TO_INSIDE" : {
              "definitionLines" : [
                131,
                132,
                133
              ],
              "numReferrers" : 1
            }
          },
          "interface" : {
            "Ethernet0/0" : {
              "definitionLines" : [
                56,
                57,
                58,
                59
              ],
              "numReferrers" : 1
            },
            "GigabitEthernet0/0" : {
              "definitionLines" : [
                61,
                62,
                63,
                64,
                65,
                66,
                67,
                68
              ],
              "numReferrers" : 1
            },
            "GigabitEthernet1/0" : {
              "definitionLines" : [
                70,
                71,
                72
              ],
              "numReferrers" : 1
            },
            "GigabitEthernet2/0" : {
              "definitionLines" : [
                74,
                75,
                76
              ],
              "numReferrers" : 1
            },
            "Loopback0" : {
              "definitionLines" : [
                53,
                54
              ],
              "numReferrers" : 3
            }
          },
          "ipv4 prefix-list" : {
            "inbound_route_filter" : {
              "definitionLines" : [
                136,
                137
              ],
              "numReferrers" : 0
            },
            "outbound_routes" : {
              "definitionLines" : [
                139
              ],
              "numReferrers" : 2
            }
          },
          "route-map" : {
            "as1_to_as2" : {
              "definitionLines" : [
                155,
                156,
                157,
                158
              ],
              "numReferrers" : 1
            },
            "as2_to_as1" : {
              "definitionLines" : [
                145,
                146,
                147,
                148,
                150,
                151,
                152,
                153
              ],
              "numReferrers" : 1
            },
            "as2_to_as3" : {
              "definitionLines" : [
                160,
                161,
                162,
                163,
                165,
                166,
                167,
                168
              ],
              "numReferrers" : 1
            },
            "as3_to_as2" : {
              "definitionLines" : [
                170,
                171,
                172,
                173
              ],
              "numReferrers" : 1
            }
          }
        },
        "configs/as2core1.cfg" : {
          "bgp group" : {
            "as2" : {
              "definitionLines" : [
                90
              ],
              "numReferrers" : -1
            }
          },
          "extended ipv4 access-list" : {
            "blocktelnet" : {
              "definitionLines" : [
                121,
                122,
                123
              ],
              "numReferrers" : 2
            }
          },
          "interface" : {
            "Ethernet0/0" : {
              "definitionLines" : [
                57,
                58,
                59,
                60
              ],
              "numReferrers" : 1
            },
            "GigabitEthernet0/0" : {
              "definitionLines" : [
                62,
                63,
                64,
                65,
                66,
                67
              ],
              "numReferrers" : 1
            },
            "GigabitEthernet1/0" : {
              "definitionLines" : [
                69,
                70,
                71
              ],
              "numReferrers" : 1
            },
            "GigabitEthernet2/0" : {
              "definitionLines" : [
                73,
                74,
                75,
                76
              ],
              "numReferrers" : 1
            },
            "GigabitEthernet3/0" : {
              "definitionLines" : [
                78,
                79,
                80,
                81
              ],
              "numReferrers" : 1
            },
            "Loopback0" : {
              "definitionLines" : [
                54,
                55
              ],
              "numReferrers" : 5
            }
          }
        },
        "configs/as2core2.cfg" : {
          "bgp group" : {
            "as2" : {
              "definitionLines" : [
                91
              ],
              "numReferrers" : -1
            }
          },
          "interface" : {
            "Ethernet0/0" : {
              "definitionLines" : [
                57,
                58,
                59,
                60
              ],
              "numReferrers" : 1
            },
            "GigabitEthernet0/0" : {
              "definitionLines" : [
                62,
                63,
                64,
                65,
                66,
                67,
                68
              ],
              "numReferrers" : 1
            },
            "GigabitEthernet1/0" : {
              "definitionLines" : [
                70,
                71,
                72,
                73
              ],
              "numReferrers" : 1
            },
            "GigabitEthernet2/0" : {
              "definitionLines" : [
                75,
                76,
                77,
                78
              ],
              "numReferrers" : 1
            },
            "GigabitEthernet3/0" : {
              "definitionLines" : [
                80,
                81,
                82
              ],
              "numReferrers" : 1
            },
            "Loopback0" : {
              "definitionLines" : [
                54,
                55
              ],
              "numReferrers" : 5
            }
          }
        },
        "configs/as2dept1.cfg" : {
          "bgp group" : {
            "as2" : {
              "definitionLines" : [
                83
              ],
              "numReferrers" : -1
            }
          },
          "expanded community-list" : {
            "as2_community" : {
              "definitionLines" : [
                105
              ],
              "numReferrers" : 1
            }
          },
          "extended ipv4 access-list" : {
            "102" : {
              "definitionLines" : [
                119,
                120
              ],
              "numReferrers" : 1
            },
            "105" : {
              "definitionLines" : [
                121,
                122,
                123,
                124
              ],
              "numReferrers" : 0
            },
            "RESTRICT_HOST_TRAFFIC_IN" : {
              "definitionLines" : [
                110,
                111,
                112,
                113
              ],
              "numReferrers" : 2
            },
            "RESTRICT_HOST_TRAFFIC_OUT" : {
              "definitionLines" : [
                114,
                115,
                116,
                117
              ],
              "numReferrers" : 0
            }
          },
          "interface" : {
            "Ethernet0/0" : {
              "definitionLines" : [
                54,
                55,
                56,
                57
              ],
              "numReferrers" : 1
            },
            "GigabitEthernet0/0" : {
              "definitionLines" : [
                59,
                60,
                61,
                62,
                63,
                64
              ],
              "numReferrers" : 1
            },
            "GigabitEthernet1/0" : {
              "definitionLines" : [
                66,
                67,
                68
              ],
              "numReferrers" : 1
            },
            "GigabitEthernet2/0" : {
              "definitionLines" : [
                70,
                71,
                72,
                73
              ],
              "numReferrers" : 1
            },
            "GigabitEthernet3/0" : {
              "definitionLines" : [
                75,
                76,
                77,
                78
              ],
              "numReferrers" : 1
            },
            "Loopback0" : {
              "definitionLines" : [
                51,
                52
              ],
              "numReferrers" : 1
            }
          },
          "route-map" : {
            "as2_to_dept" : {
              "definitionLines" : [
                131,
                132,
                133
              ],
              "numReferrers" : 1
            },
            "dept_to_as2" : {
              "definitionLines" : [
                126,
                127,
                128,
                129
              ],
              "numReferrers" : 1
            }
          }
        },
        "configs/as2dist1.cfg" : {
          "bgp group" : {
            "as2" : {
              "definitionLines" : [
                83
              ],
              "numReferrers" : -1
            },
            "dept" : {
              "definitionLines" : [
                85
              ],
              "numReferrers" : -1
            }
          },
          "expanded community-list" : {
            "dept_community" : {
              "definitionLines" : [
                111
              ],
              "numReferrers" : 1
            }
          },
          "extended ipv4 access-list" : {
            "102" : {
              "definitionLines" : [
                116
              ],
              "numReferrers" : 0
            },
            "105" : {
              "definitionLines" : [
                117,
                118,
                119,
                120
              ],
              "numReferrers" : 1
            }
          },
          "interface" : {
            "Ethernet0/0" : {
              "definitionLines" : [
                54,
                55,
                56,
                57
              ],
              "numReferrers" : 1
            },
            "GigabitEthernet0/0" : {
              "definitionLines" : [
                59,
                60,
                61,
                62,
                63,
                64
              ],
              "numReferrers" : 1
            },
            "GigabitEthernet1/0" : {
              "definitionLines" : [
                66,
                67,
                68
              ],
              "numReferrers" : 1
            },
            "GigabitEthernet2/0" : {
              "definitionLines" : [
                70,
                71,
                72
              ],
              "numReferrers" : 1
            },
            "Loopback0" : {
              "definitionLines" : [
                51,
                52
              ],
              "numReferrers" : 3
            }
          },
          "route-map" : {
            "as2dist_to_dept" : {
              "definitionLines" : [
                122,
                123,
                124,
                125
              ],
              "numReferrers" : 1
            },
            "dept_to_as2dist" : {
              "definitionLines" : [
                127,
                128,
                129
              ],
              "numReferrers" : 1
            }
          }
        },
        "configs/as2dist2.cfg" : {
          "bgp group" : {
            "as2" : {
              "definitionLines" : [
                83
              ],
              "numReferrers" : -1
            },
            "dept" : {
              "definitionLines" : [
                85
              ],
              "numReferrers" : -1
            }
          },
          "expanded community-list" : {
            "dept_community" : {
              "definitionLines" : [
                111
              ],
              "numReferrers" : 1
            }
          },
          "extended ipv4 access-list" : {
            "102" : {
              "definitionLines" : [
                116
              ],
              "numReferrers" : 0
            },
            "105" : {
              "definitionLines" : [
                117,
                118,
                119,
                120
              ],
              "numReferrers" : 1
            }
          },
          "interface" : {
            "Ethernet0/0" : {
              "definitionLines" : [
                54,
                55,
                56,
                57
              ],
              "numReferrers" : 1
            },
            "GigabitEthernet0/0" : {
              "definitionLines" : [
                59,
                60,
                61,
                62,
                63,
                64
              ],
              "numReferrers" : 1
            },
            "GigabitEthernet1/0" : {
              "definitionLines" : [
                66,
                67,
                68
              ],
              "numReferrers" : 1
            },
            "GigabitEthernet2/0" : {
              "definitionLines" : [
                70,
                71,
                72
              ],
              "numReferrers" : 1
            },
            "Loopback0" : {
              "definitionLines" : [
                51,
                52
              ],
              "numReferrers" : 3
            }
          },
          "route-map" : {
            "as2dist_to_dept" : {
              "definitionLines" : [
                122,
                123,
                124,
                125
              ],
              "numReferrers" : 1
            },
            "dept_to_as2dist" : {
              "definitionLines" : [
                127,
                128,
                129
              ],
              "numReferrers" : 1
            }
          }
        },
        "configs/as3border1.cfg" : {
          "bgp group" : {
            "as1" : {
              "definitionLines" : [
                81
              ],
              "numReferrers" : 0
            },
            "as2" : {
              "definitionLines" : [
                83
              ],
              "numReferrers" : -1
            },
            "as3" : {
              "definitionLines" : [
                85
              ],
              "numReferrers" : -1
            }
          },
          "expanded community-list" : {
            "as1_community" : {
              "definitionLines" : [
                113
              ],
              "numReferrers" : 1
            },
            "as2_community" : {
              "definitionLines" : [
                114
              ],
              "numReferrers" : 1
            },
            "as3_community" : {
              "definitionLines" : [
                115
              ],
              "numReferrers" : 0
            }
          },
          "extended ipv4 access-list" : {
            "101" : {
              "definitionLines" : [
                125,
                126
              ],
              "numReferrers" : 1
            },
            "102" : {
              "definitionLines" : [
                127,
                128
              ],
              "numReferrers" : 1
            },
            "103" : {
              "definitionLines" : [
                129,
                130
              ],
              "numReferrers" : 2
            }
          },
          "interface" : {
            "Ethernet0/0" : {
              "definitionLines" : [
                57,
                58,
                59,
                60
              ],
              "numReferrers" : 1
            },
            "GigabitEthernet0/0" : {
              "definitionLines" : [
                62,
                63,
                64,
                65,
                66,
                67
              ],
              "numReferrers" : 1
            },
            "GigabitEthernet1/0" : {
              "definitionLines" : [
                69,
                70,
                71
              ],
              "numReferrers" : 1
            },
            "Loopback0" : {
              "definitionLines" : [
                54,
                55
              ],
              "numReferrers" : 2
            }
          },
          "ipv4 prefix-list" : {
            "default_list" : {
              "definitionLines" : [
                121
              ],
              "numReferrers" : 1
            },
            "inbound_route_filter" : {
              "definitionLines" : [
                123,
                124
              ],
              "numReferrers" : 0
            }
          },
          "route-map" : {
            "as1_to_as3" : {
              "definitionLines" : [
                142,
                143,
                144
              ],
              "numReferrers" : 1
            },
            "as2_to_as3" : {
              "definitionLines" : [
                161,
                162,
                163
              ],
              "numReferrers" : 1
            },
            "as3_to_as1" : {
              "definitionLines" : [
                132,
                133,
                134,
                135,
                137,
                138,
                139,
                140
              ],
              "numReferrers" : 1
            },
            "as3_to_as2" : {
              "definitionLines" : [
                146,
                147,
                148,
                149,
                151,
                152,
                153,
                154,
                156,
                157,
                158,
                159
              ],
              "numReferrers" : 1
            }
          }
        },
        "configs/as3border2.cfg" : {
          "bgp group" : {
            "as1" : {
              "definitionLines" : [
                81
              ],
              "numReferrers" : -1
            },
            "as2" : {
              "definitionLines" : [
                83
              ],
              "numReferrers" : 0
            },
            "as3" : {
              "definitionLines" : [
                85
              ],
              "numReferrers" : -1
            }
          },
          "expanded community-list" : {
            "as1_community" : {
              "definitionLines" : [
                113
              ],
              "numReferrers" : 1
            },
            "as2_community" : {
              "definitionLines" : [
                114
              ],
              "numReferrers" : 1
            },
            "as3_community" : {
              "definitionLines" : [
                115
              ],
              "numReferrers" : 0
            }
          },
          "extended ipv4 access-list" : {
            "101" : {
              "definitionLines" : [
                123,
                124
              ],
              "numReferrers" : 1
            },
            "102" : {
              "definitionLines" : [
                125,
                126
              ],
              "numReferrers" : 1
            },
            "103" : {
              "definitionLines" : [
                127,
                128
              ],
              "numReferrers" : 2
            }
          },
          "interface" : {
            "Ethernet0/0" : {
              "definitionLines" : [
                57,
                58,
                59,
                60
              ],
              "numReferrers" : 1
            },
            "GigabitEthernet0/0" : {
              "definitionLines" : [
                62,
                63,
                64,
                65,
                66,
                67
              ],
              "numReferrers" : 1
            },
            "GigabitEthernet1/0" : {
              "definitionLines" : [
                69,
                70,
                71
              ],
              "numReferrers" : 1
            },
            "Loopback0" : {
              "definitionLines" : [
                54,
                55
              ],
              "numReferrers" : 2
            }
          },
          "ipv4 prefix-list" : {
            "inbound_route_filter" : {
              "definitionLines" : [
                121,
                122
              ],
              "numReferrers" : 0
            }
          },
          "route-map" : {
            "as1_to_as3" : {
              "definitionLines" : [
                140,
                141,
                142
              ],
              "numReferrers" : 1
            },
            "as2_to_as3" : {
              "definitionLines" : [
                154,
                155,
                156
              ],
              "numReferrers" : 1
            },
            "as3_to_as1" : {
              "definitionLines" : [
                130,
                131,
                132,
                133,
                135,
                136,
                137,
                138
              ],
              "numReferrers" : 1
            },
            "as3_to_as2" : {
              "definitionLines" : [
                144,
                145,
                146,
                147,
                149,
                150,
                151,
                152
              ],
              "numReferrers" : 1
            }
          }
        },
        "configs/as3core1.cfg" : {
          "bgp group" : {
            "as3" : {
              "definitionLines" : [
                87
              ],
              "numReferrers" : -1
            }
          },
          "interface" : {
            "Ethernet0/0" : {
              "definitionLines" : [
                57,
                58,
                59,
                60
              ],
              "numReferrers" : 1
            },
            "GigabitEthernet0/0" : {
              "definitionLines" : [
                62,
                63,
                64,
                65,
                66,
                67
              ],
              "numReferrers" : 1
            },
            "GigabitEthernet1/0" : {
              "definitionLines" : [
                69,
                70,
                71
              ],
              "numReferrers" : 1
            },
            "GigabitEthernet2/0" : {
              "definitionLines" : [
                73,
                74,
                75
              ],
              "numReferrers" : 1
            },
            "GigabitEthernet3/0" : {
              "definitionLines" : [
                77,
                78,
                79
              ],
              "numReferrers" : 1
            },
            "Loopback0" : {
              "definitionLines" : [
                54,
                55
              ],
              "numReferrers" : 3
            }
          }
        },
        "hosts/host1.json" : { },
        "hosts/host2.json" : { }
      },
      "undefinedReferences" : {
        "configs/as2core2.cfg" : {
          "route-map" : {
            "filter-bogons" : {
              "bgp inbound route-map" : [
                109
              ]
            }
          }
        }
      },
      "version" : "0.36.0",
      "warnings" : {
        "as1border1" : {
          "Red flags" : [
            {
              "tag" : "MISCELLANEOUS",
              "text" : "Could not determine update source for BGP neighbor: '3.2.2.2'"
            },
            {
              "tag" : "MISCELLANEOUS",
              "text" : "Could not determine update source for BGP neighbor: '5.6.7.8'"
            }
          ]
        }
      }
    },
    {
      "class" : "org.batfish.datamodel.answers.InitInfoAnswerElement",
      "parseStatus" : {
        "configs/as1border1.cfg" : "PASSED",
        "configs/as1border2.cfg" : "PASSED",
        "configs/as1core1.cfg" : "PASSED",
        "configs/as2border1.cfg" : "PASSED",
        "configs/as2border2.cfg" : "PASSED",
        "configs/as2core1.cfg" : "PASSED",
        "configs/as2core2.cfg" : "PASSED",
        "configs/as2dept1.cfg" : "PASSED",
        "configs/as2dist1.cfg" : "PASSED",
        "configs/as2dist2.cfg" : "PASSED",
        "configs/as3border1.cfg" : "PASSED",
        "configs/as3border2.cfg" : "PASSED",
        "configs/as3core1.cfg" : "PASSED",
        "hosts/host1.json" : "PASSED",
        "hosts/host2.json" : "PASSED",
        "iptables/host1.iptables" : "PASSED",
        "iptables/host2.iptables" : "PASSED"
      }
    }
  ],
  "status" : "SUCCESS",
  "summary" : {
    "numFailed" : 0,
    "numPassed" : 0,
    "numResults" : 0
  }
}