[
  {
    "class" : "org.batfish.question.IsisLoopbacksQuestionPlugin$IsisLoopbacksAnswerElement",
    "inactive" : {
      "as1border1" : [
        "Loopback0"
      ],
      "as1border2" : [
        "Loopback0"
      ],
      "as1core1" : [
        "Loopback0"
      ],
      "as2border1" : [
        "Loopback0"
      ],
      "as2border2" : [
        "Loopback0"
      ],
      "as2core1" : [
        "Loopback0"
      ],
      "as2core2" : [
        "Loopback0"
      ],
      "as2dept1" : [
        "Loopback0"
      ],
      "as2dist1" : [
        "Loopback0"
      ],
      "as2dist2" : [
        "Loopback0"
      ],
      "as3border1" : [
        "Loopback0"
      ],
      "as3border2" : [
        "Loopback0"
      ],
      "as3core1" : [
        "Loopback0"
      ]
    }
  }
]