{
  "answerElements" : [
    {
      "class" : "org.batfish.datamodel.FlowHistory",
      "flows" : [
        {
          "@id" : 1,
          "dscp" : 0,
          "dstIp" : "3.0.1.1",
          "dstPort" : 0,
          "ecn" : 0,
          "fragmentOffset" : 0,
          "icmpCode" : 255,
          "icmpVar" : 255,
          "ingressNode" : "as2border2",
          "ingressVrf" : "default",
          "ipProtocol" : "UDP",
          "packetLength" : 0,
          "srcIp" : "2.0.0.0",
          "srcPort" : 0,
          "state" : "NEW",
          "tag" : "DIFFERENTIAL",
          "tcpFlagsAck" : 0,
          "tcpFlagsCwr" : 0,
          "tcpFlagsEce" : 0,
          "tcpFlagsFin" : 0,
          "tcpFlagsPsh" : 0,
          "tcpFlagsRst" : 0,
          "tcpFlagsSyn" : 0,
          "tcpFlagsUrg" : 0
        }
      ],
      "flowsByText" : {
        "Flow<ingressNode:as2border2 ingressVrf:default srcIp:2.0.0.0 dstIp:3.0.1.1 ipProtocol:UDP srcPort:0 dstPort:0 dscp: 0 ecn:0 fragmentOffset:0 packetLength:0 state:NEW tag:DIFFERENTIAL>" : 1
      },
      "traces" : {
        "Flow<ingressNode:as2border2 ingressVrf:default srcIp:2.0.0.0 dstIp:3.0.1.1 ipProtocol:UDP srcPort:0 dstPort:0 dscp: 0 ecn:0 fragmentOffset:0 packetLength:0 state:NEW tag:DIFFERENTIAL>" : {
          "BASE" : [
            {
              "disposition" : "ACCEPTED",
              "hops" : [
                {
                  "edge" : {
                    "node1" : "as2border2",
                    "node1interface" : "GigabitEthernet0/0",
                    "node2" : "as3border1",
                    "node2interface" : "GigabitEthernet1/0"
                  },
                  "routes" : [
                    "BgpRoute<3.0.1.0/24,nhip:10.23.21.3,nhint:dynamic>_fnhip:10.23.21.3"
                  ]
                }
              ],
              "notes" : "ACCEPTED"
            }
          ],
          "DELTA" : [
            {
              "disposition" : "NO_ROUTE",
              "notes" : "NO_ROUTE"
            }
          ]
        }
      }
    }
  ],
  "question" : {
    "class" : "org.batfish.question.ReachabilityQuestionPlugin$ReachabilityQuestion",
    "actions" : [
      "accept"
    ],
    "differential" : true,
    "finalNodeRegex" : ".*",
    "ingressNodeRegex" : ".*",
    "negateHeader" : false,
    "type" : "reduced"
  },
  "status" : "SUCCESS"
}
