[
  {
    "class" : "org.batfish.question.tracefilters.TraceFiltersAnswerElement",
    "metadata" : {
      "columnSchemas" : {
        "node" : "Node",
        "filterName" : "String",
        "flow" : "Flow",
        "action" : "String",
        "lineNumber" : "Integer",
        "lineContent" : "String"
      },
      "displayHints" : {
        "textDesc" : "Filter ${filterName} on node ${node} will ${action} flow ${flow} at line ${lineNumber} ${lineContent}"
      },
      "primaryKey" : [
        "node",
        "filterName",
        "flow"
      ],
      "primaryValue" : [
        "action",
        "lineNumber",
        "lineContent"
      ]
    },
    "rows" : [
      {
        "node" : {
          "id" : "node-host2",
          "name" : "host2"
        },
        "filterName" : "filter::OUTPUT",
        "flow" : {
          "dscp" : 0,
          "dstIp" : "1.1.1.1",
          "dstPort" : 0,
          "ecn" : 0,
          "fragmentOffset" : 0,
          "icmpCode" : 255,
          "icmpVar" : 255,
          "ingressNode" : "host2",
          "ingressVrf" : "default",
          "ipProtocol" : "IP",
          "packetLength" : 0,
          "srcIp" : "AUTO/NONE(-1l)",
          "srcPort" : 0,
          "state" : "NEW",
          "tag" : "BASE",
          "tcpFlagsAck" : 0,
          "tcpFlagsCwr" : 0,
          "tcpFlagsEce" : 0,
          "tcpFlagsFin" : 0,
          "tcpFlagsPsh" : 0,
          "tcpFlagsRst" : 0,
          "tcpFlagsSyn" : 0,
          "tcpFlagsUrg" : 0
        },
        "action" : "ACCEPT",
        "lineNumber" : 1,
        "lineContent" : "default"
      },
      {
        "node" : {
          "name" : "host1"
        },
        "filterName" : "filter::OUTPUT",
        "flow" : {
          "dscp" : 0,
          "dstIp" : "1.1.1.1",
          "dstPort" : 0,
          "ecn" : 0,
          "fragmentOffset" : 0,
          "icmpCode" : 255,
          "icmpVar" : 255,
          "ingressNode" : "host2",
          "ingressVrf" : "default",
          "ipProtocol" : "IP",
          "packetLength" : 0,
          "srcIp" : "AUTO/NONE(-1l)",
          "srcPort" : 0,
          "state" : "NEW",
          "tag" : "BASE",
          "tcpFlagsAck" : 0,
          "tcpFlagsCwr" : 0,
          "tcpFlagsEce" : 0,
          "tcpFlagsFin" : 0,
          "tcpFlagsPsh" : 0,
          "tcpFlagsRst" : 0,
          "tcpFlagsSyn" : 0,
          "tcpFlagsUrg" : 0
        },
        "action" : "ACCEPT",
        "lineNumber" : 0,
        "lineContent" : "default"
      },
      {
        "node" : {
          "id" : "node-host1",
          "name" : "host1"
        },
        "filterName" : "filter::FORWARD",
        "flow" : {
          "dscp" : 0,
          "dstIp" : "1.1.1.1",
          "dstPort" : 0,
          "ecn" : 0,
          "fragmentOffset" : 0,
          "icmpCode" : 255,
          "icmpVar" : 255,
          "ingressNode" : "host1",
          "ingressVrf" : "default",
          "ipProtocol" : "IP",
          "packetLength" : 0,
          "srcIp" : "AUTO/NONE(-1l)",
          "srcPort" : 0,
          "state" : "NEW",
          "tag" : "BASE",
          "tcpFlagsAck" : 0,
          "tcpFlagsCwr" : 0,
          "tcpFlagsEce" : 0,
          "tcpFlagsFin" : 0,
          "tcpFlagsPsh" : 0,
          "tcpFlagsRst" : 0,
          "tcpFlagsSyn" : 0,
          "tcpFlagsUrg" : 0
        },
        "action" : "ACCEPT",
        "lineNumber" : 0,
        "lineContent" : "default"
      },
      {
        "node" : {
          "id" : "node-host1",
          "name" : "host1"
        },
        "filterName" : "filter::INPUT",
        "flow" : {
          "dscp" : 0,
          "dstIp" : "1.1.1.1",
          "dstPort" : 0,
          "ecn" : 0,
          "fragmentOffset" : 0,
          "icmpCode" : 255,
          "icmpVar" : 255,
          "ingressNode" : "host1",
          "ingressVrf" : "default",
          "ipProtocol" : "IP",
          "packetLength" : 0,
          "srcIp" : "AUTO/NONE(-1l)",
          "srcPort" : 0,
          "state" : "NEW",
          "tag" : "BASE",
          "tcpFlagsAck" : 0,
          "tcpFlagsCwr" : 0,
          "tcpFlagsEce" : 0,
          "tcpFlagsFin" : 0,
          "tcpFlagsPsh" : 0,
          "tcpFlagsRst" : 0,
          "tcpFlagsSyn" : 0,
          "tcpFlagsUrg" : 0
        },
        "action" : "REJECT",
        "lineNumber" : 2,
        "lineContent" : "default"
      },
      {
        "node" : {
          "name" : "host2"
        },
        "filterName" : "filter::FORWARD",
        "flow" : {
          "dscp" : 0,
          "dstIp" : "1.1.1.1",
          "dstPort" : 0,
          "ecn" : 0,
          "fragmentOffset" : 0,
          "icmpCode" : 255,
          "icmpVar" : 255,
          "ingressNode" : "host2",
          "ingressVrf" : "default",
          "ipProtocol" : "IP",
          "packetLength" : 0,
          "srcIp" : "AUTO/NONE(-1l)",
          "srcPort" : 0,
          "state" : "NEW",
          "tag" : "BASE",
          "tcpFlagsAck" : 0,
          "tcpFlagsCwr" : 0,
          "tcpFlagsEce" : 0,
          "tcpFlagsFin" : 0,
          "tcpFlagsPsh" : 0,
          "tcpFlagsRst" : 0,
          "tcpFlagsSyn" : 0,
          "tcpFlagsUrg" : 0
        },
        "action" : "ACCEPT",
        "lineNumber" : 0,
        "lineContent" : "default"
      },
      {
        "node" : {
          "id" : "node-host2",
          "name" : "host2"
        },
        "filterName" : "filter::INPUT",
        "flow" : {
          "dscp" : 0,
          "dstIp" : "1.1.1.1",
          "dstPort" : 0,
          "ecn" : 0,
          "fragmentOffset" : 0,
          "icmpCode" : 255,
          "icmpVar" : 255,
          "ingressNode" : "host2",
          "ingressVrf" : "default",
          "ipProtocol" : "IP",
          "packetLength" : 0,
          "srcIp" : "AUTO/NONE(-1l)",
          "srcPort" : 0,
          "state" : "NEW",
          "tag" : "BASE",
          "tcpFlagsAck" : 0,
          "tcpFlagsCwr" : 0,
          "tcpFlagsEce" : 0,
          "tcpFlagsFin" : 0,
          "tcpFlagsPsh" : 0,
          "tcpFlagsRst" : 0,
          "tcpFlagsSyn" : 0,
          "tcpFlagsUrg" : 0
        },
        "action" : "REJECT",
        "lineNumber" : 1,
        "lineContent" : "default"
      }
    ],
    "summary" : {
      "numFailed" : 0,
      "numPassed" : 0,
      "numResults" : 6
    }
  }
]