[
  {
    "class" : "org.batfish.question.UndefinedReferencesQuestionPlugin$UndefinedReferencesAnswerElement",
    "problems" : {
      "undefined:route-map:usage:bgp inbound route-map:filter-bogons" : {
        "description" : "Undefined reference to structure of type: 'route-map' with usage: 'bgp inbound route-map' named 'filter-bogons'",
        "files" : {
          "as2core2.cfg" : [
            109
          ]
        }
      }
    },
    "summary" : {
      "numFailed" : 0,
      "numPassed" : 0,
      "numResults" : 1
    },
    "undefinedReferences" : {
      "as2core2" : {
        "route-map" : {
          "filter-bogons" : {
            "bgp inbound route-map" : [
              109
            ]
          }
        }
      }
    }
  }
]