{
  "answerElements" : [ {
    "class" : "org.batfish.common.BatfishException$BatfishStackTrace",
    "contents" : {
      "0" : "org.batfish.common.BatfishException: Batfish job failed\r",
      "1" : "   at org.batfish.main.Driver$1.run(Driver.java:303)\r",
      "2" : "Caused by: org.batfish.common.BatfishException: Error executing job\r",
      "3" : "   at org.batfish.job.BatfishJobExecutor.executeJobs(BatfishJobExecutor.java:72)\r",
      "4" : "   at org.batfish.main.Batfish.convertConfigurations(Batfish.java:943)\r",
      "5" : "   at org.batfish.main.Batfish.getConfigurations(Batfish.java:1411)\r",
      "6" : "   at org.batfish.main.Batfish.serializeIndependentConfigs(Batfish.java:2933)\r",
      "7" : "   at org.batfish.main.Batfish.run(Batfish.java:2752)\r",
      "8" : "   at org.batfish.main.Driver$1.run(Driver.java:270)\r",
      "9" : "Caused by: java.util.concurrent.ExecutionException: java.lang.Error: Unresolved compilation problems: ",
      "10" : "   The enum constant BLADENETWORK should have a corresponding case label in this enum switch on ConfigurationFormat. To suppress this problem, add a comment //$CASES-OMITTED$ on the line above the 'default:'",
      "11" : "   The enum constant IGNORED should have a corresponding case label in this enum switch on ConfigurationFormat. To suppress this problem, add a comment //$CASES-OMITTED$ on the line above the 'default:'",
      "12" : "\r",
      "13" : "   at java.util.concurrent.FutureTask.report(Unknown Source)\r",
      "14" : "   at java.util.concurrent.FutureTask.get(Unknown Source)\r",
      "15" : "   at org.batfish.job.BatfishJobExecutor.executeJobs(BatfishJobExecutor.java:69)\r",
      "16" : "   ... 5 more\r",
      "17" : "Caused by: java.lang.Error: Unresolved compilation problems: ",
      "18" : "   The enum constant BLADENETWORK should have a corresponding case label in this enum switch on ConfigurationFormat. To suppress this problem, add a comment //$CASES-OMITTED$ on the line above the 'default:'",
      "19" : "   The enum constant IGNORED should have a corresponding case label in this enum switch on ConfigurationFormat. To suppress this problem, add a comment //$CASES-OMITTED$ on the line above the 'default:'",
      "20" : "\r",
      "21" : "   at org.batfish.datamodel.Interface.computeInterfaceType(Interface.java:186)\r",
      "22" : "   at org.batfish.representation.juniper.JuniperVendorConfiguration.warnAndDisableUnreferencedStInterfaces(JuniperVendorConfiguration.java:1536)\r",
      "23" : "   at org.batfish.representation.juniper.JuniperVendorConfiguration.toVendorIndependentConfiguration(JuniperVendorConfiguration.java:1445)\r",
      "24" : "   at org.batfish.job.ConvertConfigurationJob.call(ConvertConfigurationJob.java:45)\r",
      "25" : "   at org.batfish.job.ConvertConfigurationJob.call(ConvertConfigurationJob.java:1)\r",
      "26" : "   at java.util.concurrent.FutureTask.run(Unknown Source)\r",
      "27" : "   at java.util.concurrent.ThreadPoolExecutor.runWorker(Unknown Source)\r",
      "28" : "   at java.util.concurrent.ThreadPoolExecutor$Worker.run(Unknown Source)\r",
      "29" : "   at java.lang.Thread.run(Unknown Source)\r"
    }
  } ],
  "status" : "FAILURE"
}