{
  "answerElements" : [ {
    "class" : "org.batfish.datamodel.answers.ParseVendorConfigurationAnswerElement",
    "parseTrees" : {
      "as1r1" : {
        "Parse tree" : {
          "1" : "(cisco_configuration",
          "2" : "  NEWLINE:'\\n'  <== mode:DEFAULT_MODE",
          "3" : "  (stanza",
          "4" : "    (hostname_stanza",
          "5" : "      HOSTNAME:'hostname'  <== mode:DEFAULT_MODE",
          "6" : "      VARIABLE:'as1r1'  <== mode:DEFAULT_MODE",
          "7" : "      NEWLINE:'\\n'  <== mode:DEFAULT_MODE))",
          "8" : "  (stanza",
          "9" : "    (interface_stanza",
          "10" : "      INTERFACE:'interface'  <== mode:DEFAULT_MODE",
          "11" : "      (interface_name",
          "12" : "        M_Interface_PREFIX:'FastEthernet'  <== mode:M_Interface",
          "13" : "        DEC:'0'  <== mode:M_Interface",
          "14" : "        FORWARD_SLASH:'/'  <== mode:M_Interface",
          "15" : "        (range",
          "16" : "          (subrange",
          "17" : "            DEC:'0'  <== mode:M_Interface)))",
          "18" : "      NEWLINE:'\\n'  <== mode:M_Interface",
          "19" : "      (interface_stanza_tail",
          "20" : "        (if_stanza",
          "21" : "          (ip_address_if_stanza",
          "22" : "            IP:'ip'  <== mode:DEFAULT_MODE",
          "23" : "            ADDRESS:'address'  <== mode:DEFAULT_MODE",
          "24" : "            IP_ADDRESS:'10.12.11.1'  <== mode:DEFAULT_MODE",
          "25" : "            IP_ADDRESS:'255.255.255.0'  <== mode:DEFAULT_MODE",
          "26" : "            NEWLINE:'\\n'  <== mode:DEFAULT_MODE)))))",
          "27" : "  (stanza",
          "28" : "    (interface_stanza",
          "29" : "      INTERFACE:'interface'  <== mode:DEFAULT_MODE",
          "30" : "      (interface_name",
          "31" : "        M_Interface_PREFIX:'Loopback'  <== mode:M_Interface",
          "32" : "        (range",
          "33" : "          (subrange",
          "34" : "            DEC:'0'  <== mode:M_Interface)))",
          "35" : "      NEWLINE:'\\n'  <== mode:M_Interface",
          "36" : "      (interface_stanza_tail",
          "37" : "        (if_stanza",
          "38" : "          (ip_address_if_stanza",
          "39" : "            IP:'ip'  <== mode:DEFAULT_MODE",
          "40" : "            ADDRESS:'address'  <== mode:DEFAULT_MODE",
          "41" : "            IP_ADDRESS:'1.0.0.1'  <== mode:DEFAULT_MODE",
          "42" : "            IP_ADDRESS:'255.255.255.255'  <== mode:DEFAULT_MODE",
          "43" : "            NEWLINE:'\\n'  <== mode:DEFAULT_MODE)))))",
          "44" : "  (stanza",
          "45" : "    (router_bgp_stanza",
          "46" : "      ROUTER:'router'  <== mode:DEFAULT_MODE",
          "47" : "      BGP:'bgp'  <== mode:DEFAULT_MODE",
          "48" : "      DEC:'1'  <== mode:DEFAULT_MODE",
          "49" : "      NEWLINE:'\\n'  <== mode:DEFAULT_MODE",
          "50" : "      (router_bgp_stanza_tail",
          "51" : "        (nexus_neighbor_rb_stanza",
          "52" : "          NEIGHBOR:'neighbor'  <== mode:DEFAULT_MODE",
          "53" : "          IP_ADDRESS:'10.12.11.2'  <== mode:M_NEIGHBOR",
          "54" : "          REMOTE_AS:'remote-as'  <== mode:DEFAULT_MODE",
          "55" : "          DEC:'2'  <== mode:DEFAULT_MODE",
          "56" : "          NEWLINE:'\\n'  <== mode:DEFAULT_MODE))",
          "57" : "      (router_bgp_stanza_tail",
          "58" : "        (neighbor_rb_stanza",
          "59" : "          NEIGHBOR:'neighbor'  <== mode:DEFAULT_MODE",
          "60" : "          IP_ADDRESS:'10.12.11.2'  <== mode:M_NEIGHBOR",
          "61" : "          (bgp_tail",
          "62" : "            (allowas_in_bgp_tail",
          "63" : "              ALLOWAS_IN:'allowas-in'  <== mode:DEFAULT_MODE",
          "64" : "              NEWLINE:'\\n'  <== mode:DEFAULT_MODE))))",
          "65" : "      (router_bgp_stanza_tail",
          "66" : "        (bgp_tail",
          "67" : "          (network_bgp_tail",
          "68" : "            NETWORK:'network'  <== mode:DEFAULT_MODE",
          "69" : "            IP_ADDRESS:'1.0.0.1'  <== mode:DEFAULT_MODE",
          "70" : "            MASK:'mask'  <== mode:DEFAULT_MODE",
          "71" : "            IP_ADDRESS:'255.255.255.255'  <== mode:DEFAULT_MODE",
          "72" : "            NEWLINE:'\\n'  <== mode:DEFAULT_MODE)))))",
          "73" : "  EOF:<EOF>  <== mode:DEFAULT_MODE)"
        }
      },
      "as1r2" : {
        "Parse tree" : {
          "1" : "(cisco_configuration",
          "2" : "  NEWLINE:'\\n'  <== mode:DEFAULT_MODE",
          "3" : "  (stanza",
          "4" : "    (hostname_stanza",
          "5" : "      HOSTNAME:'hostname'  <== mode:DEFAULT_MODE",
          "6" : "      VARIABLE:'as1r2'  <== mode:DEFAULT_MODE",
          "7" : "      NEWLINE:'\\n'  <== mode:DEFAULT_MODE))",
          "8" : "  (stanza",
          "9" : "    (interface_stanza",
          "10" : "      INTERFACE:'interface'  <== mode:DEFAULT_MODE",
          "11" : "      (interface_name",
          "12" : "        M_Interface_PREFIX:'FastEthernet'  <== mode:M_Interface",
          "13" : "        DEC:'0'  <== mode:M_Interface",
          "14" : "        FORWARD_SLASH:'/'  <== mode:M_Interface",
          "15" : "        (range",
          "16" : "          (subrange",
          "17" : "            DEC:'0'  <== mode:M_Interface)))",
          "18" : "      NEWLINE:'\\n'  <== mode:M_Interface",
          "19" : "      (interface_stanza_tail",
          "20" : "        (if_stanza",
          "21" : "          (ip_address_if_stanza",
          "22" : "            IP:'ip'  <== mode:DEFAULT_MODE",
          "23" : "            ADDRESS:'address'  <== mode:DEFAULT_MODE",
          "24" : "            IP_ADDRESS:'10.12.21.1'  <== mode:DEFAULT_MODE",
          "25" : "            IP_ADDRESS:'255.255.255.0'  <== mode:DEFAULT_MODE",
          "26" : "            NEWLINE:'\\n'  <== mode:DEFAULT_MODE)))))",
          "27" : "  (stanza",
          "28" : "    (interface_stanza",
          "29" : "      INTERFACE:'interface'  <== mode:DEFAULT_MODE",
          "30" : "      (interface_name",
          "31" : "        M_Interface_PREFIX:'Loopback'  <== mode:M_Interface",
          "32" : "        (range",
          "33" : "          (subrange",
          "34" : "            DEC:'0'  <== mode:M_Interface)))",
          "35" : "      NEWLINE:'\\n'  <== mode:M_Interface",
          "36" : "      (interface_stanza_tail",
          "37" : "        (if_stanza",
          "38" : "          (ip_address_if_stanza",
          "39" : "            IP:'ip'  <== mode:DEFAULT_MODE",
          "40" : "            ADDRESS:'address'  <== mode:DEFAULT_MODE",
          "41" : "            IP_ADDRESS:'1.0.0.2'  <== mode:DEFAULT_MODE",
          "42" : "            IP_ADDRESS:'255.255.255.255'  <== mode:DEFAULT_MODE",
          "43" : "            NEWLINE:'\\n'  <== mode:DEFAULT_MODE)))))",
          "44" : "  (stanza",
          "45" : "    (router_bgp_stanza",
          "46" : "      ROUTER:'router'  <== mode:DEFAULT_MODE",
          "47" : "      BGP:'bgp'  <== mode:DEFAULT_MODE",
          "48" : "      DEC:'1'  <== mode:DEFAULT_MODE",
          "49" : "      NEWLINE:'\\n'  <== mode:DEFAULT_MODE",
          "50" : "      (router_bgp_stanza_tail",
          "51" : "        (nexus_neighbor_rb_stanza",
          "52" : "          NEIGHBOR:'neighbor'  <== mode:DEFAULT_MODE",
          "53" : "          IP_ADDRESS:'10.12.21.2'  <== mode:M_NEIGHBOR",
          "54" : "          REMOTE_AS:'remote-as'  <== mode:DEFAULT_MODE",
          "55" : "          DEC:'2'  <== mode:DEFAULT_MODE",
          "56" : "          NEWLINE:'\\n'  <== mode:DEFAULT_MODE))",
          "57" : "      (router_bgp_stanza_tail",
          "58" : "        (neighbor_rb_stanza",
          "59" : "          NEIGHBOR:'neighbor'  <== mode:DEFAULT_MODE",
          "60" : "          IP_ADDRESS:'10.12.21.2'  <== mode:M_NEIGHBOR",
          "61" : "          (bgp_tail",
          "62" : "            (allowas_in_bgp_tail",
          "63" : "              ALLOWAS_IN:'allowas-in'  <== mode:DEFAULT_MODE",
          "64" : "              NEWLINE:'\\n'  <== mode:DEFAULT_MODE))))",
          "65" : "      (router_bgp_stanza_tail",
          "66" : "        (bgp_tail",
          "67" : "          (network_bgp_tail",
          "68" : "            NETWORK:'network'  <== mode:DEFAULT_MODE",
          "69" : "            IP_ADDRESS:'1.0.0.2'  <== mode:DEFAULT_MODE",
          "70" : "            MASK:'mask'  <== mode:DEFAULT_MODE",
          "71" : "            IP_ADDRESS:'255.255.255.255'  <== mode:DEFAULT_MODE",
          "72" : "            NEWLINE:'\\n'  <== mode:DEFAULT_MODE)))))",
          "73" : "  EOF:<EOF>  <== mode:DEFAULT_MODE)"
        }
      },
      "as2r1" : {
        "Parse tree" : {
          "1" : "(cisco_configuration",
          "2" : "  NEWLINE:'\\n'  <== mode:DEFAULT_MODE",
          "3" : "  (stanza",
          "4" : "    (hostname_stanza",
          "5" : "      HOSTNAME:'hostname'  <== mode:DEFAULT_MODE",
          "6" : "      VARIABLE:'as2r1'  <== mode:DEFAULT_MODE",
          "7" : "      NEWLINE:'\\n'  <== mode:DEFAULT_MODE))",
          "8" : "  (stanza",
          "9" : "    (interface_stanza",
          "10" : "      INTERFACE:'interface'  <== mode:DEFAULT_MODE",
          "11" : "      (interface_name",
          "12" : "        M_Interface_PREFIX:'FastEthernet'  <== mode:M_Interface",
          "13" : "        DEC:'0'  <== mode:M_Interface",
          "14" : "        FORWARD_SLASH:'/'  <== mode:M_Interface",
          "15" : "        (range",
          "16" : "          (subrange",
          "17" : "            DEC:'0'  <== mode:M_Interface)))",
          "18" : "      NEWLINE:'\\n'  <== mode:M_Interface",
          "19" : "      (interface_stanza_tail",
          "20" : "        (if_stanza",
          "21" : "          (ip_address_if_stanza",
          "22" : "            IP:'ip'  <== mode:DEFAULT_MODE",
          "23" : "            ADDRESS:'address'  <== mode:DEFAULT_MODE",
          "24" : "            IP_ADDRESS:'10.12.11.2'  <== mode:DEFAULT_MODE",
          "25" : "            IP_ADDRESS:'255.255.255.0'  <== mode:DEFAULT_MODE",
          "26" : "            NEWLINE:'\\n'  <== mode:DEFAULT_MODE)))))",
          "27" : "  (stanza",
          "28" : "    (interface_stanza",
          "29" : "      INTERFACE:'interface'  <== mode:DEFAULT_MODE",
          "30" : "      (interface_name",
          "31" : "        M_Interface_PREFIX:'FastEthernet'  <== mode:M_Interface",
          "32" : "        DEC:'0'  <== mode:M_Interface",
          "33" : "        FORWARD_SLASH:'/'  <== mode:M_Interface",
          "34" : "        (range",
          "35" : "          (subrange",
          "36" : "            DEC:'1'  <== mode:M_Interface)))",
          "37" : "      NEWLINE:'\\n'  <== mode:M_Interface",
          "38" : "      (interface_stanza_tail",
          "39" : "        (if_stanza",
          "40" : "          (ip_address_if_stanza",
          "41" : "            IP:'ip'  <== mode:DEFAULT_MODE",
          "42" : "            ADDRESS:'address'  <== mode:DEFAULT_MODE",
          "43" : "            IP_ADDRESS:'10.12.21.2'  <== mode:DEFAULT_MODE",
          "44" : "            IP_ADDRESS:'255.255.255.0'  <== mode:DEFAULT_MODE",
          "45" : "            NEWLINE:'\\n'  <== mode:DEFAULT_MODE)))))",
          "46" : "  (stanza",
          "47" : "    (interface_stanza",
          "48" : "      INTERFACE:'interface'  <== mode:DEFAULT_MODE",
          "49" : "      (interface_name",
          "50" : "        M_Interface_PREFIX:'Loopback'  <== mode:M_Interface",
          "51" : "        (range",
          "52" : "          (subrange",
          "53" : "            DEC:'0'  <== mode:M_Interface)))",
          "54" : "      NEWLINE:'\\n'  <== mode:M_Interface",
          "55" : "      (interface_stanza_tail",
          "56" : "        (if_stanza",
          "57" : "          (ip_address_if_stanza",
          "58" : "            IP:'ip'  <== mode:DEFAULT_MODE",
          "59" : "            ADDRESS:'address'  <== mode:DEFAULT_MODE",
          "60" : "            IP_ADDRESS:'2.0.0.1'  <== mode:DEFAULT_MODE",
          "61" : "            IP_ADDRESS:'255.255.255.255'  <== mode:DEFAULT_MODE",
          "62" : "            NEWLINE:'\\n'  <== mode:DEFAULT_MODE)))))",
          "63" : "  (stanza",
          "64" : "    (router_bgp_stanza",
          "65" : "      ROUTER:'router'  <== mode:DEFAULT_MODE",
          "66" : "      BGP:'bgp'  <== mode:DEFAULT_MODE",
          "67" : "      DEC:'2'  <== mode:DEFAULT_MODE",
          "68" : "      NEWLINE:'\\n'  <== mode:DEFAULT_MODE",
          "69" : "      (router_bgp_stanza_tail",
          "70" : "        (nexus_neighbor_rb_stanza",
          "71" : "          NEIGHBOR:'neighbor'  <== mode:DEFAULT_MODE",
          "72" : "          IP_ADDRESS:'10.12.11.1'  <== mode:M_NEIGHBOR",
          "73" : "          REMOTE_AS:'remote-as'  <== mode:DEFAULT_MODE",
          "74" : "          DEC:'1'  <== mode:DEFAULT_MODE",
          "75" : "          NEWLINE:'\\n'  <== mode:DEFAULT_MODE",
          "76" : "          (nexus_neighbor_address_family",
          "77" : "            (address_family_header",
          "78" : "              ADDRESS_FAMILY:'address-family'  <== mode:DEFAULT_MODE",
          "79" : "              (bgp_address_family",
          "80" : "                IPV4:'ipv4'  <== mode:DEFAULT_MODE",
          "81" : "                UNICAST:'unicast'  <== mode:DEFAULT_MODE)",
          "82" : "              NEWLINE:'\\n'  <== mode:DEFAULT_MODE)",
          "83" : "            (bgp_tail",
          "84" : "              (disable_peer_as_check_bgp_tail",
          "85" : "                DISABLE_PEER_AS_CHECK:'disable-peer-as-check'  <== mode:DEFAULT_MODE",
          "86" : "                NEWLINE:'\\n'  <== mode:DEFAULT_MODE))",
          "87" : "            (address_family_footer))))",
          "88" : "      (router_bgp_stanza_tail",
          "89" : "        (nexus_neighbor_rb_stanza",
          "90" : "          NEIGHBOR:'neighbor'  <== mode:DEFAULT_MODE",
          "91" : "          IP_ADDRESS:'10.12.21.1'  <== mode:M_NEIGHBOR",
          "92" : "          REMOTE_AS:'remote-as'  <== mode:DEFAULT_MODE",
          "93" : "          DEC:'1'  <== mode:DEFAULT_MODE",
          "94" : "          NEWLINE:'\\n'  <== mode:DEFAULT_MODE",
          "95" : "          (nexus_neighbor_address_family",
          "96" : "            (address_family_header",
          "97" : "              ADDRESS_FAMILY:'address-family'  <== mode:DEFAULT_MODE",
          "98" : "              (bgp_address_family",
          "99" : "                IPV4:'ipv4'  <== mode:DEFAULT_MODE",
          "100" : "                UNICAST:'unicast'  <== mode:DEFAULT_MODE)",
          "101" : "              NEWLINE:'\\n'  <== mode:DEFAULT_MODE)",
          "102" : "            (bgp_tail",
          "103" : "              (disable_peer_as_check_bgp_tail",
          "104" : "                DISABLE_PEER_AS_CHECK:'disable-peer-as-check'  <== mode:DEFAULT_MODE",
          "105" : "                NEWLINE:'\\n'  <== mode:DEFAULT_MODE))",
          "106" : "            (bgp_tail",
          "107" : "              (network_bgp_tail",
          "108" : "                NETWORK:'network'  <== mode:DEFAULT_MODE",
          "109" : "                IP_ADDRESS:'2.0.0.1'  <== mode:DEFAULT_MODE",
          "110" : "                MASK:'mask'  <== mode:DEFAULT_MODE",
          "111" : "                IP_ADDRESS:'255.255.255.255'  <== mode:DEFAULT_MODE",
          "112" : "                NEWLINE:'\\n'  <== mode:DEFAULT_MODE))",
          "113" : "            (address_family_footer))))))",
          "114" : "  EOF:<EOF>  <== mode:DEFAULT_MODE)"
        }
      }
    },
    "warnings" : { }
  }, {
    "class" : "org.batfish.datamodel.answers.ConvertConfigurationAnswerElement",
    "undefinedReferences" : { },
    "unusedStructures" : { },
    "warnings" : { }
  } ],
  "status" : "SUCCESS"
}