[
  {
    "class" : "org.batfish.datamodel.answers.ParseVendorConfigurationAnswerElement",
    "fileMap" : {
      "lhr-border-02" : "lhr-border-02.cfg"
    },
    "parseStatus" : {
      "lhr-border-02" : "PASSED"
    },
    "version" : "0.36.0"
  },
  {
    "class" : "org.batfish.datamodel.answers.ConvertConfigurationAnswerElement",
    "definedStructures" : {
      "lhr-border-02" : {
        "bgp group" : {
          "FW" : {
            "definitionLines" : [
              198
            ],
            "numReferrers" : -1
          }
        },
        "crypto ipsec profile" : {
          "ipsec-vpn-ba2e34a8-0" : {
            "definitionLines" : [
              92,
              93,
              94
            ],
            "numReferrers" : 1
          },
          "ipsec-vpn-ba2e34a8-1" : {
            "definitionLines" : [
              96,
              97,
              98
            ],
            "numReferrers" : 1
          }
        },
        "crypto ipsec transform-set" : {
          "ipsec-prop-vpn-ba2e34a8-0" : {
            "definitionLines" : [
              85,
              86
            ],
            "numReferrers" : 1
          },
          "ipsec-prop-vpn-ba2e34a8-1" : {
            "definitionLines" : [
              87,
              88
            ],
            "numReferrers" : 1
          }
        },
        "crypto isakmp policy" : {
          "200" : {
            "definitionLines" : [
              62,
              63,
              64,
              65,
              66
            ],
            "numReferrers" : 1
          },
          "201" : {
            "definitionLines" : [
              68,
              69,
              70,
              71,
              72
            ],
            "numReferrers" : 1
          }
        },
        "crypto isakmp profile" : {
          "isakmp-vpn-ba2e34a8-0" : {
            "definitionLines" : [
              74,
              75,
              76,
              77
            ],
            "numReferrers" : 1
          },
          "isakmp-vpn-ba2e34a8-1" : {
            "definitionLines" : [
              78,
              79,
              80,
              81
            ],
            "numReferrers" : 1
          }
        },
        "crypto keyring" : {
          "keyring-vpn-ba2e34a8-0" : {
            "definitionLines" : [
              52,
              53,
              54
            ],
            "numReferrers" : 1
          },
          "keyring-vpn-ba2e34a8-1" : {
            "definitionLines" : [
              55,
              56,
              57
            ],
            "numReferrers" : 1
          }
        },
        "extended ip access-list" : {
          "2001" : {
            "definitionLines" : [
              248,
              249
            ],
            "numReferrers" : 0
          },
          "LIMIT_PEER" : {
            "definitionLines" : [
              239,
              240,
              241
            ],
            "numReferrers" : 1
          },
          "MATCH_ALL_BGP" : {
            "definitionLines" : [
              242,
              243
            ],
            "numReferrers" : 2
          }
        },
        "ipv4 prefix-list" : {
          "PROTECT_LOOPBACK" : {
            "definitionLines" : [
              246,
              247
            ],
            "numReferrers" : 1
          }
        },
        "route-map" : {
          "PROTECT_LOOPBACK" : {
            "definitionLines" : [
              251,
              252
            ],
            "numReferrers" : 3
          },
          "SET_LOCAL_PREF" : {
            "definitionLines" : [
              254,
              255,
              257,
              258
            ],
            "numReferrers" : 1
          }
        }
      }
    },
    "version" : "0.36.0"
  },
  {
    "class" : "org.batfish.datamodel.answers.InitInfoAnswerElement",
    "parseStatus" : {
      "lhr-border-02" : "PASSED"
    }
  }
]