[
  {
    "class" : "org.batfish.question.ipsecvpnstatus.IpsecVpnStatusAnswerElement",
    "ipsecVpns" : [
      {
        "ipsecVpnEndpoint" : {
          "hostname" : "lhr-border-02",
          "vpnName" : "Tunnel1"
        },
        "problems" : [
          "MISSING_REMOTE_ENDPOINT"
        ]
      },
      {
        "ipsecVpnEndpoint" : {
          "hostname" : "lhr-border-02",
          "vpnName" : "Tunnel2"
        },
        "problems" : [
          "MISSING_REMOTE_ENDPOINT"
        ]
      }
    ]
  }
]