{
  "answerElements" : [
    {
      "class" : "org.batfish.datamodel.answers.InitInfoAnswerElement",
      "extraComponents" : {
        "ROUTING_TABLES" : {
          "parseStatus" : {
            "lhr-fw-01" : "PASSED"
          },
          "parseTrees" : {
            "lhr-fw-01" : {
              "sentences" : [
                "(ios_routing_table",
                "  (vrf_routing_table",
                "    (codes_declaration",
                "      CODES:'Codes'  <== mode:DEFAULT_MODE",
                "      COLON:':'  <== mode:DEFAULT_MODE",
                "      (code_line",
                "        (code",
                "          WORD:'L'  <== mode:DEFAULT_MODE",
                "          DASH:'-'  <== mode:DEFAULT_MODE",
                "          WORD:'local'  <== mode:DEFAULT_MODE)",
                "        COMMA:','  <== mode:DEFAULT_MODE",
                "        (code",
                "          WORD:'C'  <== mode:DEFAULT_MODE",
                "          DASH:'-'  <== mode:DEFAULT_MODE",
                "          WORD:'connected'  <== mode:DEFAULT_MODE)",
                "        COMMA:','  <== mode:DEFAULT_MODE",
                "        (code",
                "          WORD:'S'  <== mode:DEFAULT_MODE",
                "          DASH:'-'  <== mode:DEFAULT_MODE",
                "          WORD:'static'  <== mode:DEFAULT_MODE)",
                "        COMMA:','  <== mode:DEFAULT_MODE",
                "        (code",
                "          WORD:'R'  <== mode:DEFAULT_MODE",
                "          DASH:'-'  <== mode:DEFAULT_MODE",
                "          WORD:'RIP'  <== mode:DEFAULT_MODE)",
                "        COMMA:','  <== mode:DEFAULT_MODE",
                "        (code",
                "          WORD:'M'  <== mode:DEFAULT_MODE",
                "          DASH:'-'  <== mode:DEFAULT_MODE",
                "          WORD:'mobile'  <== mode:DEFAULT_MODE)",
                "        COMMA:','  <== mode:DEFAULT_MODE",
                "        (code",
                "          WORD:'B'  <== mode:DEFAULT_MODE",
                "          DASH:'-'  <== mode:DEFAULT_MODE",
                "          WORD:'BGP'  <== mode:DEFAULT_MODE)",
                "        NEWLINE:'\\n'  <== mode:DEFAULT_MODE)",
                "      (code_line",
                "        (code",
                "          WORD:'D'  <== mode:DEFAULT_MODE",
                "          DASH:'-'  <== mode:DEFAULT_MODE",
                "          WORD:'EIGRP'  <== mode:DEFAULT_MODE)",
                "        COMMA:','  <== mode:DEFAULT_MODE",
                "        (code",
                "          WORD:'EX'  <== mode:DEFAULT_MODE",
                "          DASH:'-'  <== mode:DEFAULT_MODE",
                "          WORD:'EIGRP'  <== mode:DEFAULT_MODE",
                "          WORD:'external'  <== mode:DEFAULT_MODE)",
                "        COMMA:','  <== mode:DEFAULT_MODE",
                "        (code",
                "          WORD:'O'  <== mode:DEFAULT_MODE",
                "          DASH:'-'  <== mode:DEFAULT_MODE",
                "          WORD:'OSPF'  <== mode:DEFAULT_MODE)",
                "        COMMA:','  <== mode:DEFAULT_MODE",
                "        (code",
                "          WORD:'IA'  <== mode:DEFAULT_MODE",
                "          DASH:'-'  <== mode:DEFAULT_MODE",
                "          WORD:'OSPF'  <== mode:DEFAULT_MODE",
                "          WORD:'inter'  <== mode:DEFAULT_MODE",
                "          WORD:'area'  <== mode:DEFAULT_MODE)",
                "        NEWLINE:'\\n'  <== mode:DEFAULT_MODE)",
                "      (code_line",
                "        (code",
                "          WORD:'N1'  <== mode:DEFAULT_MODE",
                "          DASH:'-'  <== mode:DEFAULT_MODE",
                "          WORD:'OSPF'  <== mode:DEFAULT_MODE",
                "          WORD:'NSSA'  <== mode:DEFAULT_MODE",
                "          WORD:'external'  <== mode:DEFAULT_MODE",
                "          WORD:'type'  <== mode:DEFAULT_MODE",
                "          DEC:'1'  <== mode:DEFAULT_MODE)",
                "        COMMA:','  <== mode:DEFAULT_MODE",
                "        (code",
                "          WORD:'N2'  <== mode:DEFAULT_MODE",
                "          DASH:'-'  <== mode:DEFAULT_MODE",
                "          WORD:'OSPF'  <== mode:DEFAULT_MODE",
                "          WORD:'NSSA'  <== mode:DEFAULT_MODE",
                "          WORD:'external'  <== mode:DEFAULT_MODE",
                "          WORD:'type'  <== mode:DEFAULT_MODE",
                "          DEC:'2'  <== mode:DEFAULT_MODE)",
                "        NEWLINE:'\\n'  <== mode:DEFAULT_MODE)",
                "      (code_line",
                "        (code",
                "          WORD:'E1'  <== mode:DEFAULT_MODE",
                "          DASH:'-'  <== mode:DEFAULT_MODE",
                "          WORD:'OSPF'  <== mode:DEFAULT_MODE",
                "          WORD:'external'  <== mode:DEFAULT_MODE",
                "          WORD:'type'  <== mode:DEFAULT_MODE",
                "          DEC:'1'  <== mode:DEFAULT_MODE)",
                "        COMMA:','  <== mode:DEFAULT_MODE",
                "        (code",
                "          WORD:'E2'  <== mode:DEFAULT_MODE",
                "          DASH:'-'  <== mode:DEFAULT_MODE",
                "          WORD:'OSPF'  <== mode:DEFAULT_MODE",
                "          WORD:'external'  <== mode:DEFAULT_MODE",
                "          WORD:'type'  <== mode:DEFAULT_MODE",
                "          DEC:'2'  <== mode:DEFAULT_MODE)",
                "        NEWLINE:'\\n'  <== mode:DEFAULT_MODE)",
                "      (code_line",
                "        (code",
                "          WORD:'i'  <== mode:DEFAULT_MODE",
                "          DASH:'-'  <== mode:DEFAULT_MODE",
                "          WORD:'IS-IS'  <== mode:DEFAULT_MODE)",
                "        COMMA:','  <== mode:DEFAULT_MODE",
                "        (code",
                "          WORD:'su'  <== mode:DEFAULT_MODE",
                "          DASH:'-'  <== mode:DEFAULT_MODE",
                "          WORD:'IS-IS'  <== mode:DEFAULT_MODE",
                "          WORD:'summary'  <== mode:DEFAULT_MODE)",
                "        COMMA:','  <== mode:DEFAULT_MODE",
                "        (code",
                "          WORD:'L1'  <== mode:DEFAULT_MODE",
                "          DASH:'-'  <== mode:DEFAULT_MODE",
                "          WORD:'IS-IS'  <== mode:DEFAULT_MODE",
                "          WORD:'level-1'  <== mode:DEFAULT_MODE)",
                "        COMMA:','  <== mode:DEFAULT_MODE",
                "        (code",
                "          WORD:'L2'  <== mode:DEFAULT_MODE",
                "          DASH:'-'  <== mode:DEFAULT_MODE",
                "          WORD:'IS-IS'  <== mode:DEFAULT_MODE",
                "          WORD:'level-2'  <== mode:DEFAULT_MODE)",
                "        NEWLINE:'\\n'  <== mode:DEFAULT_MODE)",
                "      (code_line",
                "        (code",
                "          WORD:'ia'  <== mode:DEFAULT_MODE",
                "          DASH:'-'  <== mode:DEFAULT_MODE",
                "          WORD:'IS-IS'  <== mode:DEFAULT_MODE",
                "          WORD:'inter'  <== mode:DEFAULT_MODE",
                "          WORD:'area'  <== mode:DEFAULT_MODE)",
                "        COMMA:','  <== mode:DEFAULT_MODE",
                "        (code",
                "          ASTERISK:'*'  <== mode:DEFAULT_MODE",
                "          DASH:'-'  <== mode:DEFAULT_MODE",
                "          WORD:'candidate'  <== mode:DEFAULT_MODE",
                "          WORD:'default'  <== mode:DEFAULT_MODE)",
                "        COMMA:','  <== mode:DEFAULT_MODE",
                "        (code",
                "          WORD:'U'  <== mode:DEFAULT_MODE",
                "          DASH:'-'  <== mode:DEFAULT_MODE",
                "          WORD:'per-user'  <== mode:DEFAULT_MODE",
                "          WORD:'static'  <== mode:DEFAULT_MODE",
                "          WORD:'route'  <== mode:DEFAULT_MODE)",
                "        NEWLINE:'\\n'  <== mode:DEFAULT_MODE)",
                "      (code_line",
                "        (code",
                "          WORD:'o'  <== mode:DEFAULT_MODE",
                "          DASH:'-'  <== mode:DEFAULT_MODE",
                "          WORD:'ODR'  <== mode:DEFAULT_MODE)",
                "        COMMA:','  <== mode:DEFAULT_MODE",
                "        (code",
                "          WORD:'P'  <== mode:DEFAULT_MODE",
                "          DASH:'-'  <== mode:DEFAULT_MODE",
                "          WORD:'periodic'  <== mode:DEFAULT_MODE",
                "          WORD:'downloaded'  <== mode:DEFAULT_MODE",
                "          WORD:'static'  <== mode:DEFAULT_MODE",
                "          WORD:'route'  <== mode:DEFAULT_MODE)",
                "        COMMA:','  <== mode:DEFAULT_MODE",
                "        (code",
                "          WORD:'H'  <== mode:DEFAULT_MODE",
                "          DASH:'-'  <== mode:DEFAULT_MODE",
                "          WORD:'NHRP'  <== mode:DEFAULT_MODE)",
                "        COMMA:','  <== mode:DEFAULT_MODE",
                "        (code",
                "          WORD:'l'  <== mode:DEFAULT_MODE",
                "          DASH:'-'  <== mode:DEFAULT_MODE",
                "          WORD:'LISP'  <== mode:DEFAULT_MODE)",
                "        NEWLINE:'\\n'  <== mode:DEFAULT_MODE)",
                "      (code_line",
                "        (code",
                "          PLUS:'+'  <== mode:DEFAULT_MODE",
                "          DASH:'-'  <== mode:DEFAULT_MODE",
                "          WORD:'replicated'  <== mode:DEFAULT_MODE",
                "          WORD:'route'  <== mode:DEFAULT_MODE)",
                "        COMMA:','  <== mode:DEFAULT_MODE",
                "        (code",
                "          PERCENT:'%'  <== mode:DEFAULT_MODE",
                "          DASH:'-'  <== mode:DEFAULT_MODE",
                "          WORD:'next'  <== mode:DEFAULT_MODE",
                "          WORD:'hop'  <== mode:DEFAULT_MODE",
                "          WORD:'override'  <== mode:DEFAULT_MODE)",
                "        NEWLINE:'\\n\\n'  <== mode:DEFAULT_MODE))",
                "    (gateway_header",
                "      GATEWAY:'Gateway'  <== mode:DEFAULT_MODE",
                "      WORD:'of'  <== mode:DEFAULT_MODE",
                "      WORD:'last'  <== mode:DEFAULT_MODE",
                "      WORD:'resort'  <== mode:DEFAULT_MODE",
                "      WORD:'is'  <== mode:DEFAULT_MODE",
                "      WORD:'not'  <== mode:DEFAULT_MODE",
                "      WORD:'set'  <== mode:DEFAULT_MODE",
                "      NEWLINE:'\\n\\n'  <== mode:DEFAULT_MODE)",
                "    (info",
                "      IP_PREFIX:'10.0.0.0/8'  <== mode:DEFAULT_MODE",
                "      IS_VARIABLY_SUBNETTED:'is variably subnetted'  <== mode:DEFAULT_MODE",
                "      COMMA:','  <== mode:DEFAULT_MODE",
                "      DEC:'26'  <== mode:DEFAULT_MODE",
                "      WORD:'subnets'  <== mode:DEFAULT_MODE",
                "      COMMA:','  <== mode:DEFAULT_MODE",
                "      DEC:'3'  <== mode:DEFAULT_MODE",
                "      WORD:'masks'  <== mode:DEFAULT_MODE",
                "      NEWLINE:'\\n'  <== mode:DEFAULT_MODE)",
                "    (route",
                "      (protocol",
                "        WORD:'B'  <== mode:DEFAULT_MODE)",
                "      IP_PREFIX:'10.1.1.0/24'  <== mode:DEFAULT_MODE",
                "      BRACKET_LEFT:'['  <== mode:DEFAULT_MODE",
                "      DEC:'20'  <== mode:DEFAULT_MODE",
                "      FORWARD_SLASH:'/'  <== mode:DEFAULT_MODE",
                "      DEC:'0'  <== mode:DEFAULT_MODE",
                "      BRACKET_RIGHT:']'  <== mode:DEFAULT_MODE",
                "      VIA:'via'  <== mode:DEFAULT_MODE",
                "      IP_ADDRESS:'10.10.10.17'  <== mode:DEFAULT_MODE",
                "      COMMA:','  <== mode:DEFAULT_MODE",
                "      (time",
                "        DEC:'01'  <== mode:DEFAULT_MODE",
                "        COLON:':'  <== mode:DEFAULT_MODE",
                "        DEC:'52'  <== mode:DEFAULT_MODE",
                "        COLON:':'  <== mode:DEFAULT_MODE",
                "        DEC:'08'  <== mode:DEFAULT_MODE)",
                "      NEWLINE:'\\n'  <== mode:DEFAULT_MODE)",
                "    (route",
                "      (protocol",
                "        WORD:'B'  <== mode:DEFAULT_MODE)",
                "      IP_PREFIX:'10.1.2.0/24'  <== mode:DEFAULT_MODE",
                "      BRACKET_LEFT:'['  <== mode:DEFAULT_MODE",
                "      DEC:'20'  <== mode:DEFAULT_MODE",
                "      FORWARD_SLASH:'/'  <== mode:DEFAULT_MODE",
                "      DEC:'0'  <== mode:DEFAULT_MODE",
                "      BRACKET_RIGHT:']'  <== mode:DEFAULT_MODE",
                "      VIA:'via'  <== mode:DEFAULT_MODE",
                "      IP_ADDRESS:'10.10.10.25'  <== mode:DEFAULT_MODE",
                "      COMMA:','  <== mode:DEFAULT_MODE",
                "      (time",
                "        DEC:'01'  <== mode:DEFAULT_MODE",
                "        COLON:':'  <== mode:DEFAULT_MODE",
                "        DEC:'52'  <== mode:DEFAULT_MODE",
                "        COLON:':'  <== mode:DEFAULT_MODE",
                "        DEC:'39'  <== mode:DEFAULT_MODE)",
                "      NEWLINE:'\\n'  <== mode:DEFAULT_MODE)",
                "    (route",
                "      (protocol",
                "        WORD:'O'  <== mode:DEFAULT_MODE)",
                "      IP_PREFIX:'10.10.10.0/30'  <== mode:DEFAULT_MODE",
                "      BRACKET_LEFT:'['  <== mode:DEFAULT_MODE",
                "      DEC:'110'  <== mode:DEFAULT_MODE",
                "      FORWARD_SLASH:'/'  <== mode:DEFAULT_MODE",
                "      DEC:'20'  <== mode:DEFAULT_MODE",
                "      BRACKET_RIGHT:']'  <== mode:DEFAULT_MODE",
                "      VIA:'via'  <== mode:DEFAULT_MODE",
                "      IP_ADDRESS:'10.10.10.17'  <== mode:DEFAULT_MODE",
                "      COMMA:','  <== mode:DEFAULT_MODE",
                "      (time",
                "        DEC:'01'  <== mode:DEFAULT_MODE",
                "        COLON:':'  <== mode:DEFAULT_MODE",
                "        DEC:'53'  <== mode:DEFAULT_MODE",
                "        COLON:':'  <== mode:DEFAULT_MODE",
                "        DEC:'25'  <== mode:DEFAULT_MODE)",
                "      COMMA:','  <== mode:DEFAULT_MODE",
                "      (identifier",
                "        WORD:'Ethernet1'  <== mode:DEFAULT_MODE",
                "        FORWARD_SLASH:'/'  <== mode:DEFAULT_MODE",
                "        DEC:'0'  <== mode:DEFAULT_MODE)",
                "      NEWLINE:'\\n'  <== mode:DEFAULT_MODE)",
                "    (route",
                "      (protocol",
                "        WORD:'O'  <== mode:DEFAULT_MODE)",
                "      IP_PREFIX:'10.10.10.4/30'  <== mode:DEFAULT_MODE",
                "      BRACKET_LEFT:'['  <== mode:DEFAULT_MODE",
                "      DEC:'110'  <== mode:DEFAULT_MODE",
                "      FORWARD_SLASH:'/'  <== mode:DEFAULT_MODE",
                "      DEC:'20'  <== mode:DEFAULT_MODE",
                "      BRACKET_RIGHT:']'  <== mode:DEFAULT_MODE",
                "      VIA:'via'  <== mode:DEFAULT_MODE",
                "      IP_ADDRESS:'10.10.10.25'  <== mode:DEFAULT_MODE",
                "      COMMA:','  <== mode:DEFAULT_MODE",
                "      (time",
                "        DEC:'01'  <== mode:DEFAULT_MODE",
                "        COLON:':'  <== mode:DEFAULT_MODE",
                "        DEC:'53'  <== mode:DEFAULT_MODE",
                "        COLON:':'  <== mode:DEFAULT_MODE",
                "        DEC:'25'  <== mode:DEFAULT_MODE)",
                "      COMMA:','  <== mode:DEFAULT_MODE",
                "      (identifier",
                "        WORD:'Ethernet1'  <== mode:DEFAULT_MODE",
                "        FORWARD_SLASH:'/'  <== mode:DEFAULT_MODE",
                "        DEC:'1'  <== mode:DEFAULT_MODE)",
                "      NEWLINE:'\\n'  <== mode:DEFAULT_MODE)",
                "    (route",
                "      (protocol",
                "        WORD:'O'  <== mode:DEFAULT_MODE)",
                "      IP_PREFIX:'10.10.10.8/30'  <== mode:DEFAULT_MODE",
                "      BRACKET_LEFT:'['  <== mode:DEFAULT_MODE",
                "      DEC:'110'  <== mode:DEFAULT_MODE",
                "      FORWARD_SLASH:'/'  <== mode:DEFAULT_MODE",
                "      DEC:'20'  <== mode:DEFAULT_MODE",
                "      BRACKET_RIGHT:']'  <== mode:DEFAULT_MODE",
                "      VIA:'via'  <== mode:DEFAULT_MODE",
                "      IP_ADDRESS:'10.10.10.17'  <== mode:DEFAULT_MODE",
                "      COMMA:','  <== mode:DEFAULT_MODE",
                "      (time",
                "        DEC:'01'  <== mode:DEFAULT_MODE",
                "        COLON:':'  <== mode:DEFAULT_MODE",
                "        DEC:'53'  <== mode:DEFAULT_MODE",
                "        COLON:':'  <== mode:DEFAULT_MODE",
                "        DEC:'25'  <== mode:DEFAULT_MODE)",
                "      COMMA:','  <== mode:DEFAULT_MODE",
                "      (identifier",
                "        WORD:'Ethernet1'  <== mode:DEFAULT_MODE",
                "        FORWARD_SLASH:'/'  <== mode:DEFAULT_MODE",
                "        DEC:'0'  <== mode:DEFAULT_MODE)",
                "      NEWLINE:'\\n'  <== mode:DEFAULT_MODE)",
                "    (route",
                "      (protocol",
                "        WORD:'O'  <== mode:DEFAULT_MODE)",
                "      IP_PREFIX:'10.10.10.12/30'  <== mode:DEFAULT_MODE",
                "      BRACKET_LEFT:'['  <== mode:DEFAULT_MODE",
                "      DEC:'110'  <== mode:DEFAULT_MODE",
                "      FORWARD_SLASH:'/'  <== mode:DEFAULT_MODE",
                "      DEC:'20'  <== mode:DEFAULT_MODE",
                "      BRACKET_RIGHT:']'  <== mode:DEFAULT_MODE",
                "      VIA:'via'  <== mode:DEFAULT_MODE",
                "      IP_ADDRESS:'10.10.10.25'  <== mode:DEFAULT_MODE",
                "      COMMA:','  <== mode:DEFAULT_MODE",
                "      (time",
                "        DEC:'01'  <== mode:DEFAULT_MODE",
                "        COLON:':'  <== mode:DEFAULT_MODE",
                "        DEC:'53'  <== mode:DEFAULT_MODE",
                "        COLON:':'  <== mode:DEFAULT_MODE",
                "        DEC:'25'  <== mode:DEFAULT_MODE)",
                "      COMMA:','  <== mode:DEFAULT_MODE",
                "      (identifier",
                "        WORD:'Ethernet1'  <== mode:DEFAULT_MODE",
                "        FORWARD_SLASH:'/'  <== mode:DEFAULT_MODE",
                "        DEC:'1'  <== mode:DEFAULT_MODE)",
                "      NEWLINE:'\\n'  <== mode:DEFAULT_MODE)",
                "    (route",
                "      (protocol",
                "        WORD:'C'  <== mode:DEFAULT_MODE)",
                "      IP_PREFIX:'10.10.10.16/30'  <== mode:DEFAULT_MODE",
                "      IS_DIRECTLY_CONNECTED:'is directly connected'  <== mode:DEFAULT_MODE",
                "      COMMA:','  <== mode:DEFAULT_MODE",
                "      (identifier",
                "        WORD:'Ethernet1'  <== mode:DEFAULT_MODE",
                "        FORWARD_SLASH:'/'  <== mode:DEFAULT_MODE",
                "        DEC:'0'  <== mode:DEFAULT_MODE)",
                "      NEWLINE:'\\n'  <== mode:DEFAULT_MODE)",
                "    (route",
                "      (protocol",
                "        WORD:'L'  <== mode:DEFAULT_MODE)",
                "      IP_PREFIX:'10.10.10.18/32'  <== mode:DEFAULT_MODE",
                "      IS_DIRECTLY_CONNECTED:'is directly connected'  <== mode:DEFAULT_MODE",
                "      COMMA:','  <== mode:DEFAULT_MODE",
                "      (identifier",
                "        WORD:'Ethernet1'  <== mode:DEFAULT_MODE",
                "        FORWARD_SLASH:'/'  <== mode:DEFAULT_MODE",
                "        DEC:'0'  <== mode:DEFAULT_MODE)",
                "      NEWLINE:'\\n'  <== mode:DEFAULT_MODE)",
                "    (route",
                "      (protocol",
                "        WORD:'O'  <== mode:DEFAULT_MODE)",
                "      IP_PREFIX:'10.10.10.20/30'  <== mode:DEFAULT_MODE",
                "      BRACKET_LEFT:'['  <== mode:DEFAULT_MODE",
                "      DEC:'110'  <== mode:DEFAULT_MODE",
                "      FORWARD_SLASH:'/'  <== mode:DEFAULT_MODE",
                "      DEC:'20'  <== mode:DEFAULT_MODE",
                "      BRACKET_RIGHT:']'  <== mode:DEFAULT_MODE",
                "      VIA:'via'  <== mode:DEFAULT_MODE",
                "      IP_ADDRESS:'10.10.10.17'  <== mode:DEFAULT_MODE",
                "      COMMA:','  <== mode:DEFAULT_MODE",
                "      (time",
                "        DEC:'01'  <== mode:DEFAULT_MODE",
                "        COLON:':'  <== mode:DEFAULT_MODE",
                "        DEC:'53'  <== mode:DEFAULT_MODE",
                "        COLON:':'  <== mode:DEFAULT_MODE",
                "        DEC:'25'  <== mode:DEFAULT_MODE)",
                "      COMMA:','  <== mode:DEFAULT_MODE",
                "      (identifier",
                "        WORD:'Ethernet1'  <== mode:DEFAULT_MODE",
                "        FORWARD_SLASH:'/'  <== mode:DEFAULT_MODE",
                "        DEC:'0'  <== mode:DEFAULT_MODE)",
                "      NEWLINE:'\\n'  <== mode:DEFAULT_MODE)",
                "    (route",
                "      (protocol",
                "        WORD:'C'  <== mode:DEFAULT_MODE)",
                "      IP_PREFIX:'10.10.10.24/30'  <== mode:DEFAULT_MODE",
                "      IS_DIRECTLY_CONNECTED:'is directly connected'  <== mode:DEFAULT_MODE",
                "      COMMA:','  <== mode:DEFAULT_MODE",
                "      (identifier",
                "        WORD:'Ethernet1'  <== mode:DEFAULT_MODE",
                "        FORWARD_SLASH:'/'  <== mode:DEFAULT_MODE",
                "        DEC:'1'  <== mode:DEFAULT_MODE)",
                "      NEWLINE:'\\n'  <== mode:DEFAULT_MODE)",
                "    (route",
                "      (protocol",
                "        WORD:'L'  <== mode:DEFAULT_MODE)",
                "      IP_PREFIX:'10.10.10.26/32'  <== mode:DEFAULT_MODE",
                "      IS_DIRECTLY_CONNECTED:'is directly connected'  <== mode:DEFAULT_MODE",
                "      COMMA:','  <== mode:DEFAULT_MODE",
                "      (identifier",
                "        WORD:'Ethernet1'  <== mode:DEFAULT_MODE",
                "        FORWARD_SLASH:'/'  <== mode:DEFAULT_MODE",
                "        DEC:'1'  <== mode:DEFAULT_MODE)",
                "      NEWLINE:'\\n'  <== mode:DEFAULT_MODE)",
                "    (route",
                "      (protocol",
                "        WORD:'O'  <== mode:DEFAULT_MODE)",
                "      IP_PREFIX:'10.10.10.28/30'  <== mode:DEFAULT_MODE",
                "      BRACKET_LEFT:'['  <== mode:DEFAULT_MODE",
                "      DEC:'110'  <== mode:DEFAULT_MODE",
                "      FORWARD_SLASH:'/'  <== mode:DEFAULT_MODE",
                "      DEC:'20'  <== mode:DEFAULT_MODE",
                "      BRACKET_RIGHT:']'  <== mode:DEFAULT_MODE",
                "      VIA:'via'  <== mode:DEFAULT_MODE",
                "      IP_ADDRESS:'10.10.10.25'  <== mode:DEFAULT_MODE",
                "      COMMA:','  <== mode:DEFAULT_MODE",
                "      (time",
                "        DEC:'01'  <== mode:DEFAULT_MODE",
                "        COLON:':'  <== mode:DEFAULT_MODE",
                "        DEC:'53'  <== mode:DEFAULT_MODE",
                "        COLON:':'  <== mode:DEFAULT_MODE",
                "        DEC:'25'  <== mode:DEFAULT_MODE)",
                "      COMMA:','  <== mode:DEFAULT_MODE",
                "      (identifier",
                "        WORD:'Ethernet1'  <== mode:DEFAULT_MODE",
                "        FORWARD_SLASH:'/'  <== mode:DEFAULT_MODE",
                "        DEC:'1'  <== mode:DEFAULT_MODE)",
                "      NEWLINE:'\\n'  <== mode:DEFAULT_MODE)",
                "    (route",
                "      (protocol",
                "        WORD:'C'  <== mode:DEFAULT_MODE)",
                "      IP_PREFIX:'10.10.10.32/30'  <== mode:DEFAULT_MODE",
                "      IS_DIRECTLY_CONNECTED:'is directly connected'  <== mode:DEFAULT_MODE",
                "      COMMA:','  <== mode:DEFAULT_MODE",
                "      (identifier",
                "        WORD:'Ethernet1'  <== mode:DEFAULT_MODE",
                "        FORWARD_SLASH:'/'  <== mode:DEFAULT_MODE",
                "        DEC:'2'  <== mode:DEFAULT_MODE)",
                "      NEWLINE:'\\n'  <== mode:DEFAULT_MODE)",
                "    (route",
                "      (protocol",
                "        WORD:'L'  <== mode:DEFAULT_MODE)",
                "      IP_PREFIX:'10.10.10.33/32'  <== mode:DEFAULT_MODE",
                "      IS_DIRECTLY_CONNECTED:'is directly connected'  <== mode:DEFAULT_MODE",
                "      COMMA:','  <== mode:DEFAULT_MODE",
                "      (identifier",
                "        WORD:'Ethernet1'  <== mode:DEFAULT_MODE",
                "        FORWARD_SLASH:'/'  <== mode:DEFAULT_MODE",
                "        DEC:'2'  <== mode:DEFAULT_MODE)",
                "      NEWLINE:'\\n'  <== mode:DEFAULT_MODE)",
                "    (route",
                "      (protocol",
                "        WORD:'C'  <== mode:DEFAULT_MODE)",
                "      IP_PREFIX:'10.10.10.36/30'  <== mode:DEFAULT_MODE",
                "      IS_DIRECTLY_CONNECTED:'is directly connected'  <== mode:DEFAULT_MODE",
                "      COMMA:','  <== mode:DEFAULT_MODE",
                "      (identifier",
                "        WORD:'Ethernet1'  <== mode:DEFAULT_MODE",
                "        FORWARD_SLASH:'/'  <== mode:DEFAULT_MODE",
                "        DEC:'3'  <== mode:DEFAULT_MODE)",
                "      NEWLINE:'\\n'  <== mode:DEFAULT_MODE)",
                "    (route",
                "      (protocol",
                "        WORD:'L'  <== mode:DEFAULT_MODE)",
                "      IP_PREFIX:'10.10.10.37/32'  <== mode:DEFAULT_MODE",
                "      IS_DIRECTLY_CONNECTED:'is directly connected'  <== mode:DEFAULT_MODE",
                "      COMMA:','  <== mode:DEFAULT_MODE",
                "      (identifier",
                "        WORD:'Ethernet1'  <== mode:DEFAULT_MODE",
                "        FORWARD_SLASH:'/'  <== mode:DEFAULT_MODE",
                "        DEC:'3'  <== mode:DEFAULT_MODE)",
                "      NEWLINE:'\\n'  <== mode:DEFAULT_MODE)",
                "    (route",
                "      (protocol",
                "        WORD:'O'  <== mode:DEFAULT_MODE)",
                "      IP_PREFIX:'10.10.10.40/30'  <== mode:DEFAULT_MODE",
                "      BRACKET_LEFT:'['  <== mode:DEFAULT_MODE",
                "      DEC:'110'  <== mode:DEFAULT_MODE",
                "      FORWARD_SLASH:'/'  <== mode:DEFAULT_MODE",
                "      DEC:'20'  <== mode:DEFAULT_MODE",
                "      BRACKET_RIGHT:']'  <== mode:DEFAULT_MODE",
                "      VIA:'via'  <== mode:DEFAULT_MODE",
                "      IP_ADDRESS:'10.10.10.34'  <== mode:DEFAULT_MODE",
                "      COMMA:','  <== mode:DEFAULT_MODE",
                "      (time",
                "        DEC:'01'  <== mode:DEFAULT_MODE",
                "        COLON:':'  <== mode:DEFAULT_MODE",
                "        DEC:'53'  <== mode:DEFAULT_MODE",
                "        COLON:':'  <== mode:DEFAULT_MODE",
                "        DEC:'25'  <== mode:DEFAULT_MODE)",
                "      COMMA:','  <== mode:DEFAULT_MODE",
                "      (identifier",
                "        WORD:'Ethernet1'  <== mode:DEFAULT_MODE",
                "        FORWARD_SLASH:'/'  <== mode:DEFAULT_MODE",
                "        DEC:'2'  <== mode:DEFAULT_MODE)",
                "      NEWLINE:'\\n'  <== mode:DEFAULT_MODE)",
                "    (route",
                "      (protocol",
                "        WORD:'O'  <== mode:DEFAULT_MODE)",
                "      IP_PREFIX:'10.10.10.44/30'  <== mode:DEFAULT_MODE",
                "      BRACKET_LEFT:'['  <== mode:DEFAULT_MODE",
                "      DEC:'110'  <== mode:DEFAULT_MODE",
                "      FORWARD_SLASH:'/'  <== mode:DEFAULT_MODE",
                "      DEC:'20'  <== mode:DEFAULT_MODE",
                "      BRACKET_RIGHT:']'  <== mode:DEFAULT_MODE",
                "      VIA:'via'  <== mode:DEFAULT_MODE",
                "      IP_ADDRESS:'10.10.10.38'  <== mode:DEFAULT_MODE",
                "      COMMA:','  <== mode:DEFAULT_MODE",
                "      (time",
                "        DEC:'01'  <== mode:DEFAULT_MODE",
                "        COLON:':'  <== mode:DEFAULT_MODE",
                "        DEC:'53'  <== mode:DEFAULT_MODE",
                "        COLON:':'  <== mode:DEFAULT_MODE",
                "        DEC:'25'  <== mode:DEFAULT_MODE)",
                "      COMMA:','  <== mode:DEFAULT_MODE",
                "      (identifier",
                "        WORD:'Ethernet1'  <== mode:DEFAULT_MODE",
                "        FORWARD_SLASH:'/'  <== mode:DEFAULT_MODE",
                "        DEC:'3'  <== mode:DEFAULT_MODE)",
                "      NEWLINE:'\\n'  <== mode:DEFAULT_MODE)",
                "    (route",
                "      (protocol",
                "        WORD:'O'  <== mode:DEFAULT_MODE)",
                "      IP_PREFIX:'10.10.255.1/32'  <== mode:DEFAULT_MODE",
                "      BRACKET_LEFT:'['  <== mode:DEFAULT_MODE",
                "      DEC:'110'  <== mode:DEFAULT_MODE",
                "      FORWARD_SLASH:'/'  <== mode:DEFAULT_MODE",
                "      DEC:'21'  <== mode:DEFAULT_MODE",
                "      BRACKET_RIGHT:']'  <== mode:DEFAULT_MODE",
                "      VIA:'via'  <== mode:DEFAULT_MODE",
                "      IP_ADDRESS:'10.10.10.25'  <== mode:DEFAULT_MODE",
                "      COMMA:','  <== mode:DEFAULT_MODE",
                "      (time",
                "        DEC:'01'  <== mode:DEFAULT_MODE",
                "        COLON:':'  <== mode:DEFAULT_MODE",
                "        DEC:'53'  <== mode:DEFAULT_MODE",
                "        COLON:':'  <== mode:DEFAULT_MODE",
                "        DEC:'25'  <== mode:DEFAULT_MODE)",
                "      COMMA:','  <== mode:DEFAULT_MODE",
                "      (identifier",
                "        WORD:'Ethernet1'  <== mode:DEFAULT_MODE",
                "        FORWARD_SLASH:'/'  <== mode:DEFAULT_MODE",
                "        DEC:'1'  <== mode:DEFAULT_MODE)",
                "      NEWLINE:'\\n'  <== mode:DEFAULT_MODE",
                "      BRACKET_LEFT:'['  <== mode:DEFAULT_MODE",
                "      DEC:'110'  <== mode:DEFAULT_MODE",
                "      FORWARD_SLASH:'/'  <== mode:DEFAULT_MODE",
                "      DEC:'21'  <== mode:DEFAULT_MODE",
                "      BRACKET_RIGHT:']'  <== mode:DEFAULT_MODE",
                "      VIA:'via'  <== mode:DEFAULT_MODE",
                "      IP_ADDRESS:'10.10.10.17'  <== mode:DEFAULT_MODE",
                "      COMMA:','  <== mode:DEFAULT_MODE",
                "      (time",
                "        DEC:'01'  <== mode:DEFAULT_MODE",
                "        COLON:':'  <== mode:DEFAULT_MODE",
                "        DEC:'53'  <== mode:DEFAULT_MODE",
                "        COLON:':'  <== mode:DEFAULT_MODE",
                "        DEC:'25'  <== mode:DEFAULT_MODE)",
                "      COMMA:','  <== mode:DEFAULT_MODE",
                "      (identifier",
                "        WORD:'Ethernet1'  <== mode:DEFAULT_MODE",
                "        FORWARD_SLASH:'/'  <== mode:DEFAULT_MODE",
                "        DEC:'0'  <== mode:DEFAULT_MODE)",
                "      NEWLINE:'\\n'  <== mode:DEFAULT_MODE)",
                "    (route",
                "      (protocol",
                "        WORD:'O'  <== mode:DEFAULT_MODE)",
                "      IP_PREFIX:'10.10.255.2/32'  <== mode:DEFAULT_MODE",
                "      BRACKET_LEFT:'['  <== mode:DEFAULT_MODE",
                "      DEC:'110'  <== mode:DEFAULT_MODE",
                "      FORWARD_SLASH:'/'  <== mode:DEFAULT_MODE",
                "      DEC:'21'  <== mode:DEFAULT_MODE",
                "      BRACKET_RIGHT:']'  <== mode:DEFAULT_MODE",
                "      VIA:'via'  <== mode:DEFAULT_MODE",
                "      IP_ADDRESS:'10.10.10.25'  <== mode:DEFAULT_MODE",
                "      COMMA:','  <== mode:DEFAULT_MODE",
                "      (time",
                "        DEC:'01'  <== mode:DEFAULT_MODE",
                "        COLON:':'  <== mode:DEFAULT_MODE",
                "        DEC:'53'  <== mode:DEFAULT_MODE",
                "        COLON:':'  <== mode:DEFAULT_MODE",
                "        DEC:'25'  <== mode:DEFAULT_MODE)",
                "      COMMA:','  <== mode:DEFAULT_MODE",
                "      (identifier",
                "        WORD:'Ethernet1'  <== mode:DEFAULT_MODE",
                "        FORWARD_SLASH:'/'  <== mode:DEFAULT_MODE",
                "        DEC:'1'  <== mode:DEFAULT_MODE)",
                "      NEWLINE:'\\n'  <== mode:DEFAULT_MODE",
                "      BRACKET_LEFT:'['  <== mode:DEFAULT_MODE",
                "      DEC:'110'  <== mode:DEFAULT_MODE",
                "      FORWARD_SLASH:'/'  <== mode:DEFAULT_MODE",
                "      DEC:'21'  <== mode:DEFAULT_MODE",
                "      BRACKET_RIGHT:']'  <== mode:DEFAULT_MODE",
                "      VIA:'via'  <== mode:DEFAULT_MODE",
                "      IP_ADDRESS:'10.10.10.17'  <== mode:DEFAULT_MODE",
                "      COMMA:','  <== mode:DEFAULT_MODE",
                "      (time",
                "        DEC:'01'  <== mode:DEFAULT_MODE",
                "        COLON:':'  <== mode:DEFAULT_MODE",
                "        DEC:'53'  <== mode:DEFAULT_MODE",
                "        COLON:':'  <== mode:DEFAULT_MODE",
                "        DEC:'25'  <== mode:DEFAULT_MODE)",
                "      COMMA:','  <== mode:DEFAULT_MODE",
                "      (identifier",
                "        WORD:'Ethernet1'  <== mode:DEFAULT_MODE",
                "        FORWARD_SLASH:'/'  <== mode:DEFAULT_MODE",
                "        DEC:'0'  <== mode:DEFAULT_MODE)",
                "      NEWLINE:'\\n'  <== mode:DEFAULT_MODE)",
                "    (route",
                "      (protocol",
                "        WORD:'O'  <== mode:DEFAULT_MODE)",
                "      IP_PREFIX:'10.10.255.3/32'  <== mode:DEFAULT_MODE",
                "      BRACKET_LEFT:'['  <== mode:DEFAULT_MODE",
                "      DEC:'110'  <== mode:DEFAULT_MODE",
                "      FORWARD_SLASH:'/'  <== mode:DEFAULT_MODE",
                "      DEC:'11'  <== mode:DEFAULT_MODE",
                "      BRACKET_RIGHT:']'  <== mode:DEFAULT_MODE",
                "      VIA:'via'  <== mode:DEFAULT_MODE",
                "      IP_ADDRESS:'10.10.10.17'  <== mode:DEFAULT_MODE",
                "      COMMA:','  <== mode:DEFAULT_MODE",
                "      (time",
                "        DEC:'01'  <== mode:DEFAULT_MODE",
                "        COLON:':'  <== mode:DEFAULT_MODE",
                "        DEC:'53'  <== mode:DEFAULT_MODE",
                "        COLON:':'  <== mode:DEFAULT_MODE",
                "        DEC:'25'  <== mode:DEFAULT_MODE)",
                "      COMMA:','  <== mode:DEFAULT_MODE",
                "      (identifier",
                "        WORD:'Ethernet1'  <== mode:DEFAULT_MODE",
                "        FORWARD_SLASH:'/'  <== mode:DEFAULT_MODE",
                "        DEC:'0'  <== mode:DEFAULT_MODE)",
                "      NEWLINE:'\\n'  <== mode:DEFAULT_MODE)",
                "    (route",
                "      (protocol",
                "        WORD:'O'  <== mode:DEFAULT_MODE)",
                "      IP_PREFIX:'10.10.255.4/32'  <== mode:DEFAULT_MODE",
                "      BRACKET_LEFT:'['  <== mode:DEFAULT_MODE",
                "      DEC:'110'  <== mode:DEFAULT_MODE",
                "      FORWARD_SLASH:'/'  <== mode:DEFAULT_MODE",
                "      DEC:'11'  <== mode:DEFAULT_MODE",
                "      BRACKET_RIGHT:']'  <== mode:DEFAULT_MODE",
                "      VIA:'via'  <== mode:DEFAULT_MODE",
                "      IP_ADDRESS:'10.10.10.25'  <== mode:DEFAULT_MODE",
                "      COMMA:','  <== mode:DEFAULT_MODE",
                "      (time",
                "        DEC:'01'  <== mode:DEFAULT_MODE",
                "        COLON:':'  <== mode:DEFAULT_MODE",
                "        DEC:'53'  <== mode:DEFAULT_MODE",
                "        COLON:':'  <== mode:DEFAULT_MODE",
                "        DEC:'25'  <== mode:DEFAULT_MODE)",
                "      COMMA:','  <== mode:DEFAULT_MODE",
                "      (identifier",
                "        WORD:'Ethernet1'  <== mode:DEFAULT_MODE",
                "        FORWARD_SLASH:'/'  <== mode:DEFAULT_MODE",
                "        DEC:'1'  <== mode:DEFAULT_MODE)",
                "      NEWLINE:'\\n'  <== mode:DEFAULT_MODE)",
                "    (route",
                "      (protocol",
                "        WORD:'C'  <== mode:DEFAULT_MODE)",
                "      IP_PREFIX:'10.10.255.5/32'  <== mode:DEFAULT_MODE",
                "      IS_DIRECTLY_CONNECTED:'is directly connected'  <== mode:DEFAULT_MODE",
                "      COMMA:','  <== mode:DEFAULT_MODE",
                "      (identifier",
                "        WORD:'Loopback0'  <== mode:DEFAULT_MODE)",
                "      NEWLINE:'\\n'  <== mode:DEFAULT_MODE)",
                "    (route",
                "      (protocol",
                "        WORD:'O'  <== mode:DEFAULT_MODE)",
                "      IP_PREFIX:'10.10.255.6/32'  <== mode:DEFAULT_MODE",
                "      BRACKET_LEFT:'['  <== mode:DEFAULT_MODE",
                "      DEC:'110'  <== mode:DEFAULT_MODE",
                "      FORWARD_SLASH:'/'  <== mode:DEFAULT_MODE",
                "      DEC:'21'  <== mode:DEFAULT_MODE",
                "      BRACKET_RIGHT:']'  <== mode:DEFAULT_MODE",
                "      VIA:'via'  <== mode:DEFAULT_MODE",
                "      IP_ADDRESS:'10.10.10.38'  <== mode:DEFAULT_MODE",
                "      COMMA:','  <== mode:DEFAULT_MODE",
                "      (time",
                "        DEC:'01'  <== mode:DEFAULT_MODE",
                "        COLON:':'  <== mode:DEFAULT_MODE",
                "        DEC:'53'  <== mode:DEFAULT_MODE",
                "        COLON:':'  <== mode:DEFAULT_MODE",
                "        DEC:'25'  <== mode:DEFAULT_MODE)",
                "      COMMA:','  <== mode:DEFAULT_MODE",
                "      (identifier",
                "        WORD:'Ethernet1'  <== mode:DEFAULT_MODE",
                "        FORWARD_SLASH:'/'  <== mode:DEFAULT_MODE",
                "        DEC:'3'  <== mode:DEFAULT_MODE)",
                "      NEWLINE:'\\n'  <== mode:DEFAULT_MODE",
                "      BRACKET_LEFT:'['  <== mode:DEFAULT_MODE",
                "      DEC:'110'  <== mode:DEFAULT_MODE",
                "      FORWARD_SLASH:'/'  <== mode:DEFAULT_MODE",
                "      DEC:'21'  <== mode:DEFAULT_MODE",
                "      BRACKET_RIGHT:']'  <== mode:DEFAULT_MODE",
                "      VIA:'via'  <== mode:DEFAULT_MODE",
                "      IP_ADDRESS:'10.10.10.34'  <== mode:DEFAULT_MODE",
                "      COMMA:','  <== mode:DEFAULT_MODE",
                "      (time",
                "        DEC:'01'  <== mode:DEFAULT_MODE",
                "        COLON:':'  <== mode:DEFAULT_MODE",
                "        DEC:'53'  <== mode:DEFAULT_MODE",
                "        COLON:':'  <== mode:DEFAULT_MODE",
                "        DEC:'25'  <== mode:DEFAULT_MODE)",
                "      COMMA:','  <== mode:DEFAULT_MODE",
                "      (identifier",
                "        WORD:'Ethernet1'  <== mode:DEFAULT_MODE",
                "        FORWARD_SLASH:'/'  <== mode:DEFAULT_MODE",
                "        DEC:'2'  <== mode:DEFAULT_MODE)",
                "      NEWLINE:'\\n'  <== mode:DEFAULT_MODE",
                "      BRACKET_LEFT:'['  <== mode:DEFAULT_MODE",
                "      DEC:'110'  <== mode:DEFAULT_MODE",
                "      FORWARD_SLASH:'/'  <== mode:DEFAULT_MODE",
                "      DEC:'21'  <== mode:DEFAULT_MODE",
                "      BRACKET_RIGHT:']'  <== mode:DEFAULT_MODE",
                "      VIA:'via'  <== mode:DEFAULT_MODE",
                "      IP_ADDRESS:'10.10.10.25'  <== mode:DEFAULT_MODE",
                "      COMMA:','  <== mode:DEFAULT_MODE",
                "      (time",
                "        DEC:'01'  <== mode:DEFAULT_MODE",
                "        COLON:':'  <== mode:DEFAULT_MODE",
                "        DEC:'53'  <== mode:DEFAULT_MODE",
                "        COLON:':'  <== mode:DEFAULT_MODE",
                "        DEC:'25'  <== mode:DEFAULT_MODE)",
                "      COMMA:','  <== mode:DEFAULT_MODE",
                "      (identifier",
                "        WORD:'Ethernet1'  <== mode:DEFAULT_MODE",
                "        FORWARD_SLASH:'/'  <== mode:DEFAULT_MODE",
                "        DEC:'1'  <== mode:DEFAULT_MODE)",
                "      NEWLINE:'\\n'  <== mode:DEFAULT_MODE",
                "      BRACKET_LEFT:'['  <== mode:DEFAULT_MODE",
                "      DEC:'110'  <== mode:DEFAULT_MODE",
                "      FORWARD_SLASH:'/'  <== mode:DEFAULT_MODE",
                "      DEC:'21'  <== mode:DEFAULT_MODE",
                "      BRACKET_RIGHT:']'  <== mode:DEFAULT_MODE",
                "      VIA:'via'  <== mode:DEFAULT_MODE",
                "      IP_ADDRESS:'10.10.10.17'  <== mode:DEFAULT_MODE",
                "      COMMA:','  <== mode:DEFAULT_MODE",
                "      (time",
                "        DEC:'01'  <== mode:DEFAULT_MODE",
                "        COLON:':'  <== mode:DEFAULT_MODE",
                "        DEC:'53'  <== mode:DEFAULT_MODE",
                "        COLON:':'  <== mode:DEFAULT_MODE",
                "        DEC:'25'  <== mode:DEFAULT_MODE)",
                "      COMMA:','  <== mode:DEFAULT_MODE",
                "      (identifier",
                "        WORD:'Ethernet1'  <== mode:DEFAULT_MODE",
                "        FORWARD_SLASH:'/'  <== mode:DEFAULT_MODE",
                "        DEC:'0'  <== mode:DEFAULT_MODE)",
                "      NEWLINE:'\\n'  <== mode:DEFAULT_MODE)",
                "    (route",
                "      (protocol",
                "        WORD:'O'  <== mode:DEFAULT_MODE)",
                "      IP_PREFIX:'10.10.255.7/32'  <== mode:DEFAULT_MODE",
                "      BRACKET_LEFT:'['  <== mode:DEFAULT_MODE",
                "      DEC:'110'  <== mode:DEFAULT_MODE",
                "      FORWARD_SLASH:'/'  <== mode:DEFAULT_MODE",
                "      DEC:'11'  <== mode:DEFAULT_MODE",
                "      BRACKET_RIGHT:']'  <== mode:DEFAULT_MODE",
                "      VIA:'via'  <== mode:DEFAULT_MODE",
                "      IP_ADDRESS:'10.10.10.34'  <== mode:DEFAULT_MODE",
                "      COMMA:','  <== mode:DEFAULT_MODE",
                "      (time",
                "        DEC:'01'  <== mode:DEFAULT_MODE",
                "        COLON:':'  <== mode:DEFAULT_MODE",
                "        DEC:'53'  <== mode:DEFAULT_MODE",
                "        COLON:':'  <== mode:DEFAULT_MODE",
                "        DEC:'25'  <== mode:DEFAULT_MODE)",
                "      COMMA:','  <== mode:DEFAULT_MODE",
                "      (identifier",
                "        WORD:'Ethernet1'  <== mode:DEFAULT_MODE",
                "        FORWARD_SLASH:'/'  <== mode:DEFAULT_MODE",
                "        DEC:'2'  <== mode:DEFAULT_MODE)",
                "      NEWLINE:'\\n'  <== mode:DEFAULT_MODE)",
                "    (route",
                "      (protocol",
                "        WORD:'O'  <== mode:DEFAULT_MODE)",
                "      IP_PREFIX:'10.10.255.8/32'  <== mode:DEFAULT_MODE",
                "      BRACKET_LEFT:'['  <== mode:DEFAULT_MODE",
                "      DEC:'110'  <== mode:DEFAULT_MODE",
                "      FORWARD_SLASH:'/'  <== mode:DEFAULT_MODE",
                "      DEC:'11'  <== mode:DEFAULT_MODE",
                "      BRACKET_RIGHT:']'  <== mode:DEFAULT_MODE",
                "      VIA:'via'  <== mode:DEFAULT_MODE",
                "      IP_ADDRESS:'10.10.10.38'  <== mode:DEFAULT_MODE",
                "      COMMA:','  <== mode:DEFAULT_MODE",
                "      (time",
                "        DEC:'01'  <== mode:DEFAULT_MODE",
                "        COLON:':'  <== mode:DEFAULT_MODE",
                "        DEC:'53'  <== mode:DEFAULT_MODE",
                "        COLON:':'  <== mode:DEFAULT_MODE",
                "        DEC:'25'  <== mode:DEFAULT_MODE)",
                "      COMMA:','  <== mode:DEFAULT_MODE",
                "      (identifier",
                "        WORD:'Ethernet1'  <== mode:DEFAULT_MODE",
                "        FORWARD_SLASH:'/'  <== mode:DEFAULT_MODE",
                "        DEC:'3'  <== mode:DEFAULT_MODE)",
                "      NEWLINE:'\\n\\n\\n'  <== mode:DEFAULT_MODE))",
                "  EOF:<EOF>  <== mode:DEFAULT_MODE)"
              ]
            }
          }
        }
      }
    }
  ],
  "question" : {
    "class" : "org.batfish.question.InitInfoQuestionPlugin$InitInfoQuestion",
    "components" : [
      "ROUTING_TABLES"
    ],
    "differential" : false,
    "summary" : false,
    "verboseError" : false
  },
  "status" : "SUCCESS",
  "summary" : {
    "numFailed" : 0,
    "numPassed" : 0,
    "numResults" : 0
  }
}
